Information: Propagating switching activity (high effort zero delay simulation). (PWR-6)
Warning: Design has unannotated primary inputs. (PWR-414)
Warning: Design has unannotated sequential cell outputs. (PWR-415)
 
****************************************
Report : power
        -analysis_effort high
Design : static_pg_top
Version: R-2020.09-SP5-5
Date   : Sun Jun 28 18:10:12 2026
****************************************


Library(s) Used:

    saed14lvt_tt0p8v25c (File: /usr/synopsys/saed/stdcell_lvt/db_nldm/saed14lvt_tt0p8v25c.db)


Operating Conditions: tt0p8v25c   Library: saed14lvt_tt0p8v25c
Wire Load Model Mode: top

Design        Wire Load Model            Library
------------------------------------------------
static_pg_top          8000              saed14lvt_tt0p8v25c


Global Operating Voltage = 0.8  
Power-specific unit information :
    Voltage Units = 1V
    Capacitance Units = 1.000000ff
    Time Units = 1ns
    Dynamic Power Units = 1uW    (derived from V,C,T units)
    Leakage Power Units = 1pW


  Cell Internal Power  =  11.5149 uW   (69%)
  Net Switching Power  =   5.1865 uW   (31%)
                         ---------
Total Dynamic Power    =  16.7013 uW  (100%)

Cell Leakage Power     = 785.6842 nW


                 Internal         Switching           Leakage            Total
Power Group      Power            Power               Power              Power   (   %    )  Attrs
--------------------------------------------------------------------------------------------------
io_pad             0.0000            0.0000            0.0000            0.0000  (   0.00%)
memory             0.0000            0.0000            0.0000            0.0000  (   0.00%)
black_box          0.0000            0.0000            0.0000            0.0000  (   0.00%)
clock_network      0.0000            0.0000            0.0000            0.0000  (   0.00%)
register           9.4033            0.2104        1.5453e+05            9.7682  (  55.86%)
sequential         0.0000            0.0000            0.0000            0.0000  (   0.00%)
combinational      2.1116            4.9760        6.2971e+05            7.7174  (  44.14%)
--------------------------------------------------------------------------------------------------
Total             11.5149 uW         5.1865 uW     7.8424e+05 pW        17.4856 uW
1
