****************************************
Report : timing
        -path_type full
        -delay_type max
        -max_paths 5
        -report_by design
Design : static_pg_top
Version: U-2022.12-SP5
Date   : Sun Jun 28 20:49:13 2026
****************************************

  Startpoint: op[3] (input port clocked by clk)
  Endpoint: u_alu/result_reg[29] (rising edge-triggered flip-flop clocked by clk)
  Mode: default
  Corner: default
  Scenario: default
  Path Group: **in2reg_default**
  Path Type: max

  Point                                            Incr      Path  
  ------------------------------------------------------------------------
  clock clk (rise edge)                            0.00      0.00
  clock network delay (ideal)                      0.00      0.00
  input external delay                             1.00      1.00 f
  op[3] (in)                                       0.00      1.00 f
  u_alu/U743/X (SAEDLVT14_NR2_MM_0P5)              0.01      1.01 r
  u_alu/ctmTdsLR_1_14/X (SAEDLVT14_ND2B_U_0P5)     0.02      1.02 f
  u_alu/U518/X (SAEDLVT14_NR2_MM_1)                0.08      1.10 r
  u_alu/U485/X (SAEDLVT14_EO2_1)                   0.03      1.13 f
  u_alu/DP_OP_23J1_122_7706/U33/CO (SAEDLVT14_ADDF_V1_0P5)
                                                   0.02      1.15 f
  u_alu/DP_OP_23J1_122_7706/U32/CO (SAEDLVT14_ADDF_V1_0P5)
                                                   0.03      1.18 f
  u_alu/DP_OP_23J1_122_7706/U31/CO (SAEDLVT14_ADDF_V1_0P5)
                                                   0.03      1.21 f
  u_alu/DP_OP_23J1_122_7706/U30/CO (SAEDLVT14_ADDF_V1_0P5)
                                                   0.03      1.23 f
  u_alu/DP_OP_23J1_122_7706/U29/CO (SAEDLVT14_ADDF_V1_0P5)
                                                   0.03      1.26 f
  u_alu/DP_OP_23J1_122_7706/U28/CO (SAEDLVT14_ADDF_V1_0P5)
                                                   0.03      1.28 f
  u_alu/DP_OP_23J1_122_7706/U27/CO (SAEDLVT14_ADDF_V1_0P5)
                                                   0.03      1.31 f
  u_alu/DP_OP_23J1_122_7706/U26/CO (SAEDLVT14_ADDF_V1_0P5)
                                                   0.03      1.33 f
  u_alu/DP_OP_23J1_122_7706/U25/CO (SAEDLVT14_ADDF_V1_0P5)
                                                   0.02      1.36 f
  u_alu/DP_OP_23J1_122_7706/U24/CO (SAEDLVT14_ADDF_V1_0P5)
                                                   0.03      1.38 f
  u_alu/DP_OP_23J1_122_7706/U23/CO (SAEDLVT14_ADDF_V1_0P5)
                                                   0.03      1.41 f
  u_alu/DP_OP_23J1_122_7706/U22/CO (SAEDLVT14_ADDF_V1_0P5)
                                                   0.03      1.44 f
  u_alu/DP_OP_23J1_122_7706/U21/CO (SAEDLVT14_ADDF_V1_0P5)
                                                   0.03      1.46 f
  u_alu/DP_OP_23J1_122_7706/U20/CO (SAEDLVT14_ADDF_V1_0P5)
                                                   0.03      1.49 f
  u_alu/DP_OP_23J1_122_7706/U19/CO (SAEDLVT14_ADDF_V1_0P5)
                                                   0.03      1.51 f
  u_alu/DP_OP_23J1_122_7706/U18/CO (SAEDLVT14_ADDF_V1_0P5)
                                                   0.03      1.54 f
  u_alu/DP_OP_23J1_122_7706/U17/CO (SAEDLVT14_ADDF_V1_0P5)
                                                   0.03      1.57 f
  u_alu/DP_OP_23J1_122_7706/U16/CO (SAEDLVT14_ADDF_V1_0P5)
                                                   0.03      1.59 f
  u_alu/DP_OP_23J1_122_7706/U15/CO (SAEDLVT14_ADDF_V1_0P5)
                                                   0.03      1.62 f
  u_alu/DP_OP_23J1_122_7706/U14/CO (SAEDLVT14_ADDF_V1_0P5)
                                                   0.03      1.65 f
  u_alu/DP_OP_23J1_122_7706/U13/CO (SAEDLVT14_ADDF_V1_0P5)
                                                   0.03      1.67 f
  u_alu/DP_OP_23J1_122_7706/U12/CO (SAEDLVT14_ADDF_V1_0P5)
                                                   0.03      1.70 f
  u_alu/DP_OP_23J1_122_7706/U11/CO (SAEDLVT14_ADDF_V1_0P5)
                                                   0.02      1.72 f
  u_alu/DP_OP_23J1_122_7706/U10/CO (SAEDLVT14_ADDF_V1_0P5)
                                                   0.02      1.75 f
  u_alu/DP_OP_23J1_122_7706/U9/CO (SAEDLVT14_ADDF_V1_0P5)
                                                   0.03      1.77 f
  u_alu/DP_OP_23J1_122_7706/U8/CO (SAEDLVT14_ADDF_V1_0P5)
                                                   0.02      1.80 f
  u_alu/DP_OP_23J1_122_7706/U7/CO (SAEDLVT14_ADDF_V1_0P5)
                                                   0.02      1.82 f
  u_alu/DP_OP_23J1_122_7706/U6/CO (SAEDLVT14_ADDF_V1_0P5)
                                                   0.03      1.85 f
  u_alu/DP_OP_23J1_122_7706/U5/CO (SAEDLVT14_ADDF_V1_0P5)
                                                   0.03      1.88 f
  u_alu/DP_OP_23J1_122_7706/U4/S (SAEDLVT14_ADDF_V1_0P5)
                                                   0.03      1.91 r
  u_alu/U11/X (SAEDLVT14_AO21_U_0P5)               0.01      1.92 r
  u_alu/U10/X (SAEDLVT14_AOI21_0P75)               0.01      1.93 f
  u_alu/U7/X (SAEDLVT14_AOI21_0P75)                0.02      1.95 r
  u_alu/U5/X (SAEDLVT14_AOI21_0P75)                0.02      1.97 f
  u_alu/U4/X (SAEDLVT14_OAI21_0P5)                 0.02      2.00 r
  u_alu/result_reg[29]/D (SAEDLVT14_FDP_V2LP_1)    0.00      2.00 r
  data arrival time                                          2.00

  clock clk (rise edge)                            5.00      5.00
  clock network delay (ideal)                      0.00      5.00
  u_alu/result_reg[29]/CK (SAEDLVT14_FDP_V2LP_1)   0.00      5.00 r
  library setup time                              -0.02      4.98
  data required time                                         4.98
  ------------------------------------------------------------------------
  data required time                                         4.98
  data arrival time                                         -2.00
  ------------------------------------------------------------------------
  slack (MET)                                                2.99



  Startpoint: op[3] (input port clocked by clk)
  Endpoint: u_alu/result_reg[31] (rising edge-triggered flip-flop clocked by clk)
  Mode: default
  Corner: default
  Scenario: default
  Path Group: **in2reg_default**
  Path Type: max

  Point                                            Incr      Path  
  ------------------------------------------------------------------------
  clock clk (rise edge)                            0.00      0.00
  clock network delay (ideal)                      0.00      0.00
  input external delay                             1.00      1.00 f
  op[3] (in)                                       0.00      1.00 f
  u_alu/U743/X (SAEDLVT14_NR2_MM_0P5)              0.01      1.01 r
  u_alu/ctmTdsLR_1_14/X (SAEDLVT14_ND2B_U_0P5)     0.02      1.02 f
  u_alu/U518/X (SAEDLVT14_NR2_MM_1)                0.08      1.10 r
  u_alu/U485/X (SAEDLVT14_EO2_1)                   0.03      1.13 f
  u_alu/DP_OP_23J1_122_7706/U33/CO (SAEDLVT14_ADDF_V1_0P5)
                                                   0.02      1.15 f
  u_alu/DP_OP_23J1_122_7706/U32/CO (SAEDLVT14_ADDF_V1_0P5)
                                                   0.03      1.18 f
  u_alu/DP_OP_23J1_122_7706/U31/CO (SAEDLVT14_ADDF_V1_0P5)
                                                   0.03      1.21 f
  u_alu/DP_OP_23J1_122_7706/U30/CO (SAEDLVT14_ADDF_V1_0P5)
                                                   0.03      1.23 f
  u_alu/DP_OP_23J1_122_7706/U29/CO (SAEDLVT14_ADDF_V1_0P5)
                                                   0.03      1.26 f
  u_alu/DP_OP_23J1_122_7706/U28/CO (SAEDLVT14_ADDF_V1_0P5)
                                                   0.03      1.28 f
  u_alu/DP_OP_23J1_122_7706/U27/CO (SAEDLVT14_ADDF_V1_0P5)
                                                   0.03      1.31 f
  u_alu/DP_OP_23J1_122_7706/U26/CO (SAEDLVT14_ADDF_V1_0P5)
                                                   0.03      1.33 f
  u_alu/DP_OP_23J1_122_7706/U25/CO (SAEDLVT14_ADDF_V1_0P5)
                                                   0.02      1.36 f
  u_alu/DP_OP_23J1_122_7706/U24/CO (SAEDLVT14_ADDF_V1_0P5)
                                                   0.03      1.38 f
  u_alu/DP_OP_23J1_122_7706/U23/CO (SAEDLVT14_ADDF_V1_0P5)
                                                   0.03      1.41 f
  u_alu/DP_OP_23J1_122_7706/U22/CO (SAEDLVT14_ADDF_V1_0P5)
                                                   0.03      1.44 f
  u_alu/DP_OP_23J1_122_7706/U21/CO (SAEDLVT14_ADDF_V1_0P5)
                                                   0.03      1.46 f
  u_alu/DP_OP_23J1_122_7706/U20/CO (SAEDLVT14_ADDF_V1_0P5)
                                                   0.03      1.49 f
  u_alu/DP_OP_23J1_122_7706/U19/CO (SAEDLVT14_ADDF_V1_0P5)
                                                   0.03      1.51 f
  u_alu/DP_OP_23J1_122_7706/U18/CO (SAEDLVT14_ADDF_V1_0P5)
                                                   0.03      1.54 f
  u_alu/DP_OP_23J1_122_7706/U17/CO (SAEDLVT14_ADDF_V1_0P5)
                                                   0.03      1.57 f
  u_alu/DP_OP_23J1_122_7706/U16/CO (SAEDLVT14_ADDF_V1_0P5)
                                                   0.03      1.59 f
  u_alu/DP_OP_23J1_122_7706/U15/CO (SAEDLVT14_ADDF_V1_0P5)
                                                   0.03      1.62 f
  u_alu/DP_OP_23J1_122_7706/U14/CO (SAEDLVT14_ADDF_V1_0P5)
                                                   0.03      1.65 f
  u_alu/DP_OP_23J1_122_7706/U13/CO (SAEDLVT14_ADDF_V1_0P5)
                                                   0.03      1.67 f
  u_alu/DP_OP_23J1_122_7706/U12/CO (SAEDLVT14_ADDF_V1_0P5)
                                                   0.03      1.70 f
  u_alu/DP_OP_23J1_122_7706/U11/CO (SAEDLVT14_ADDF_V1_0P5)
                                                   0.02      1.72 f
  u_alu/DP_OP_23J1_122_7706/U10/CO (SAEDLVT14_ADDF_V1_0P5)
                                                   0.02      1.75 f
  u_alu/DP_OP_23J1_122_7706/U9/CO (SAEDLVT14_ADDF_V1_0P5)
                                                   0.03      1.77 f
  u_alu/DP_OP_23J1_122_7706/U8/CO (SAEDLVT14_ADDF_V1_0P5)
                                                   0.02      1.80 f
  u_alu/DP_OP_23J1_122_7706/U7/CO (SAEDLVT14_ADDF_V1_0P5)
                                                   0.02      1.82 f
  u_alu/DP_OP_23J1_122_7706/U6/CO (SAEDLVT14_ADDF_V1_0P5)
                                                   0.03      1.85 f
  u_alu/DP_OP_23J1_122_7706/U5/CO (SAEDLVT14_ADDF_V1_0P5)
                                                   0.03      1.88 f
  u_alu/DP_OP_23J1_122_7706/U4/CO (SAEDLVT14_ADDF_V1_0P5)
                                                   0.03      1.90 f
  u_alu/DP_OP_23J1_122_7706/U3/CO (SAEDLVT14_ADDF_V1_0P5)
                                                   0.02      1.93 f
  u_alu/U9/X (SAEDLVT14_EO2_V1_0P75)               0.01      1.94 f
  u_alu/U6/X (SAEDLVT14_AO21_U_0P5)                0.01      1.95 f
  u_alu/result_reg[31]/D (SAEDLVT14_FDP_V2LP_1)    0.00      1.95 f
  data arrival time                                          1.95

  clock clk (rise edge)                            5.00      5.00
  clock network delay (ideal)                      0.00      5.00
  u_alu/result_reg[31]/CK (SAEDLVT14_FDP_V2LP_1)   0.00      5.00 r
  library setup time                              -0.02      4.98
  data required time                                         4.98
  ------------------------------------------------------------------------
  data required time                                         4.98
  data arrival time                                         -1.95
  ------------------------------------------------------------------------
  slack (MET)                                                3.03



  Startpoint: op[3] (input port clocked by clk)
  Endpoint: u_alu/result_reg[30] (rising edge-triggered flip-flop clocked by clk)
  Mode: default
  Corner: default
  Scenario: default
  Path Group: **in2reg_default**
  Path Type: max

  Point                                            Incr      Path  
  ------------------------------------------------------------------------
  clock clk (rise edge)                            0.00      0.00
  clock network delay (ideal)                      0.00      0.00
  input external delay                             1.00      1.00 f
  op[3] (in)                                       0.00      1.00 f
  u_alu/U743/X (SAEDLVT14_NR2_MM_0P5)              0.01      1.01 r
  u_alu/ctmTdsLR_1_14/X (SAEDLVT14_ND2B_U_0P5)     0.02      1.02 f
  u_alu/U518/X (SAEDLVT14_NR2_MM_1)                0.08      1.10 r
  u_alu/U485/X (SAEDLVT14_EO2_1)                   0.03      1.13 f
  u_alu/DP_OP_23J1_122_7706/U33/CO (SAEDLVT14_ADDF_V1_0P5)
                                                   0.02      1.15 f
  u_alu/DP_OP_23J1_122_7706/U32/CO (SAEDLVT14_ADDF_V1_0P5)
                                                   0.03      1.18 f
  u_alu/DP_OP_23J1_122_7706/U31/CO (SAEDLVT14_ADDF_V1_0P5)
                                                   0.03      1.21 f
  u_alu/DP_OP_23J1_122_7706/U30/CO (SAEDLVT14_ADDF_V1_0P5)
                                                   0.03      1.23 f
  u_alu/DP_OP_23J1_122_7706/U29/CO (SAEDLVT14_ADDF_V1_0P5)
                                                   0.03      1.26 f
  u_alu/DP_OP_23J1_122_7706/U28/CO (SAEDLVT14_ADDF_V1_0P5)
                                                   0.03      1.28 f
  u_alu/DP_OP_23J1_122_7706/U27/CO (SAEDLVT14_ADDF_V1_0P5)
                                                   0.03      1.31 f
  u_alu/DP_OP_23J1_122_7706/U26/CO (SAEDLVT14_ADDF_V1_0P5)
                                                   0.03      1.33 f
  u_alu/DP_OP_23J1_122_7706/U25/CO (SAEDLVT14_ADDF_V1_0P5)
                                                   0.02      1.36 f
  u_alu/DP_OP_23J1_122_7706/U24/CO (SAEDLVT14_ADDF_V1_0P5)
                                                   0.03      1.38 f
  u_alu/DP_OP_23J1_122_7706/U23/CO (SAEDLVT14_ADDF_V1_0P5)
                                                   0.03      1.41 f
  u_alu/DP_OP_23J1_122_7706/U22/CO (SAEDLVT14_ADDF_V1_0P5)
                                                   0.03      1.44 f
  u_alu/DP_OP_23J1_122_7706/U21/CO (SAEDLVT14_ADDF_V1_0P5)
                                                   0.03      1.46 f
  u_alu/DP_OP_23J1_122_7706/U20/CO (SAEDLVT14_ADDF_V1_0P5)
                                                   0.03      1.49 f
  u_alu/DP_OP_23J1_122_7706/U19/CO (SAEDLVT14_ADDF_V1_0P5)
                                                   0.03      1.51 f
  u_alu/DP_OP_23J1_122_7706/U18/CO (SAEDLVT14_ADDF_V1_0P5)
                                                   0.03      1.54 f
  u_alu/DP_OP_23J1_122_7706/U17/CO (SAEDLVT14_ADDF_V1_0P5)
                                                   0.03      1.57 f
  u_alu/DP_OP_23J1_122_7706/U16/CO (SAEDLVT14_ADDF_V1_0P5)
                                                   0.03      1.59 f
  u_alu/DP_OP_23J1_122_7706/U15/CO (SAEDLVT14_ADDF_V1_0P5)
                                                   0.03      1.62 f
  u_alu/DP_OP_23J1_122_7706/U14/CO (SAEDLVT14_ADDF_V1_0P5)
                                                   0.03      1.65 f
  u_alu/DP_OP_23J1_122_7706/U13/CO (SAEDLVT14_ADDF_V1_0P5)
                                                   0.03      1.67 f
  u_alu/DP_OP_23J1_122_7706/U12/CO (SAEDLVT14_ADDF_V1_0P5)
                                                   0.03      1.70 f
  u_alu/DP_OP_23J1_122_7706/U11/CO (SAEDLVT14_ADDF_V1_0P5)
                                                   0.02      1.72 f
  u_alu/DP_OP_23J1_122_7706/U10/CO (SAEDLVT14_ADDF_V1_0P5)
                                                   0.02      1.75 f
  u_alu/DP_OP_23J1_122_7706/U9/CO (SAEDLVT14_ADDF_V1_0P5)
                                                   0.03      1.77 f
  u_alu/DP_OP_23J1_122_7706/U8/CO (SAEDLVT14_ADDF_V1_0P5)
                                                   0.02      1.80 f
  u_alu/DP_OP_23J1_122_7706/U7/CO (SAEDLVT14_ADDF_V1_0P5)
                                                   0.02      1.82 f
  u_alu/DP_OP_23J1_122_7706/U6/CO (SAEDLVT14_ADDF_V1_0P5)
                                                   0.03      1.85 f
  u_alu/DP_OP_23J1_122_7706/U5/CO (SAEDLVT14_ADDF_V1_0P5)
                                                   0.03      1.88 f
  u_alu/DP_OP_23J1_122_7706/U4/CO (SAEDLVT14_ADDF_V1_0P5)
                                                   0.03      1.90 f
  u_alu/DP_OP_23J1_122_7706/U3/S (SAEDLVT14_ADDF_V1_0P5)
                                                   0.04      1.94 r
  u_alu/U8/X (SAEDLVT14_AO21_U_0P5)                0.01      1.95 r
  u_alu/result_reg[30]/D (SAEDLVT14_FDP_V2LP_1)    0.00      1.95 r
  data arrival time                                          1.95

  clock clk (rise edge)                            5.00      5.00
  clock network delay (ideal)                      0.00      5.00
  u_alu/result_reg[30]/CK (SAEDLVT14_FDP_V2LP_1)   0.00      5.00 r
  library setup time                              -0.01      4.99
  data required time                                         4.99
  ------------------------------------------------------------------------
  data required time                                         4.99
  data arrival time                                         -1.95
  ------------------------------------------------------------------------
  slack (MET)                                                3.04



  Startpoint: op[3] (input port clocked by clk)
  Endpoint: u_alu/result_reg[27] (rising edge-triggered flip-flop clocked by clk)
  Mode: default
  Corner: default
  Scenario: default
  Path Group: **in2reg_default**
  Path Type: max

  Point                                            Incr      Path  
  ------------------------------------------------------------------------
  clock clk (rise edge)                            0.00      0.00
  clock network delay (ideal)                      0.00      0.00
  input external delay                             1.00      1.00 f
  op[3] (in)                                       0.00      1.00 f
  u_alu/U743/X (SAEDLVT14_NR2_MM_0P5)              0.01      1.01 r
  u_alu/ctmTdsLR_1_14/X (SAEDLVT14_ND2B_U_0P5)     0.02      1.02 f
  u_alu/U518/X (SAEDLVT14_NR2_MM_1)                0.08      1.10 r
  u_alu/U485/X (SAEDLVT14_EO2_1)                   0.03      1.13 f
  u_alu/DP_OP_23J1_122_7706/U33/CO (SAEDLVT14_ADDF_V1_0P5)
                                                   0.02      1.15 f
  u_alu/DP_OP_23J1_122_7706/U32/CO (SAEDLVT14_ADDF_V1_0P5)
                                                   0.03      1.18 f
  u_alu/DP_OP_23J1_122_7706/U31/CO (SAEDLVT14_ADDF_V1_0P5)
                                                   0.03      1.21 f
  u_alu/DP_OP_23J1_122_7706/U30/CO (SAEDLVT14_ADDF_V1_0P5)
                                                   0.03      1.23 f
  u_alu/DP_OP_23J1_122_7706/U29/CO (SAEDLVT14_ADDF_V1_0P5)
                                                   0.03      1.26 f
  u_alu/DP_OP_23J1_122_7706/U28/CO (SAEDLVT14_ADDF_V1_0P5)
                                                   0.03      1.28 f
  u_alu/DP_OP_23J1_122_7706/U27/CO (SAEDLVT14_ADDF_V1_0P5)
                                                   0.03      1.31 f
  u_alu/DP_OP_23J1_122_7706/U26/CO (SAEDLVT14_ADDF_V1_0P5)
                                                   0.03      1.33 f
  u_alu/DP_OP_23J1_122_7706/U25/CO (SAEDLVT14_ADDF_V1_0P5)
                                                   0.02      1.36 f
  u_alu/DP_OP_23J1_122_7706/U24/CO (SAEDLVT14_ADDF_V1_0P5)
                                                   0.03      1.38 f
  u_alu/DP_OP_23J1_122_7706/U23/CO (SAEDLVT14_ADDF_V1_0P5)
                                                   0.03      1.41 f
  u_alu/DP_OP_23J1_122_7706/U22/CO (SAEDLVT14_ADDF_V1_0P5)
                                                   0.03      1.44 f
  u_alu/DP_OP_23J1_122_7706/U21/CO (SAEDLVT14_ADDF_V1_0P5)
                                                   0.03      1.46 f
  u_alu/DP_OP_23J1_122_7706/U20/CO (SAEDLVT14_ADDF_V1_0P5)
                                                   0.03      1.49 f
  u_alu/DP_OP_23J1_122_7706/U19/CO (SAEDLVT14_ADDF_V1_0P5)
                                                   0.03      1.51 f
  u_alu/DP_OP_23J1_122_7706/U18/CO (SAEDLVT14_ADDF_V1_0P5)
                                                   0.03      1.54 f
  u_alu/DP_OP_23J1_122_7706/U17/CO (SAEDLVT14_ADDF_V1_0P5)
                                                   0.03      1.57 f
  u_alu/DP_OP_23J1_122_7706/U16/CO (SAEDLVT14_ADDF_V1_0P5)
                                                   0.03      1.59 f
  u_alu/DP_OP_23J1_122_7706/U15/CO (SAEDLVT14_ADDF_V1_0P5)
                                                   0.03      1.62 f
  u_alu/DP_OP_23J1_122_7706/U14/CO (SAEDLVT14_ADDF_V1_0P5)
                                                   0.03      1.65 f
  u_alu/DP_OP_23J1_122_7706/U13/CO (SAEDLVT14_ADDF_V1_0P5)
                                                   0.03      1.67 f
  u_alu/DP_OP_23J1_122_7706/U12/CO (SAEDLVT14_ADDF_V1_0P5)
                                                   0.03      1.70 f
  u_alu/DP_OP_23J1_122_7706/U11/CO (SAEDLVT14_ADDF_V1_0P5)
                                                   0.02      1.72 f
  u_alu/DP_OP_23J1_122_7706/U10/CO (SAEDLVT14_ADDF_V1_0P5)
                                                   0.02      1.75 f
  u_alu/DP_OP_23J1_122_7706/U9/CO (SAEDLVT14_ADDF_V1_0P5)
                                                   0.03      1.77 f
  u_alu/DP_OP_23J1_122_7706/U8/CO (SAEDLVT14_ADDF_V1_0P5)
                                                   0.02      1.80 f
  u_alu/DP_OP_23J1_122_7706/U7/CO (SAEDLVT14_ADDF_V1_0P5)
                                                   0.02      1.82 f
  u_alu/DP_OP_23J1_122_7706/U6/S (SAEDLVT14_ADDF_V1_0P5)
                                                   0.04      1.86 r
  u_alu/U16/X (SAEDLVT14_AO21_U_0P5)               0.01      1.87 r
  u_alu/U15/X (SAEDLVT14_AOI21_0P75)               0.01      1.88 f
  u_alu/U12/X (SAEDLVT14_AOI21_0P75)               0.01      1.89 r
  u_alu/U768/X (SAEDLVT14_OR4_1)                   0.02      1.91 r
  u_alu/result_reg[27]/D (SAEDLVT14_FDP_V2LP_1)    0.00      1.91 r
  data arrival time                                          1.91

  clock clk (rise edge)                            5.00      5.00
  clock network delay (ideal)                      0.00      5.00
  u_alu/result_reg[27]/CK (SAEDLVT14_FDP_V2LP_1)   0.00      5.00 r
  library setup time                              -0.01      4.99
  data required time                                         4.99
  ------------------------------------------------------------------------
  data required time                                         4.99
  data arrival time                                         -1.91
  ------------------------------------------------------------------------
  slack (MET)                                                3.08



  Startpoint: op[3] (input port clocked by clk)
  Endpoint: u_alu/result_reg[28] (rising edge-triggered flip-flop clocked by clk)
  Mode: default
  Corner: default
  Scenario: default
  Path Group: **in2reg_default**
  Path Type: max

  Point                                            Incr      Path  
  ------------------------------------------------------------------------
  clock clk (rise edge)                            0.00      0.00
  clock network delay (ideal)                      0.00      0.00
  input external delay                             1.00      1.00 f
  op[3] (in)                                       0.00      1.00 f
  u_alu/U743/X (SAEDLVT14_NR2_MM_0P5)              0.01      1.01 r
  u_alu/ctmTdsLR_1_14/X (SAEDLVT14_ND2B_U_0P5)     0.02      1.02 f
  u_alu/U518/X (SAEDLVT14_NR2_MM_1)                0.08      1.10 r
  u_alu/U485/X (SAEDLVT14_EO2_1)                   0.03      1.13 f
  u_alu/DP_OP_23J1_122_7706/U33/CO (SAEDLVT14_ADDF_V1_0P5)
                                                   0.02      1.15 f
  u_alu/DP_OP_23J1_122_7706/U32/CO (SAEDLVT14_ADDF_V1_0P5)
                                                   0.03      1.18 f
  u_alu/DP_OP_23J1_122_7706/U31/CO (SAEDLVT14_ADDF_V1_0P5)
                                                   0.03      1.21 f
  u_alu/DP_OP_23J1_122_7706/U30/CO (SAEDLVT14_ADDF_V1_0P5)
                                                   0.03      1.23 f
  u_alu/DP_OP_23J1_122_7706/U29/CO (SAEDLVT14_ADDF_V1_0P5)
                                                   0.03      1.26 f
  u_alu/DP_OP_23J1_122_7706/U28/CO (SAEDLVT14_ADDF_V1_0P5)
                                                   0.03      1.28 f
  u_alu/DP_OP_23J1_122_7706/U27/CO (SAEDLVT14_ADDF_V1_0P5)
                                                   0.03      1.31 f
  u_alu/DP_OP_23J1_122_7706/U26/CO (SAEDLVT14_ADDF_V1_0P5)
                                                   0.03      1.33 f
  u_alu/DP_OP_23J1_122_7706/U25/CO (SAEDLVT14_ADDF_V1_0P5)
                                                   0.02      1.36 f
  u_alu/DP_OP_23J1_122_7706/U24/CO (SAEDLVT14_ADDF_V1_0P5)
                                                   0.03      1.38 f
  u_alu/DP_OP_23J1_122_7706/U23/CO (SAEDLVT14_ADDF_V1_0P5)
                                                   0.03      1.41 f
  u_alu/DP_OP_23J1_122_7706/U22/CO (SAEDLVT14_ADDF_V1_0P5)
                                                   0.03      1.44 f
  u_alu/DP_OP_23J1_122_7706/U21/CO (SAEDLVT14_ADDF_V1_0P5)
                                                   0.03      1.46 f
  u_alu/DP_OP_23J1_122_7706/U20/CO (SAEDLVT14_ADDF_V1_0P5)
                                                   0.03      1.49 f
  u_alu/DP_OP_23J1_122_7706/U19/CO (SAEDLVT14_ADDF_V1_0P5)
                                                   0.03      1.51 f
  u_alu/DP_OP_23J1_122_7706/U18/CO (SAEDLVT14_ADDF_V1_0P5)
                                                   0.03      1.54 f
  u_alu/DP_OP_23J1_122_7706/U17/CO (SAEDLVT14_ADDF_V1_0P5)
                                                   0.03      1.57 f
  u_alu/DP_OP_23J1_122_7706/U16/CO (SAEDLVT14_ADDF_V1_0P5)
                                                   0.03      1.59 f
  u_alu/DP_OP_23J1_122_7706/U15/CO (SAEDLVT14_ADDF_V1_0P5)
                                                   0.03      1.62 f
  u_alu/DP_OP_23J1_122_7706/U14/CO (SAEDLVT14_ADDF_V1_0P5)
                                                   0.03      1.65 f
  u_alu/DP_OP_23J1_122_7706/U13/CO (SAEDLVT14_ADDF_V1_0P5)
                                                   0.03      1.67 f
  u_alu/DP_OP_23J1_122_7706/U12/CO (SAEDLVT14_ADDF_V1_0P5)
                                                   0.03      1.70 f
  u_alu/DP_OP_23J1_122_7706/U11/CO (SAEDLVT14_ADDF_V1_0P5)
                                                   0.02      1.72 f
  u_alu/DP_OP_23J1_122_7706/U10/CO (SAEDLVT14_ADDF_V1_0P5)
                                                   0.02      1.75 f
  u_alu/DP_OP_23J1_122_7706/U9/CO (SAEDLVT14_ADDF_V1_0P5)
                                                   0.03      1.77 f
  u_alu/DP_OP_23J1_122_7706/U8/CO (SAEDLVT14_ADDF_V1_0P5)
                                                   0.02      1.80 f
  u_alu/DP_OP_23J1_122_7706/U7/CO (SAEDLVT14_ADDF_V1_0P5)
                                                   0.02      1.82 f
  u_alu/DP_OP_23J1_122_7706/U6/CO (SAEDLVT14_ADDF_V1_0P5)
                                                   0.03      1.85 f
  u_alu/DP_OP_23J1_122_7706/U5/S (SAEDLVT14_ADDF_V1_0P5)
                                                   0.04      1.89 r
  u_alu/U13/X (SAEDLVT14_AO21_U_0P5)               0.01      1.90 r
  u_alu/result_reg[28]/D (SAEDLVT14_FDP_V2LP_1)    0.00      1.90 r
  data arrival time                                          1.90

  clock clk (rise edge)                            5.00      5.00
  clock network delay (ideal)                      0.00      5.00
  u_alu/result_reg[28]/CK (SAEDLVT14_FDP_V2LP_1)   0.00      5.00 r
  library setup time                              -0.01      4.99
  data required time                                         4.99
  ------------------------------------------------------------------------
  data required time                                         4.99
  data arrival time                                         -1.90
  ------------------------------------------------------------------------
  slack (MET)                                                3.09


1
