 
****************************************
Report : area
Design : adaptive_pg_top
Version: R-2020.09-SP5-5
Date   : Sun Jun 28 18:22:03 2026
****************************************

Library(s) Used:

    saed14lvt_tt0p8v25c (File: /usr/synopsys/saed/stdcell_lvt/db_nldm/saed14lvt_tt0p8v25c.db)

Number of ports:                          364
Number of nets:                          1523
Number of cells:                         1164
Number of combinational cells:           1074
Number of sequential cells:                82
Number of macros/black boxes:               0
Number of buf/inv:                        204
Number of references:                       8

Combinational area:                346.186796
Buf/Inv area:                       50.971200
Noncombinational area:              76.323599
Macro/Black Box area:                0.000000
Net Interconnect area:             604.057507

Total cell area:                   422.510395
Total area:                       1026.567902
1
