Information: Propagating switching activity (high effort zero delay simulation). (PWR-6)
Warning: Design has unannotated primary inputs. (PWR-414)
Warning: Design has unannotated sequential cell outputs. (PWR-415)
 
****************************************
Report : power
        -analysis_effort high
Design : adaptive_pg_top
Version: R-2020.09-SP5-5
Date   : Sun Jun 28 18:22:21 2026
****************************************


Library(s) Used:

    saed14lvt_tt0p8v25c (File: /usr/synopsys/saed/stdcell_lvt/db_nldm/saed14lvt_tt0p8v25c.db)

Information: The library cell 'SAEDLVT14_LSRDPQ_1' in the library 'saed14lvt_tt0p8v25c' is not characterized for internal power. (PWR-227)
Information: The design contains cells, other than constants and black boxes, that are not characterized for internal power. (PWR-228)

Operating Conditions: tt0p8v25c   Library: saed14lvt_tt0p8v25c
Wire Load Model Mode: top

Design        Wire Load Model            Library
------------------------------------------------
adaptive_pg_top        8000              saed14lvt_tt0p8v25c


Global Operating Voltage = 0.8  
Power-specific unit information :
    Voltage Units = 1V
    Capacitance Units = 1.000000ff
    Time Units = 1ns
    Dynamic Power Units = 1uW    (derived from V,C,T units)
    Leakage Power Units = 1pW


  Cell Internal Power  =  22.5140 uW   (65%)
  Net Switching Power  =  12.0408 uW   (35%)
                         ---------
Total Dynamic Power    =  34.5547 uW  (100%)

Cell Leakage Power     =   1.0833 uW


                 Internal         Switching           Leakage            Total
Power Group      Power            Power               Power              Power   (   %    )  Attrs
--------------------------------------------------------------------------------------------------
io_pad             0.0000            0.0000            0.0000            0.0000  (   0.00%)
memory             0.0000            0.0000            0.0000            0.0000  (   0.00%)
black_box          0.0000            0.0000            0.0000            0.0000  (   0.00%)
clock_network  4.2101e-02            0.2224        4.3571e+03            0.2689  (   0.75%)
register          15.5839            0.2028        1.9405e+05           15.9807  (  44.85%)
sequential         0.0000            0.0000            0.0000            0.0000  (   0.00%)
combinational      6.8880           11.6156        8.8215e+05           19.3857  (  54.40%)
--------------------------------------------------------------------------------------------------
Total             22.5140 uW        12.0408 uW     1.0806e+06 pW        35.6353 uW
1
