Information: Propagating switching activity (high effort zero delay simulation). (PWR-6)
Warning: Design has unannotated primary inputs. (PWR-414)
Warning: Design has unannotated sequential cell outputs. (PWR-415)
 
****************************************
Report : power
        -analysis_effort high
Design : adaptive_pg_top
Version: R-2020.09-SP5-5
Date   : Sun Jun 28 18:22:04 2026
****************************************


Library(s) Used:

    saed14lvt_tt0p8v25c (File: /usr/synopsys/saed/stdcell_lvt/db_nldm/saed14lvt_tt0p8v25c.db)


Operating Conditions: tt0p8v25c   Library: saed14lvt_tt0p8v25c
Wire Load Model Mode: top

Design        Wire Load Model            Library
------------------------------------------------
adaptive_pg_top        8000              saed14lvt_tt0p8v25c


Global Operating Voltage = 0.8  
Power-specific unit information :
    Voltage Units = 1V
    Capacitance Units = 1.000000ff
    Time Units = 1ns
    Dynamic Power Units = 1uW    (derived from V,C,T units)
    Leakage Power Units = 1pW


  Cell Internal Power  =  14.9416 uW   (69%)
  Net Switching Power  =   6.8488 uW   (31%)
                         ---------
Total Dynamic Power    =  21.7903 uW  (100%)

Cell Leakage Power     =   1.0558 uW


                 Internal         Switching           Leakage            Total
Power Group      Power            Power               Power              Power   (   %    )  Attrs
--------------------------------------------------------------------------------------------------
io_pad             0.0000            0.0000            0.0000            0.0000  (   0.00%)
memory             0.0000            0.0000            0.0000            0.0000  (   0.00%)
black_box          0.0000            0.0000            0.0000            0.0000  (   0.00%)
clock_network      0.3957            1.2012        5.7919e+03            1.6026  (   7.02%)
register          11.5144            0.2374        2.1072e+05           11.9625  (  52.37%)
sequential         0.0000            0.0000            0.0000            0.0000  (   0.00%)
combinational      3.0316            5.4102        8.3653e+05            9.2783  (  40.62%)
--------------------------------------------------------------------------------------------------
Total             14.9416 uW         6.8488 uW     1.0530e+06 pW        22.8434 uW
1
