Warning: Unable to resolve reference 'SNPS_CLOCK_GATE_HIGH_alu_32bit' in 'alu_32bit'. (LINK-5)
Warning: Unable to resolve reference 'SNPS_CLOCK_GATE_HIGH_activity_monitor_WINDOW_SIZE16_IDLE_MAX255' in 'activity_monitor_WINDOW_SIZE16_IDLE_MAX255'. (LINK-5)
Warning: Design 'adaptive_pg_top' has '2' unresolved references. For more detailed information, use the "link" command. (UID-341)
Information: Updating design information... (UID-85)
 
****************************************
Report : timing
        -path full
        -delay max
        -max_paths 5
Design : adaptive_pg_top
Version: R-2020.09-SP5-5
Date   : Sun Jun 28 18:22:21 2026
****************************************

Operating Conditions: tt0p8v25c   Library: saed14lvt_tt0p8v25c
Wire Load Model Mode: top

  Startpoint: wakeup_req (input port clocked by clk)
  Endpoint: u_pg_fsm/wakeup_timer_reg[3]
            (rising edge-triggered flip-flop clocked by clk)
  Path Group: clk
  Path Type: max

  Des/Clust/Port     Wire Load Model       Library
  ------------------------------------------------
  adaptive_pg_top    8000                  saed14lvt_tt0p8v25c

  Point                                                   Incr       Path
  --------------------------------------------------------------------------
  clock clk (rise edge)                                   0.00       0.00
  clock network delay (ideal)                             0.00       0.00
  input external delay                                    0.40       0.40 r
  wakeup_req (in)                                         0.00       0.40 r
  u_pg_fsm/wakeup_req (power_state_fsm_3_8)               0.00       0.40 r
  u_pg_fsm/U11/X (SAEDLVT14_OA21B_1)                      0.01       0.41 f
  u_pg_fsm/U23/X (SAEDLVT14_AOI21_0P75)                   0.02       0.43 r
  u_pg_fsm/U25/X (SAEDLVT14_AOI21_0P75)                   0.01       0.44 f
  u_pg_fsm/U26/X (SAEDLVT14_AO32_U_0P5)                   0.02       0.47 f
  u_pg_fsm/U3/X (SAEDLVT14_OR2_0P5)                       0.02       0.49 f
  u_pg_fsm/U5/X (SAEDLVT14_INV_1)                         0.02       0.51 r
  u_pg_fsm/U51/X (SAEDLVT14_AN4_0P75)                     0.02       0.53 r
  u_pg_fsm/U52/X (SAEDLVT14_AO21_U_0P5)                   0.01       0.54 r
  u_pg_fsm/wakeup_timer_reg[3]/D (SAEDLVT14_FDP_V2LP_0P5)
                                                          0.01       0.55 r
  data arrival time                                                  0.55

  clock clk (rise edge)                                   2.00       2.00
  clock network delay (ideal)                             0.00       2.00
  u_pg_fsm/wakeup_timer_reg[3]/CK (SAEDLVT14_FDP_V2LP_0P5)
                                                          0.00       2.00 r
  library setup time                                     -0.01       1.99
  data required time                                                 1.99
  --------------------------------------------------------------------------
  data required time                                                 1.99
  data arrival time                                                 -0.55
  --------------------------------------------------------------------------
  slack (MET)                                                        1.45


  Startpoint: wakeup_req (input port clocked by clk)
  Endpoint: u_pg_fsm/wakeup_timer_reg[1]
            (rising edge-triggered flip-flop clocked by clk)
  Path Group: clk
  Path Type: max

  Des/Clust/Port     Wire Load Model       Library
  ------------------------------------------------
  adaptive_pg_top    8000                  saed14lvt_tt0p8v25c

  Point                                                   Incr       Path
  --------------------------------------------------------------------------
  clock clk (rise edge)                                   0.00       0.00
  clock network delay (ideal)                             0.00       0.00
  input external delay                                    0.40       0.40 r
  wakeup_req (in)                                         0.00       0.40 r
  u_pg_fsm/wakeup_req (power_state_fsm_3_8)               0.00       0.40 r
  u_pg_fsm/U11/X (SAEDLVT14_OA21B_1)                      0.01       0.41 f
  u_pg_fsm/U23/X (SAEDLVT14_AOI21_0P75)                   0.02       0.43 r
  u_pg_fsm/U25/X (SAEDLVT14_AOI21_0P75)                   0.01       0.44 f
  u_pg_fsm/U26/X (SAEDLVT14_AO32_U_0P5)                   0.02       0.47 f
  u_pg_fsm/U3/X (SAEDLVT14_OR2_0P5)                       0.02       0.49 f
  u_pg_fsm/U5/X (SAEDLVT14_INV_1)                         0.02       0.51 r
  u_pg_fsm/U41/X (SAEDLVT14_OAI21_0P5)                    0.02       0.52 f
  u_pg_fsm/U42/X (SAEDLVT14_OAI22_0P5)                    0.01       0.54 r
  u_pg_fsm/wakeup_timer_reg[1]/D (SAEDLVT14_FDP_V2LP_0P5)
                                                          0.01       0.54 r
  data arrival time                                                  0.54

  clock clk (rise edge)                                   2.00       2.00
  clock network delay (ideal)                             0.00       2.00
  u_pg_fsm/wakeup_timer_reg[1]/CK (SAEDLVT14_FDP_V2LP_0P5)
                                                          0.00       2.00 r
  library setup time                                     -0.01       1.99
  data required time                                                 1.99
  --------------------------------------------------------------------------
  data required time                                                 1.99
  data arrival time                                                 -0.54
  --------------------------------------------------------------------------
  slack (MET)                                                        1.45


  Startpoint: wakeup_req (input port clocked by clk)
  Endpoint: u_pg_fsm/wakeup_timer_reg[2]
            (rising edge-triggered flip-flop clocked by clk)
  Path Group: clk
  Path Type: max

  Des/Clust/Port     Wire Load Model       Library
  ------------------------------------------------
  adaptive_pg_top    8000                  saed14lvt_tt0p8v25c

  Point                                                   Incr       Path
  --------------------------------------------------------------------------
  clock clk (rise edge)                                   0.00       0.00
  clock network delay (ideal)                             0.00       0.00
  input external delay                                    0.40       0.40 r
  wakeup_req (in)                                         0.00       0.40 r
  u_pg_fsm/wakeup_req (power_state_fsm_3_8)               0.00       0.40 r
  u_pg_fsm/U11/X (SAEDLVT14_OA21B_1)                      0.01       0.41 f
  u_pg_fsm/U23/X (SAEDLVT14_AOI21_0P75)                   0.02       0.43 r
  u_pg_fsm/U25/X (SAEDLVT14_AOI21_0P75)                   0.01       0.44 f
  u_pg_fsm/U26/X (SAEDLVT14_AO32_U_0P5)                   0.02       0.47 f
  u_pg_fsm/U3/X (SAEDLVT14_OR2_0P5)                       0.02       0.49 f
  u_pg_fsm/U5/X (SAEDLVT14_INV_1)                         0.02       0.51 r
  u_pg_fsm/U48/X (SAEDLVT14_OAI21_0P5)                    0.02       0.52 f
  u_pg_fsm/U49/X (SAEDLVT14_AOI21_0P75)                   0.01       0.53 r
  u_pg_fsm/wakeup_timer_reg[2]/D (SAEDLVT14_FDP_V2LP_0P5)
                                                          0.01       0.54 r
  data arrival time                                                  0.54

  clock clk (rise edge)                                   2.00       2.00
  clock network delay (ideal)                             0.00       2.00
  u_pg_fsm/wakeup_timer_reg[2]/CK (SAEDLVT14_FDP_V2LP_0P5)
                                                          0.00       2.00 r
  library setup time                                     -0.01       1.99
  data required time                                                 1.99
  --------------------------------------------------------------------------
  data required time                                                 1.99
  data arrival time                                                 -0.54
  --------------------------------------------------------------------------
  slack (MET)                                                        1.46


  Startpoint: wakeup_req (input port clocked by clk)
  Endpoint: u_pg_fsm/iso_en_reg
            (rising edge-triggered flip-flop clocked by clk)
  Path Group: clk
  Path Type: max

  Des/Clust/Port     Wire Load Model       Library
  ------------------------------------------------
  adaptive_pg_top    8000                  saed14lvt_tt0p8v25c

  Point                                                   Incr       Path
  --------------------------------------------------------------------------
  clock clk (rise edge)                                   0.00       0.00
  clock network delay (ideal)                             0.00       0.00
  input external delay                                    0.40       0.40 f
  wakeup_req (in)                                         0.00       0.40 f
  u_pg_fsm/wakeup_req (power_state_fsm_3_8)               0.00       0.40 f
  u_pg_fsm/U11/X (SAEDLVT14_OA21B_1)                      0.01       0.41 r
  u_pg_fsm/U23/X (SAEDLVT14_AOI21_0P75)                   0.02       0.43 f
  u_pg_fsm/U25/X (SAEDLVT14_AOI21_0P75)                   0.01       0.44 r
  u_pg_fsm/U26/X (SAEDLVT14_AO32_U_0P5)                   0.02       0.47 r
  u_pg_fsm/U3/X (SAEDLVT14_OR2_0P5)                       0.02       0.49 r
  u_pg_fsm/U5/X (SAEDLVT14_INV_1)                         0.02       0.51 f
  u_pg_fsm/U53/X (SAEDLVT14_OR3_0P5)                      0.02       0.53 f
  u_pg_fsm/iso_en_reg/D (SAEDLVT14_FDP_V2LP_0P5)          0.01       0.53 f
  data arrival time                                                  0.53

  clock clk (rise edge)                                   2.00       2.00
  clock network delay (ideal)                             0.00       2.00
  u_pg_fsm/iso_en_reg/CK (SAEDLVT14_FDP_V2LP_0P5)         0.00       2.00 r
  library setup time                                     -0.01       1.99
  data required time                                                 1.99
  --------------------------------------------------------------------------
  data required time                                                 1.99
  data arrival time                                                 -0.53
  --------------------------------------------------------------------------
  slack (MET)                                                        1.46


  Startpoint: wakeup_req (input port clocked by clk)
  Endpoint: u_pg_fsm/power_mode_reg[0]
            (rising edge-triggered flip-flop clocked by clk)
  Path Group: clk
  Path Type: max

  Des/Clust/Port     Wire Load Model       Library
  ------------------------------------------------
  adaptive_pg_top    8000                  saed14lvt_tt0p8v25c

  Point                                                   Incr       Path
  --------------------------------------------------------------------------
  clock clk (rise edge)                                   0.00       0.00
  clock network delay (ideal)                             0.00       0.00
  input external delay                                    0.40       0.40 f
  wakeup_req (in)                                         0.00       0.40 f
  u_pg_fsm/wakeup_req (power_state_fsm_3_8)               0.00       0.40 f
  u_pg_fsm/U11/X (SAEDLVT14_OA21B_1)                      0.01       0.41 r
  u_pg_fsm/U23/X (SAEDLVT14_AOI21_0P75)                   0.02       0.43 f
  u_pg_fsm/U25/X (SAEDLVT14_AOI21_0P75)                   0.01       0.44 r
  u_pg_fsm/U26/X (SAEDLVT14_AO32_U_0P5)                   0.02       0.47 r
  u_pg_fsm/U3/X (SAEDLVT14_OR2_0P5)                       0.02       0.49 r
  u_pg_fsm/U5/X (SAEDLVT14_INV_1)                         0.02       0.51 f
  u_pg_fsm/U45/X (SAEDLVT14_AO22_0P5)                     0.02       0.52 f
  u_pg_fsm/power_mode_reg[0]/D (SAEDLVT14_FDP_V2LP_0P5)
                                                          0.01       0.53 f
  data arrival time                                                  0.53

  clock clk (rise edge)                                   2.00       2.00
  clock network delay (ideal)                             0.00       2.00
  u_pg_fsm/power_mode_reg[0]/CK (SAEDLVT14_FDP_V2LP_0P5)
                                                          0.00       2.00 r
  library setup time                                     -0.01       1.99
  data required time                                                 1.99
  --------------------------------------------------------------------------
  data required time                                                 1.99
  data arrival time                                                 -0.53
  --------------------------------------------------------------------------
  slack (MET)                                                        1.46


1
