Warning: no valid parasitic for default corner(LATE) (NEX-018)
Warning: no valid parasitic for default corner(EARLY) (NEX-018)
Warning: no valid parasitic for (all corners) corner((both specs)) (NEX-018)
Information: The stitching and editing of coupling caps is turned OFF for design 'static_pg_top_icc2.dlib:static_pg_top.design'. (TIM-125)
Warning: The extractor can not be initialized for block 'static_pg_top'. (TIM-103)
Warning: The extractor can not be initialized for design 'static_pg_top'. Zero interconnect delay is used in timing analysis. (TIM-102)
Warning: Batch extraction is skipped for block "static_pg_top"
Information: Update timing completed net estimation for all the timing graph nets (TIM-111)
Information: Net estimation statistics: timing graph nets = 1121, routed nets = 0, across physical hierarchy nets = 0, parasitics cached nets = 0, delay annotated nets = 0, parasitics annotated nets = 0, multi-voltage nets = 0. (TIM-112)
****************************************
Report : timing
        -path_type full
        -delay_type max
        -max_paths 5
        -report_by design
Design : static_pg_top
Version: U-2022.12-SP5
Date   : Sun Jun 28 19:19:17 2026
****************************************

  Startpoint: op[3] (input port clocked by clk)
  Endpoint: u_alu/result_reg[29] (rising edge-triggered flip-flop clocked by clk)
  Mode: default
  Corner: default
  Scenario: default
  Path Group: **in2reg_default**
  Path Type: max

  Point                                            Incr      Path  
  ------------------------------------------------------------------------
  clock clk (rise edge)                            0.00      0.00
  clock network delay (ideal)                      0.00      0.00
  input external delay                             1.00      1.00 f
  op[3] (in)                                       0.00      1.00 f
  u_alu/U743/X (SAEDLVT14_NR2_MM_0P5)              0.01      1.01 r
  u_alu/U668/X (SAEDLVT14_INV_1)                   0.00      1.01 f
  u_alu/U664/X (SAEDLVT14_OR2_0P5)                 0.01      1.02 f
  u_alu/U518/X (SAEDLVT14_NR2_1)                   0.10      1.12 r
  u_alu/U485/X (SAEDLVT14_EO2_V1_0P75)             0.05      1.16 f
  u_alu/DP_OP_23J1_122_7706/U33/CO (SAEDLVT14_ADDF_V1_1)
                                                   0.03      1.19 f
  u_alu/DP_OP_23J1_122_7706/U32/CO (SAEDLVT14_ADDF_V1_1)
                                                   0.02      1.21 f
  u_alu/DP_OP_23J1_122_7706/U31/CO (SAEDLVT14_ADDF_V1_1)
                                                   0.02      1.23 f
  u_alu/DP_OP_23J1_122_7706/U30/CO (SAEDLVT14_ADDF_V1_0P5)
                                                   0.02      1.26 f
  u_alu/DP_OP_23J1_122_7706/U29/CO (SAEDLVT14_ADDF_V1_1)
                                                   0.02      1.27 f
  u_alu/DP_OP_23J1_122_7706/U28/CO (SAEDLVT14_ADDF_V1_0P5)
                                                   0.02      1.30 f
  u_alu/DP_OP_23J1_122_7706/U27/CO (SAEDLVT14_ADDF_V1_0P5)
                                                   0.02      1.32 f
  u_alu/DP_OP_23J1_122_7706/U26/CO (SAEDLVT14_ADDF_V1_0P5)
                                                   0.02      1.34 f
  u_alu/DP_OP_23J1_122_7706/U25/CO (SAEDLVT14_ADDF_V1_0P5)
                                                   0.02      1.37 f
  u_alu/DP_OP_23J1_122_7706/U24/CO (SAEDLVT14_ADDF_V1_0P5)
                                                   0.03      1.39 f
  u_alu/DP_OP_23J1_122_7706/U23/CO (SAEDLVT14_ADDF_V1_1)
                                                   0.02      1.41 f
  u_alu/DP_OP_23J1_122_7706/U22/CO (SAEDLVT14_ADDF_V1_0P5)
                                                   0.02      1.43 f
  u_alu/DP_OP_23J1_122_7706/U21/CO (SAEDLVT14_ADDF_V1_0P5)
                                                   0.02      1.46 f
  u_alu/DP_OP_23J1_122_7706/U20/CO (SAEDLVT14_ADDF_V1_0P5)
                                                   0.02      1.48 f
  u_alu/DP_OP_23J1_122_7706/U19/CO (SAEDLVT14_ADDF_V1_0P5)
                                                   0.02      1.50 f
  u_alu/DP_OP_23J1_122_7706/U18/CO (SAEDLVT14_ADDF_V1_0P5)
                                                   0.03      1.53 f
  u_alu/DP_OP_23J1_122_7706/U17/CO (SAEDLVT14_ADDF_V1_1)
                                                   0.02      1.55 f
  u_alu/DP_OP_23J1_122_7706/U16/CO (SAEDLVT14_ADDF_V1_1)
                                                   0.02      1.57 f
  u_alu/DP_OP_23J1_122_7706/U15/CO (SAEDLVT14_ADDF_V1_1)
                                                   0.02      1.59 f
  u_alu/DP_OP_23J1_122_7706/U14/CO (SAEDLVT14_ADDF_V1_1)
                                                   0.02      1.60 f
  u_alu/DP_OP_23J1_122_7706/U13/CO (SAEDLVT14_ADDF_V1_0P5)
                                                   0.02      1.63 f
  u_alu/DP_OP_23J1_122_7706/U12/CO (SAEDLVT14_ADDF_V1_1)
                                                   0.02      1.65 f
  u_alu/DP_OP_23J1_122_7706/U11/CO (SAEDLVT14_ADDF_V1_1)
                                                   0.02      1.67 f
  u_alu/DP_OP_23J1_122_7706/U10/CO (SAEDLVT14_ADDF_V1_1)
                                                   0.02      1.68 f
  u_alu/DP_OP_23J1_122_7706/U9/CO (SAEDLVT14_ADDF_V1_1)
                                                   0.02      1.70 f
  u_alu/DP_OP_23J1_122_7706/U8/CO (SAEDLVT14_ADDF_V1_1)
                                                   0.02      1.72 f
  u_alu/DP_OP_23J1_122_7706/U7/CO (SAEDLVT14_ADDF_V1_1)
                                                   0.02      1.74 f
  u_alu/DP_OP_23J1_122_7706/U6/CO (SAEDLVT14_ADDF_V1_1)
                                                   0.02      1.76 f
  u_alu/DP_OP_23J1_122_7706/U5/CO (SAEDLVT14_ADDF_V1_1)
                                                   0.02      1.78 f
  u_alu/DP_OP_23J1_122_7706/U4/S (SAEDLVT14_ADDF_V1_1)
                                                   0.03      1.80 r
  u_alu/U11/X (SAEDLVT14_AO21_U_0P5)               0.01      1.81 r
  u_alu/U10/X (SAEDLVT14_AOI21_0P75)               0.00      1.82 f
  u_alu/U7/X (SAEDLVT14_AOI21_0P75)                0.01      1.83 r
  u_alu/U5/X (SAEDLVT14_AOI21_0P75)                0.01      1.83 f
  u_alu/U4/X (SAEDLVT14_OAI21_0P5)                 0.01      1.84 r
  u_alu/result_reg[29]/D (SAEDLVT14_FDP_V2LP_0P5)
                                                   0.00      1.84 r
  data arrival time                                          1.84

  clock clk (rise edge)                            5.00      5.00
  clock network delay (ideal)                      0.00      5.00
  u_alu/result_reg[29]/CK (SAEDLVT14_FDP_V2LP_0P5)
                                                   0.00      5.00 r
  library setup time                              -0.01      4.99
  data required time                                         4.99
  ------------------------------------------------------------------------
  data required time                                         4.99
  data arrival time                                         -1.84
  ------------------------------------------------------------------------
  slack (MET)                                                3.15



  Startpoint: op[3] (input port clocked by clk)
  Endpoint: u_alu/result_reg[30] (rising edge-triggered flip-flop clocked by clk)
  Mode: default
  Corner: default
  Scenario: default
  Path Group: **in2reg_default**
  Path Type: max

  Point                                            Incr      Path  
  ------------------------------------------------------------------------
  clock clk (rise edge)                            0.00      0.00
  clock network delay (ideal)                      0.00      0.00
  input external delay                             1.00      1.00 f
  op[3] (in)                                       0.00      1.00 f
  u_alu/U743/X (SAEDLVT14_NR2_MM_0P5)              0.01      1.01 r
  u_alu/U668/X (SAEDLVT14_INV_1)                   0.00      1.01 f
  u_alu/U664/X (SAEDLVT14_OR2_0P5)                 0.01      1.02 f
  u_alu/U518/X (SAEDLVT14_NR2_1)                   0.10      1.12 r
  u_alu/U485/X (SAEDLVT14_EO2_V1_0P75)             0.05      1.16 f
  u_alu/DP_OP_23J1_122_7706/U33/CO (SAEDLVT14_ADDF_V1_1)
                                                   0.03      1.19 f
  u_alu/DP_OP_23J1_122_7706/U32/CO (SAEDLVT14_ADDF_V1_1)
                                                   0.02      1.21 f
  u_alu/DP_OP_23J1_122_7706/U31/CO (SAEDLVT14_ADDF_V1_1)
                                                   0.02      1.23 f
  u_alu/DP_OP_23J1_122_7706/U30/CO (SAEDLVT14_ADDF_V1_0P5)
                                                   0.02      1.26 f
  u_alu/DP_OP_23J1_122_7706/U29/CO (SAEDLVT14_ADDF_V1_1)
                                                   0.02      1.27 f
  u_alu/DP_OP_23J1_122_7706/U28/CO (SAEDLVT14_ADDF_V1_0P5)
                                                   0.02      1.30 f
  u_alu/DP_OP_23J1_122_7706/U27/CO (SAEDLVT14_ADDF_V1_0P5)
                                                   0.02      1.32 f
  u_alu/DP_OP_23J1_122_7706/U26/CO (SAEDLVT14_ADDF_V1_0P5)
                                                   0.02      1.34 f
  u_alu/DP_OP_23J1_122_7706/U25/CO (SAEDLVT14_ADDF_V1_0P5)
                                                   0.02      1.37 f
  u_alu/DP_OP_23J1_122_7706/U24/CO (SAEDLVT14_ADDF_V1_0P5)
                                                   0.03      1.39 f
  u_alu/DP_OP_23J1_122_7706/U23/CO (SAEDLVT14_ADDF_V1_1)
                                                   0.02      1.41 f
  u_alu/DP_OP_23J1_122_7706/U22/CO (SAEDLVT14_ADDF_V1_0P5)
                                                   0.02      1.43 f
  u_alu/DP_OP_23J1_122_7706/U21/CO (SAEDLVT14_ADDF_V1_0P5)
                                                   0.02      1.46 f
  u_alu/DP_OP_23J1_122_7706/U20/CO (SAEDLVT14_ADDF_V1_0P5)
                                                   0.02      1.48 f
  u_alu/DP_OP_23J1_122_7706/U19/CO (SAEDLVT14_ADDF_V1_0P5)
                                                   0.02      1.50 f
  u_alu/DP_OP_23J1_122_7706/U18/CO (SAEDLVT14_ADDF_V1_0P5)
                                                   0.03      1.53 f
  u_alu/DP_OP_23J1_122_7706/U17/CO (SAEDLVT14_ADDF_V1_1)
                                                   0.02      1.55 f
  u_alu/DP_OP_23J1_122_7706/U16/CO (SAEDLVT14_ADDF_V1_1)
                                                   0.02      1.57 f
  u_alu/DP_OP_23J1_122_7706/U15/CO (SAEDLVT14_ADDF_V1_1)
                                                   0.02      1.59 f
  u_alu/DP_OP_23J1_122_7706/U14/CO (SAEDLVT14_ADDF_V1_1)
                                                   0.02      1.60 f
  u_alu/DP_OP_23J1_122_7706/U13/CO (SAEDLVT14_ADDF_V1_0P5)
                                                   0.02      1.63 f
  u_alu/DP_OP_23J1_122_7706/U12/CO (SAEDLVT14_ADDF_V1_1)
                                                   0.02      1.65 f
  u_alu/DP_OP_23J1_122_7706/U11/CO (SAEDLVT14_ADDF_V1_1)
                                                   0.02      1.67 f
  u_alu/DP_OP_23J1_122_7706/U10/CO (SAEDLVT14_ADDF_V1_1)
                                                   0.02      1.68 f
  u_alu/DP_OP_23J1_122_7706/U9/CO (SAEDLVT14_ADDF_V1_1)
                                                   0.02      1.70 f
  u_alu/DP_OP_23J1_122_7706/U8/CO (SAEDLVT14_ADDF_V1_1)
                                                   0.02      1.72 f
  u_alu/DP_OP_23J1_122_7706/U7/CO (SAEDLVT14_ADDF_V1_1)
                                                   0.02      1.74 f
  u_alu/DP_OP_23J1_122_7706/U6/CO (SAEDLVT14_ADDF_V1_1)
                                                   0.02      1.76 f
  u_alu/DP_OP_23J1_122_7706/U5/CO (SAEDLVT14_ADDF_V1_1)
                                                   0.02      1.78 f
  u_alu/DP_OP_23J1_122_7706/U4/CO (SAEDLVT14_ADDF_V1_1)
                                                   0.02      1.79 f
  u_alu/DP_OP_23J1_122_7706/U3/S (SAEDLVT14_ADDF_V1_1)
                                                   0.03      1.82 r
  u_alu/U8/X (SAEDLVT14_AO21_U_0P5)                0.01      1.83 r
  u_alu/result_reg[30]/D (SAEDLVT14_FDP_V2LP_0P5)
                                                   0.00      1.83 r
  data arrival time                                          1.83

  clock clk (rise edge)                            5.00      5.00
  clock network delay (ideal)                      0.00      5.00
  u_alu/result_reg[30]/CK (SAEDLVT14_FDP_V2LP_0P5)
                                                   0.00      5.00 r
  library setup time                              -0.01      4.99
  data required time                                         4.99
  ------------------------------------------------------------------------
  data required time                                         4.99
  data arrival time                                         -1.83
  ------------------------------------------------------------------------
  slack (MET)                                                3.16



  Startpoint: op[3] (input port clocked by clk)
  Endpoint: u_alu/result_reg[31] (rising edge-triggered flip-flop clocked by clk)
  Mode: default
  Corner: default
  Scenario: default
  Path Group: **in2reg_default**
  Path Type: max

  Point                                            Incr      Path  
  ------------------------------------------------------------------------
  clock clk (rise edge)                            0.00      0.00
  clock network delay (ideal)                      0.00      0.00
  input external delay                             1.00      1.00 f
  op[3] (in)                                       0.00      1.00 f
  u_alu/U743/X (SAEDLVT14_NR2_MM_0P5)              0.01      1.01 r
  u_alu/U668/X (SAEDLVT14_INV_1)                   0.00      1.01 f
  u_alu/U664/X (SAEDLVT14_OR2_0P5)                 0.01      1.02 f
  u_alu/U518/X (SAEDLVT14_NR2_1)                   0.10      1.12 r
  u_alu/U485/X (SAEDLVT14_EO2_V1_0P75)             0.05      1.16 f
  u_alu/DP_OP_23J1_122_7706/U33/CO (SAEDLVT14_ADDF_V1_1)
                                                   0.03      1.19 f
  u_alu/DP_OP_23J1_122_7706/U32/CO (SAEDLVT14_ADDF_V1_1)
                                                   0.02      1.21 f
  u_alu/DP_OP_23J1_122_7706/U31/CO (SAEDLVT14_ADDF_V1_1)
                                                   0.02      1.23 f
  u_alu/DP_OP_23J1_122_7706/U30/CO (SAEDLVT14_ADDF_V1_0P5)
                                                   0.02      1.26 f
  u_alu/DP_OP_23J1_122_7706/U29/CO (SAEDLVT14_ADDF_V1_1)
                                                   0.02      1.27 f
  u_alu/DP_OP_23J1_122_7706/U28/CO (SAEDLVT14_ADDF_V1_0P5)
                                                   0.02      1.30 f
  u_alu/DP_OP_23J1_122_7706/U27/CO (SAEDLVT14_ADDF_V1_0P5)
                                                   0.02      1.32 f
  u_alu/DP_OP_23J1_122_7706/U26/CO (SAEDLVT14_ADDF_V1_0P5)
                                                   0.02      1.34 f
  u_alu/DP_OP_23J1_122_7706/U25/CO (SAEDLVT14_ADDF_V1_0P5)
                                                   0.02      1.37 f
  u_alu/DP_OP_23J1_122_7706/U24/CO (SAEDLVT14_ADDF_V1_0P5)
                                                   0.03      1.39 f
  u_alu/DP_OP_23J1_122_7706/U23/CO (SAEDLVT14_ADDF_V1_1)
                                                   0.02      1.41 f
  u_alu/DP_OP_23J1_122_7706/U22/CO (SAEDLVT14_ADDF_V1_0P5)
                                                   0.02      1.43 f
  u_alu/DP_OP_23J1_122_7706/U21/CO (SAEDLVT14_ADDF_V1_0P5)
                                                   0.02      1.46 f
  u_alu/DP_OP_23J1_122_7706/U20/CO (SAEDLVT14_ADDF_V1_0P5)
                                                   0.02      1.48 f
  u_alu/DP_OP_23J1_122_7706/U19/CO (SAEDLVT14_ADDF_V1_0P5)
                                                   0.02      1.50 f
  u_alu/DP_OP_23J1_122_7706/U18/CO (SAEDLVT14_ADDF_V1_0P5)
                                                   0.03      1.53 f
  u_alu/DP_OP_23J1_122_7706/U17/CO (SAEDLVT14_ADDF_V1_1)
                                                   0.02      1.55 f
  u_alu/DP_OP_23J1_122_7706/U16/CO (SAEDLVT14_ADDF_V1_1)
                                                   0.02      1.57 f
  u_alu/DP_OP_23J1_122_7706/U15/CO (SAEDLVT14_ADDF_V1_1)
                                                   0.02      1.59 f
  u_alu/DP_OP_23J1_122_7706/U14/CO (SAEDLVT14_ADDF_V1_1)
                                                   0.02      1.60 f
  u_alu/DP_OP_23J1_122_7706/U13/CO (SAEDLVT14_ADDF_V1_0P5)
                                                   0.02      1.63 f
  u_alu/DP_OP_23J1_122_7706/U12/CO (SAEDLVT14_ADDF_V1_1)
                                                   0.02      1.65 f
  u_alu/DP_OP_23J1_122_7706/U11/CO (SAEDLVT14_ADDF_V1_1)
                                                   0.02      1.67 f
  u_alu/DP_OP_23J1_122_7706/U10/CO (SAEDLVT14_ADDF_V1_1)
                                                   0.02      1.68 f
  u_alu/DP_OP_23J1_122_7706/U9/CO (SAEDLVT14_ADDF_V1_1)
                                                   0.02      1.70 f
  u_alu/DP_OP_23J1_122_7706/U8/CO (SAEDLVT14_ADDF_V1_1)
                                                   0.02      1.72 f
  u_alu/DP_OP_23J1_122_7706/U7/CO (SAEDLVT14_ADDF_V1_1)
                                                   0.02      1.74 f
  u_alu/DP_OP_23J1_122_7706/U6/CO (SAEDLVT14_ADDF_V1_1)
                                                   0.02      1.76 f
  u_alu/DP_OP_23J1_122_7706/U5/CO (SAEDLVT14_ADDF_V1_1)
                                                   0.02      1.78 f
  u_alu/DP_OP_23J1_122_7706/U4/CO (SAEDLVT14_ADDF_V1_1)
                                                   0.02      1.79 f
  u_alu/DP_OP_23J1_122_7706/U3/CO (SAEDLVT14_ADDF_V1_1)
                                                   0.02      1.81 f
  u_alu/U9/X (SAEDLVT14_EO2_V1_0P75)               0.01      1.82 f
  u_alu/U6/X (SAEDLVT14_AO21_U_0P5)                0.01      1.83 f
  u_alu/result_reg[31]/D (SAEDLVT14_FDP_V2LP_0P5)
                                                   0.00      1.83 f
  data arrival time                                          1.83

  clock clk (rise edge)                            5.00      5.00
  clock network delay (ideal)                      0.00      5.00
  u_alu/result_reg[31]/CK (SAEDLVT14_FDP_V2LP_0P5)
                                                   0.00      5.00 r
  library setup time                              -0.01      4.99
  data required time                                         4.99
  ------------------------------------------------------------------------
  data required time                                         4.99
  data arrival time                                         -1.83
  ------------------------------------------------------------------------
  slack (MET)                                                3.16



  Startpoint: op[3] (input port clocked by clk)
  Endpoint: u_alu/result_reg[27] (rising edge-triggered flip-flop clocked by clk)
  Mode: default
  Corner: default
  Scenario: default
  Path Group: **in2reg_default**
  Path Type: max

  Point                                            Incr      Path  
  ------------------------------------------------------------------------
  clock clk (rise edge)                            0.00      0.00
  clock network delay (ideal)                      0.00      0.00
  input external delay                             1.00      1.00 f
  op[3] (in)                                       0.00      1.00 f
  u_alu/U743/X (SAEDLVT14_NR2_MM_0P5)              0.01      1.01 r
  u_alu/U668/X (SAEDLVT14_INV_1)                   0.00      1.01 f
  u_alu/U664/X (SAEDLVT14_OR2_0P5)                 0.01      1.02 f
  u_alu/U518/X (SAEDLVT14_NR2_1)                   0.10      1.12 r
  u_alu/U485/X (SAEDLVT14_EO2_V1_0P75)             0.05      1.16 f
  u_alu/DP_OP_23J1_122_7706/U33/CO (SAEDLVT14_ADDF_V1_1)
                                                   0.03      1.19 f
  u_alu/DP_OP_23J1_122_7706/U32/CO (SAEDLVT14_ADDF_V1_1)
                                                   0.02      1.21 f
  u_alu/DP_OP_23J1_122_7706/U31/CO (SAEDLVT14_ADDF_V1_1)
                                                   0.02      1.23 f
  u_alu/DP_OP_23J1_122_7706/U30/CO (SAEDLVT14_ADDF_V1_0P5)
                                                   0.02      1.26 f
  u_alu/DP_OP_23J1_122_7706/U29/CO (SAEDLVT14_ADDF_V1_1)
                                                   0.02      1.27 f
  u_alu/DP_OP_23J1_122_7706/U28/CO (SAEDLVT14_ADDF_V1_0P5)
                                                   0.02      1.30 f
  u_alu/DP_OP_23J1_122_7706/U27/CO (SAEDLVT14_ADDF_V1_0P5)
                                                   0.02      1.32 f
  u_alu/DP_OP_23J1_122_7706/U26/CO (SAEDLVT14_ADDF_V1_0P5)
                                                   0.02      1.34 f
  u_alu/DP_OP_23J1_122_7706/U25/CO (SAEDLVT14_ADDF_V1_0P5)
                                                   0.02      1.37 f
  u_alu/DP_OP_23J1_122_7706/U24/CO (SAEDLVT14_ADDF_V1_0P5)
                                                   0.03      1.39 f
  u_alu/DP_OP_23J1_122_7706/U23/CO (SAEDLVT14_ADDF_V1_1)
                                                   0.02      1.41 f
  u_alu/DP_OP_23J1_122_7706/U22/CO (SAEDLVT14_ADDF_V1_0P5)
                                                   0.02      1.43 f
  u_alu/DP_OP_23J1_122_7706/U21/CO (SAEDLVT14_ADDF_V1_0P5)
                                                   0.02      1.46 f
  u_alu/DP_OP_23J1_122_7706/U20/CO (SAEDLVT14_ADDF_V1_0P5)
                                                   0.02      1.48 f
  u_alu/DP_OP_23J1_122_7706/U19/CO (SAEDLVT14_ADDF_V1_0P5)
                                                   0.02      1.50 f
  u_alu/DP_OP_23J1_122_7706/U18/CO (SAEDLVT14_ADDF_V1_0P5)
                                                   0.03      1.53 f
  u_alu/DP_OP_23J1_122_7706/U17/CO (SAEDLVT14_ADDF_V1_1)
                                                   0.02      1.55 f
  u_alu/DP_OP_23J1_122_7706/U16/CO (SAEDLVT14_ADDF_V1_1)
                                                   0.02      1.57 f
  u_alu/DP_OP_23J1_122_7706/U15/CO (SAEDLVT14_ADDF_V1_1)
                                                   0.02      1.59 f
  u_alu/DP_OP_23J1_122_7706/U14/CO (SAEDLVT14_ADDF_V1_1)
                                                   0.02      1.60 f
  u_alu/DP_OP_23J1_122_7706/U13/CO (SAEDLVT14_ADDF_V1_0P5)
                                                   0.02      1.63 f
  u_alu/DP_OP_23J1_122_7706/U12/CO (SAEDLVT14_ADDF_V1_1)
                                                   0.02      1.65 f
  u_alu/DP_OP_23J1_122_7706/U11/CO (SAEDLVT14_ADDF_V1_1)
                                                   0.02      1.67 f
  u_alu/DP_OP_23J1_122_7706/U10/CO (SAEDLVT14_ADDF_V1_1)
                                                   0.02      1.68 f
  u_alu/DP_OP_23J1_122_7706/U9/CO (SAEDLVT14_ADDF_V1_1)
                                                   0.02      1.70 f
  u_alu/DP_OP_23J1_122_7706/U8/CO (SAEDLVT14_ADDF_V1_1)
                                                   0.02      1.72 f
  u_alu/DP_OP_23J1_122_7706/U7/CO (SAEDLVT14_ADDF_V1_1)
                                                   0.02      1.74 f
  u_alu/DP_OP_23J1_122_7706/U6/S (SAEDLVT14_ADDF_V1_1)
                                                   0.03      1.77 r
  u_alu/U16/X (SAEDLVT14_AO21_U_0P5)               0.01      1.78 r
  u_alu/U15/X (SAEDLVT14_AOI21_0P75)               0.00      1.78 f
  u_alu/U12/X (SAEDLVT14_AOI21_0P75)               0.01      1.79 r
  u_alu/U768/X (SAEDLVT14_OR4_1)                   0.01      1.80 r
  u_alu/result_reg[27]/D (SAEDLVT14_FDP_V2LP_0P5)
                                                   0.00      1.80 r
  data arrival time                                          1.80

  clock clk (rise edge)                            5.00      5.00
  clock network delay (ideal)                      0.00      5.00
  u_alu/result_reg[27]/CK (SAEDLVT14_FDP_V2LP_0P5)
                                                   0.00      5.00 r
  library setup time                              -0.01      4.99
  data required time                                         4.99
  ------------------------------------------------------------------------
  data required time                                         4.99
  data arrival time                                         -1.80
  ------------------------------------------------------------------------
  slack (MET)                                                3.19



  Startpoint: op[3] (input port clocked by clk)
  Endpoint: u_alu/result_reg[28] (rising edge-triggered flip-flop clocked by clk)
  Mode: default
  Corner: default
  Scenario: default
  Path Group: **in2reg_default**
  Path Type: max

  Point                                            Incr      Path  
  ------------------------------------------------------------------------
  clock clk (rise edge)                            0.00      0.00
  clock network delay (ideal)                      0.00      0.00
  input external delay                             1.00      1.00 f
  op[3] (in)                                       0.00      1.00 f
  u_alu/U743/X (SAEDLVT14_NR2_MM_0P5)              0.01      1.01 r
  u_alu/U668/X (SAEDLVT14_INV_1)                   0.00      1.01 f
  u_alu/U664/X (SAEDLVT14_OR2_0P5)                 0.01      1.02 f
  u_alu/U518/X (SAEDLVT14_NR2_1)                   0.10      1.12 r
  u_alu/U485/X (SAEDLVT14_EO2_V1_0P75)             0.05      1.16 f
  u_alu/DP_OP_23J1_122_7706/U33/CO (SAEDLVT14_ADDF_V1_1)
                                                   0.03      1.19 f
  u_alu/DP_OP_23J1_122_7706/U32/CO (SAEDLVT14_ADDF_V1_1)
                                                   0.02      1.21 f
  u_alu/DP_OP_23J1_122_7706/U31/CO (SAEDLVT14_ADDF_V1_1)
                                                   0.02      1.23 f
  u_alu/DP_OP_23J1_122_7706/U30/CO (SAEDLVT14_ADDF_V1_0P5)
                                                   0.02      1.26 f
  u_alu/DP_OP_23J1_122_7706/U29/CO (SAEDLVT14_ADDF_V1_1)
                                                   0.02      1.27 f
  u_alu/DP_OP_23J1_122_7706/U28/CO (SAEDLVT14_ADDF_V1_0P5)
                                                   0.02      1.30 f
  u_alu/DP_OP_23J1_122_7706/U27/CO (SAEDLVT14_ADDF_V1_0P5)
                                                   0.02      1.32 f
  u_alu/DP_OP_23J1_122_7706/U26/CO (SAEDLVT14_ADDF_V1_0P5)
                                                   0.02      1.34 f
  u_alu/DP_OP_23J1_122_7706/U25/CO (SAEDLVT14_ADDF_V1_0P5)
                                                   0.02      1.37 f
  u_alu/DP_OP_23J1_122_7706/U24/CO (SAEDLVT14_ADDF_V1_0P5)
                                                   0.03      1.39 f
  u_alu/DP_OP_23J1_122_7706/U23/CO (SAEDLVT14_ADDF_V1_1)
                                                   0.02      1.41 f
  u_alu/DP_OP_23J1_122_7706/U22/CO (SAEDLVT14_ADDF_V1_0P5)
                                                   0.02      1.43 f
  u_alu/DP_OP_23J1_122_7706/U21/CO (SAEDLVT14_ADDF_V1_0P5)
                                                   0.02      1.46 f
  u_alu/DP_OP_23J1_122_7706/U20/CO (SAEDLVT14_ADDF_V1_0P5)
                                                   0.02      1.48 f
  u_alu/DP_OP_23J1_122_7706/U19/CO (SAEDLVT14_ADDF_V1_0P5)
                                                   0.02      1.50 f
  u_alu/DP_OP_23J1_122_7706/U18/CO (SAEDLVT14_ADDF_V1_0P5)
                                                   0.03      1.53 f
  u_alu/DP_OP_23J1_122_7706/U17/CO (SAEDLVT14_ADDF_V1_1)
                                                   0.02      1.55 f
  u_alu/DP_OP_23J1_122_7706/U16/CO (SAEDLVT14_ADDF_V1_1)
                                                   0.02      1.57 f
  u_alu/DP_OP_23J1_122_7706/U15/CO (SAEDLVT14_ADDF_V1_1)
                                                   0.02      1.59 f
  u_alu/DP_OP_23J1_122_7706/U14/CO (SAEDLVT14_ADDF_V1_1)
                                                   0.02      1.60 f
  u_alu/DP_OP_23J1_122_7706/U13/CO (SAEDLVT14_ADDF_V1_0P5)
                                                   0.02      1.63 f
  u_alu/DP_OP_23J1_122_7706/U12/CO (SAEDLVT14_ADDF_V1_1)
                                                   0.02      1.65 f
  u_alu/DP_OP_23J1_122_7706/U11/CO (SAEDLVT14_ADDF_V1_1)
                                                   0.02      1.67 f
  u_alu/DP_OP_23J1_122_7706/U10/CO (SAEDLVT14_ADDF_V1_1)
                                                   0.02      1.68 f
  u_alu/DP_OP_23J1_122_7706/U9/CO (SAEDLVT14_ADDF_V1_1)
                                                   0.02      1.70 f
  u_alu/DP_OP_23J1_122_7706/U8/CO (SAEDLVT14_ADDF_V1_1)
                                                   0.02      1.72 f
  u_alu/DP_OP_23J1_122_7706/U7/CO (SAEDLVT14_ADDF_V1_1)
                                                   0.02      1.74 f
  u_alu/DP_OP_23J1_122_7706/U6/CO (SAEDLVT14_ADDF_V1_1)
                                                   0.02      1.76 f
  u_alu/DP_OP_23J1_122_7706/U5/S (SAEDLVT14_ADDF_V1_1)
                                                   0.03      1.79 r
  u_alu/U13/X (SAEDLVT14_AO21_U_0P5)               0.01      1.80 r
  u_alu/result_reg[28]/D (SAEDLVT14_FDP_V2LP_0P5)
                                                   0.00      1.80 r
  data arrival time                                          1.80

  clock clk (rise edge)                            5.00      5.00
  clock network delay (ideal)                      0.00      5.00
  u_alu/result_reg[28]/CK (SAEDLVT14_FDP_V2LP_0P5)
                                                   0.00      5.00 r
  library setup time                              -0.01      4.99
  data required time                                         4.99
  ------------------------------------------------------------------------
  data required time                                         4.99
  data arrival time                                         -1.80
  ------------------------------------------------------------------------
  slack (MET)                                                3.19


1
