Information: Updating design information... (UID-85)
 
****************************************
Report : timing
        -path full
        -delay max
        -max_paths 5
Design : static_pg_top
Version: R-2020.09-SP5-5
Date   : Sun Jun 28 18:10:12 2026
****************************************

Operating Conditions: tt0p8v25c   Library: saed14lvt_tt0p8v25c
Wire Load Model Mode: top

  Startpoint: op[3] (input port clocked by clk)
  Endpoint: u_alu/result_reg[31]
            (rising edge-triggered flip-flop clocked by clk)
  Path Group: clk
  Path Type: max

  Des/Clust/Port     Wire Load Model       Library
  ------------------------------------------------
  static_pg_top      8000                  saed14lvt_tt0p8v25c

  Point                                                   Incr       Path
  --------------------------------------------------------------------------
  clock clk (rise edge)                                   0.00       0.00
  clock network delay (ideal)                             0.00       0.00
  input external delay                                    1.00       1.00 f
  op[3] (in)                                              0.00       1.00 f
  u_alu/op[3] (alu_32bit)                                 0.00       1.00 f
  u_alu/U743/X (SAEDLVT14_NR2_MM_0P5)                     0.01       1.01 r
  u_alu/U668/X (SAEDLVT14_INV_1)                          0.01       1.03 f
  u_alu/U664/X (SAEDLVT14_OR2_0P5)                        0.01       1.04 f
  u_alu/U518/X (SAEDLVT14_NR2_1)                          0.09       1.14 r
  u_alu/U485/X (SAEDLVT14_EO2_V1_0P75)                    0.11       1.25 f
  u_alu/DP_OP_23J1_122_7706/U33/CO (SAEDLVT14_ADDF_V1_1)
                                                          0.05       1.30 f
  u_alu/DP_OP_23J1_122_7706/U32/CO (SAEDLVT14_ADDF_V1_1)
                                                          0.04       1.34 f
  u_alu/DP_OP_23J1_122_7706/U31/CO (SAEDLVT14_ADDF_V1_1)
                                                          0.04       1.38 f
  u_alu/DP_OP_23J1_122_7706/U30/CO (SAEDLVT14_ADDF_V1_0P5)
                                                          0.04       1.42 f
  u_alu/DP_OP_23J1_122_7706/U29/CO (SAEDLVT14_ADDF_V1_1)
                                                          0.04       1.47 f
  u_alu/DP_OP_23J1_122_7706/U28/CO (SAEDLVT14_ADDF_V1_0P5)
                                                          0.04       1.50 f
  u_alu/DP_OP_23J1_122_7706/U27/CO (SAEDLVT14_ADDF_V1_0P5)
                                                          0.04       1.54 f
  u_alu/DP_OP_23J1_122_7706/U26/CO (SAEDLVT14_ADDF_V1_0P5)
                                                          0.04       1.58 f
  u_alu/DP_OP_23J1_122_7706/U25/CO (SAEDLVT14_ADDF_V1_0P5)
                                                          0.04       1.61 f
  u_alu/DP_OP_23J1_122_7706/U24/CO (SAEDLVT14_ADDF_V1_0P5)
                                                          0.04       1.65 f
  u_alu/DP_OP_23J1_122_7706/U23/CO (SAEDLVT14_ADDF_V1_1)
                                                          0.04       1.70 f
  u_alu/DP_OP_23J1_122_7706/U22/CO (SAEDLVT14_ADDF_V1_0P5)
                                                          0.04       1.73 f
  u_alu/DP_OP_23J1_122_7706/U21/CO (SAEDLVT14_ADDF_V1_0P5)
                                                          0.04       1.77 f
  u_alu/DP_OP_23J1_122_7706/U20/CO (SAEDLVT14_ADDF_V1_0P5)
                                                          0.04       1.81 f
  u_alu/DP_OP_23J1_122_7706/U19/CO (SAEDLVT14_ADDF_V1_0P5)
                                                          0.04       1.84 f
  u_alu/DP_OP_23J1_122_7706/U18/CO (SAEDLVT14_ADDF_V1_0P5)
                                                          0.04       1.88 f
  u_alu/DP_OP_23J1_122_7706/U17/CO (SAEDLVT14_ADDF_V1_1)
                                                          0.05       1.93 f
  u_alu/DP_OP_23J1_122_7706/U16/CO (SAEDLVT14_ADDF_V1_1)
                                                          0.04       1.97 f
  u_alu/DP_OP_23J1_122_7706/U15/CO (SAEDLVT14_ADDF_V1_1)
                                                          0.04       2.02 f
  u_alu/DP_OP_23J1_122_7706/U14/CO (SAEDLVT14_ADDF_V1_1)
                                                          0.04       2.06 f
  u_alu/DP_OP_23J1_122_7706/U13/CO (SAEDLVT14_ADDF_V1_0P5)
                                                          0.04       2.10 f
  u_alu/DP_OP_23J1_122_7706/U12/CO (SAEDLVT14_ADDF_V1_1)
                                                          0.05       2.14 f
  u_alu/DP_OP_23J1_122_7706/U11/CO (SAEDLVT14_ADDF_V1_1)
                                                          0.04       2.19 f
  u_alu/DP_OP_23J1_122_7706/U10/CO (SAEDLVT14_ADDF_V1_1)
                                                          0.04       2.23 f
  u_alu/DP_OP_23J1_122_7706/U9/CO (SAEDLVT14_ADDF_V1_1)
                                                          0.04       2.28 f
  u_alu/DP_OP_23J1_122_7706/U8/CO (SAEDLVT14_ADDF_V1_1)
                                                          0.04       2.32 f
  u_alu/DP_OP_23J1_122_7706/U7/CO (SAEDLVT14_ADDF_V1_1)
                                                          0.04       2.36 f
  u_alu/DP_OP_23J1_122_7706/U6/CO (SAEDLVT14_ADDF_V1_1)
                                                          0.04       2.41 f
  u_alu/DP_OP_23J1_122_7706/U5/CO (SAEDLVT14_ADDF_V1_1)
                                                          0.04       2.45 f
  u_alu/DP_OP_23J1_122_7706/U4/CO (SAEDLVT14_ADDF_V1_1)
                                                          0.04       2.50 f
  u_alu/DP_OP_23J1_122_7706/U3/CO (SAEDLVT14_ADDF_V1_1)
                                                          0.04       2.54 f
  u_alu/U9/X (SAEDLVT14_EO2_V1_0P75)                      0.02       2.56 f
  u_alu/U6/X (SAEDLVT14_AO21_U_0P5)                       0.01       2.58 f
  u_alu/result_reg[31]/D (SAEDLVT14_FDP_V2LP_0P5)         0.01       2.58 f
  data arrival time                                                  2.58

  clock clk (rise edge)                                   5.00       5.00
  clock network delay (ideal)                             0.00       5.00
  u_alu/result_reg[31]/CK (SAEDLVT14_FDP_V2LP_0P5)        0.00       5.00 r
  library setup time                                     -0.01       4.99
  data required time                                                 4.99
  --------------------------------------------------------------------------
  data required time                                                 4.99
  data arrival time                                                 -2.58
  --------------------------------------------------------------------------
  slack (MET)                                                        2.41


  Startpoint: op[3] (input port clocked by clk)
  Endpoint: u_alu/result_reg[29]
            (rising edge-triggered flip-flop clocked by clk)
  Path Group: clk
  Path Type: max

  Des/Clust/Port     Wire Load Model       Library
  ------------------------------------------------
  static_pg_top      8000                  saed14lvt_tt0p8v25c

  Point                                                   Incr       Path
  --------------------------------------------------------------------------
  clock clk (rise edge)                                   0.00       0.00
  clock network delay (ideal)                             0.00       0.00
  input external delay                                    1.00       1.00 f
  op[3] (in)                                              0.00       1.00 f
  u_alu/op[3] (alu_32bit)                                 0.00       1.00 f
  u_alu/U743/X (SAEDLVT14_NR2_MM_0P5)                     0.01       1.01 r
  u_alu/U668/X (SAEDLVT14_INV_1)                          0.01       1.03 f
  u_alu/U664/X (SAEDLVT14_OR2_0P5)                        0.01       1.04 f
  u_alu/U518/X (SAEDLVT14_NR2_1)                          0.09       1.14 r
  u_alu/U485/X (SAEDLVT14_EO2_V1_0P75)                    0.11       1.25 f
  u_alu/DP_OP_23J1_122_7706/U33/CO (SAEDLVT14_ADDF_V1_1)
                                                          0.05       1.30 f
  u_alu/DP_OP_23J1_122_7706/U32/CO (SAEDLVT14_ADDF_V1_1)
                                                          0.04       1.34 f
  u_alu/DP_OP_23J1_122_7706/U31/CO (SAEDLVT14_ADDF_V1_1)
                                                          0.04       1.38 f
  u_alu/DP_OP_23J1_122_7706/U30/CO (SAEDLVT14_ADDF_V1_0P5)
                                                          0.04       1.42 f
  u_alu/DP_OP_23J1_122_7706/U29/CO (SAEDLVT14_ADDF_V1_1)
                                                          0.04       1.47 f
  u_alu/DP_OP_23J1_122_7706/U28/CO (SAEDLVT14_ADDF_V1_0P5)
                                                          0.04       1.50 f
  u_alu/DP_OP_23J1_122_7706/U27/CO (SAEDLVT14_ADDF_V1_0P5)
                                                          0.04       1.54 f
  u_alu/DP_OP_23J1_122_7706/U26/CO (SAEDLVT14_ADDF_V1_0P5)
                                                          0.04       1.58 f
  u_alu/DP_OP_23J1_122_7706/U25/CO (SAEDLVT14_ADDF_V1_0P5)
                                                          0.04       1.61 f
  u_alu/DP_OP_23J1_122_7706/U24/CO (SAEDLVT14_ADDF_V1_0P5)
                                                          0.04       1.65 f
  u_alu/DP_OP_23J1_122_7706/U23/CO (SAEDLVT14_ADDF_V1_1)
                                                          0.04       1.70 f
  u_alu/DP_OP_23J1_122_7706/U22/CO (SAEDLVT14_ADDF_V1_0P5)
                                                          0.04       1.73 f
  u_alu/DP_OP_23J1_122_7706/U21/CO (SAEDLVT14_ADDF_V1_0P5)
                                                          0.04       1.77 f
  u_alu/DP_OP_23J1_122_7706/U20/CO (SAEDLVT14_ADDF_V1_0P5)
                                                          0.04       1.81 f
  u_alu/DP_OP_23J1_122_7706/U19/CO (SAEDLVT14_ADDF_V1_0P5)
                                                          0.04       1.84 f
  u_alu/DP_OP_23J1_122_7706/U18/CO (SAEDLVT14_ADDF_V1_0P5)
                                                          0.04       1.88 f
  u_alu/DP_OP_23J1_122_7706/U17/CO (SAEDLVT14_ADDF_V1_1)
                                                          0.05       1.93 f
  u_alu/DP_OP_23J1_122_7706/U16/CO (SAEDLVT14_ADDF_V1_1)
                                                          0.04       1.97 f
  u_alu/DP_OP_23J1_122_7706/U15/CO (SAEDLVT14_ADDF_V1_1)
                                                          0.04       2.02 f
  u_alu/DP_OP_23J1_122_7706/U14/CO (SAEDLVT14_ADDF_V1_1)
                                                          0.04       2.06 f
  u_alu/DP_OP_23J1_122_7706/U13/CO (SAEDLVT14_ADDF_V1_0P5)
                                                          0.04       2.10 f
  u_alu/DP_OP_23J1_122_7706/U12/CO (SAEDLVT14_ADDF_V1_1)
                                                          0.05       2.14 f
  u_alu/DP_OP_23J1_122_7706/U11/CO (SAEDLVT14_ADDF_V1_1)
                                                          0.04       2.19 f
  u_alu/DP_OP_23J1_122_7706/U10/CO (SAEDLVT14_ADDF_V1_1)
                                                          0.04       2.23 f
  u_alu/DP_OP_23J1_122_7706/U9/CO (SAEDLVT14_ADDF_V1_1)
                                                          0.04       2.28 f
  u_alu/DP_OP_23J1_122_7706/U8/CO (SAEDLVT14_ADDF_V1_1)
                                                          0.04       2.32 f
  u_alu/DP_OP_23J1_122_7706/U7/CO (SAEDLVT14_ADDF_V1_1)
                                                          0.04       2.36 f
  u_alu/DP_OP_23J1_122_7706/U6/CO (SAEDLVT14_ADDF_V1_1)
                                                          0.04       2.41 f
  u_alu/DP_OP_23J1_122_7706/U5/CO (SAEDLVT14_ADDF_V1_1)
                                                          0.04       2.45 f
  u_alu/DP_OP_23J1_122_7706/U4/S (SAEDLVT14_ADDF_V1_1)
                                                          0.05       2.50 r
  u_alu/U11/X (SAEDLVT14_AO21_U_0P5)                      0.01       2.52 r
  u_alu/U10/X (SAEDLVT14_AOI21_0P75)                      0.01       2.53 f
  u_alu/U7/X (SAEDLVT14_AOI21_0P75)                       0.01       2.54 r
  u_alu/U5/X (SAEDLVT14_AOI21_0P75)                       0.01       2.55 f
  u_alu/U4/X (SAEDLVT14_OAI21_0P5)                        0.01       2.56 r
  u_alu/result_reg[29]/D (SAEDLVT14_FDP_V2LP_0P5)         0.01       2.57 r
  data arrival time                                                  2.57

  clock clk (rise edge)                                   5.00       5.00
  clock network delay (ideal)                             0.00       5.00
  u_alu/result_reg[29]/CK (SAEDLVT14_FDP_V2LP_0P5)        0.00       5.00 r
  library setup time                                     -0.01       4.99
  data required time                                                 4.99
  --------------------------------------------------------------------------
  data required time                                                 4.99
  data arrival time                                                 -2.57
  --------------------------------------------------------------------------
  slack (MET)                                                        2.43


  Startpoint: op[3] (input port clocked by clk)
  Endpoint: u_alu/result_reg[30]
            (rising edge-triggered flip-flop clocked by clk)
  Path Group: clk
  Path Type: max

  Des/Clust/Port     Wire Load Model       Library
  ------------------------------------------------
  static_pg_top      8000                  saed14lvt_tt0p8v25c

  Point                                                   Incr       Path
  --------------------------------------------------------------------------
  clock clk (rise edge)                                   0.00       0.00
  clock network delay (ideal)                             0.00       0.00
  input external delay                                    1.00       1.00 f
  op[3] (in)                                              0.00       1.00 f
  u_alu/op[3] (alu_32bit)                                 0.00       1.00 f
  u_alu/U743/X (SAEDLVT14_NR2_MM_0P5)                     0.01       1.01 r
  u_alu/U668/X (SAEDLVT14_INV_1)                          0.01       1.03 f
  u_alu/U664/X (SAEDLVT14_OR2_0P5)                        0.01       1.04 f
  u_alu/U518/X (SAEDLVT14_NR2_1)                          0.09       1.14 r
  u_alu/U485/X (SAEDLVT14_EO2_V1_0P75)                    0.11       1.25 f
  u_alu/DP_OP_23J1_122_7706/U33/CO (SAEDLVT14_ADDF_V1_1)
                                                          0.05       1.30 f
  u_alu/DP_OP_23J1_122_7706/U32/CO (SAEDLVT14_ADDF_V1_1)
                                                          0.04       1.34 f
  u_alu/DP_OP_23J1_122_7706/U31/CO (SAEDLVT14_ADDF_V1_1)
                                                          0.04       1.38 f
  u_alu/DP_OP_23J1_122_7706/U30/CO (SAEDLVT14_ADDF_V1_0P5)
                                                          0.04       1.42 f
  u_alu/DP_OP_23J1_122_7706/U29/CO (SAEDLVT14_ADDF_V1_1)
                                                          0.04       1.47 f
  u_alu/DP_OP_23J1_122_7706/U28/CO (SAEDLVT14_ADDF_V1_0P5)
                                                          0.04       1.50 f
  u_alu/DP_OP_23J1_122_7706/U27/CO (SAEDLVT14_ADDF_V1_0P5)
                                                          0.04       1.54 f
  u_alu/DP_OP_23J1_122_7706/U26/CO (SAEDLVT14_ADDF_V1_0P5)
                                                          0.04       1.58 f
  u_alu/DP_OP_23J1_122_7706/U25/CO (SAEDLVT14_ADDF_V1_0P5)
                                                          0.04       1.61 f
  u_alu/DP_OP_23J1_122_7706/U24/CO (SAEDLVT14_ADDF_V1_0P5)
                                                          0.04       1.65 f
  u_alu/DP_OP_23J1_122_7706/U23/CO (SAEDLVT14_ADDF_V1_1)
                                                          0.04       1.70 f
  u_alu/DP_OP_23J1_122_7706/U22/CO (SAEDLVT14_ADDF_V1_0P5)
                                                          0.04       1.73 f
  u_alu/DP_OP_23J1_122_7706/U21/CO (SAEDLVT14_ADDF_V1_0P5)
                                                          0.04       1.77 f
  u_alu/DP_OP_23J1_122_7706/U20/CO (SAEDLVT14_ADDF_V1_0P5)
                                                          0.04       1.81 f
  u_alu/DP_OP_23J1_122_7706/U19/CO (SAEDLVT14_ADDF_V1_0P5)
                                                          0.04       1.84 f
  u_alu/DP_OP_23J1_122_7706/U18/CO (SAEDLVT14_ADDF_V1_0P5)
                                                          0.04       1.88 f
  u_alu/DP_OP_23J1_122_7706/U17/CO (SAEDLVT14_ADDF_V1_1)
                                                          0.05       1.93 f
  u_alu/DP_OP_23J1_122_7706/U16/CO (SAEDLVT14_ADDF_V1_1)
                                                          0.04       1.97 f
  u_alu/DP_OP_23J1_122_7706/U15/CO (SAEDLVT14_ADDF_V1_1)
                                                          0.04       2.02 f
  u_alu/DP_OP_23J1_122_7706/U14/CO (SAEDLVT14_ADDF_V1_1)
                                                          0.04       2.06 f
  u_alu/DP_OP_23J1_122_7706/U13/CO (SAEDLVT14_ADDF_V1_0P5)
                                                          0.04       2.10 f
  u_alu/DP_OP_23J1_122_7706/U12/CO (SAEDLVT14_ADDF_V1_1)
                                                          0.05       2.14 f
  u_alu/DP_OP_23J1_122_7706/U11/CO (SAEDLVT14_ADDF_V1_1)
                                                          0.04       2.19 f
  u_alu/DP_OP_23J1_122_7706/U10/CO (SAEDLVT14_ADDF_V1_1)
                                                          0.04       2.23 f
  u_alu/DP_OP_23J1_122_7706/U9/CO (SAEDLVT14_ADDF_V1_1)
                                                          0.04       2.28 f
  u_alu/DP_OP_23J1_122_7706/U8/CO (SAEDLVT14_ADDF_V1_1)
                                                          0.04       2.32 f
  u_alu/DP_OP_23J1_122_7706/U7/CO (SAEDLVT14_ADDF_V1_1)
                                                          0.04       2.36 f
  u_alu/DP_OP_23J1_122_7706/U6/CO (SAEDLVT14_ADDF_V1_1)
                                                          0.04       2.41 f
  u_alu/DP_OP_23J1_122_7706/U5/CO (SAEDLVT14_ADDF_V1_1)
                                                          0.04       2.45 f
  u_alu/DP_OP_23J1_122_7706/U4/CO (SAEDLVT14_ADDF_V1_1)
                                                          0.04       2.50 f
  u_alu/DP_OP_23J1_122_7706/U3/S (SAEDLVT14_ADDF_V1_1)
                                                          0.05       2.55 r
  u_alu/U8/X (SAEDLVT14_AO21_U_0P5)                       0.01       2.56 r
  u_alu/result_reg[30]/D (SAEDLVT14_FDP_V2LP_0P5)         0.01       2.57 r
  data arrival time                                                  2.57

  clock clk (rise edge)                                   5.00       5.00
  clock network delay (ideal)                             0.00       5.00
  u_alu/result_reg[30]/CK (SAEDLVT14_FDP_V2LP_0P5)        0.00       5.00 r
  library setup time                                     -0.01       4.99
  data required time                                                 4.99
  --------------------------------------------------------------------------
  data required time                                                 4.99
  data arrival time                                                 -2.57
  --------------------------------------------------------------------------
  slack (MET)                                                        2.43


  Startpoint: op[3] (input port clocked by clk)
  Endpoint: u_alu/result_reg[28]
            (rising edge-triggered flip-flop clocked by clk)
  Path Group: clk
  Path Type: max

  Des/Clust/Port     Wire Load Model       Library
  ------------------------------------------------
  static_pg_top      8000                  saed14lvt_tt0p8v25c

  Point                                                   Incr       Path
  --------------------------------------------------------------------------
  clock clk (rise edge)                                   0.00       0.00
  clock network delay (ideal)                             0.00       0.00
  input external delay                                    1.00       1.00 f
  op[3] (in)                                              0.00       1.00 f
  u_alu/op[3] (alu_32bit)                                 0.00       1.00 f
  u_alu/U743/X (SAEDLVT14_NR2_MM_0P5)                     0.01       1.01 r
  u_alu/U668/X (SAEDLVT14_INV_1)                          0.01       1.03 f
  u_alu/U664/X (SAEDLVT14_OR2_0P5)                        0.01       1.04 f
  u_alu/U518/X (SAEDLVT14_NR2_1)                          0.09       1.14 r
  u_alu/U485/X (SAEDLVT14_EO2_V1_0P75)                    0.11       1.25 f
  u_alu/DP_OP_23J1_122_7706/U33/CO (SAEDLVT14_ADDF_V1_1)
                                                          0.05       1.30 f
  u_alu/DP_OP_23J1_122_7706/U32/CO (SAEDLVT14_ADDF_V1_1)
                                                          0.04       1.34 f
  u_alu/DP_OP_23J1_122_7706/U31/CO (SAEDLVT14_ADDF_V1_1)
                                                          0.04       1.38 f
  u_alu/DP_OP_23J1_122_7706/U30/CO (SAEDLVT14_ADDF_V1_0P5)
                                                          0.04       1.42 f
  u_alu/DP_OP_23J1_122_7706/U29/CO (SAEDLVT14_ADDF_V1_1)
                                                          0.04       1.47 f
  u_alu/DP_OP_23J1_122_7706/U28/CO (SAEDLVT14_ADDF_V1_0P5)
                                                          0.04       1.50 f
  u_alu/DP_OP_23J1_122_7706/U27/CO (SAEDLVT14_ADDF_V1_0P5)
                                                          0.04       1.54 f
  u_alu/DP_OP_23J1_122_7706/U26/CO (SAEDLVT14_ADDF_V1_0P5)
                                                          0.04       1.58 f
  u_alu/DP_OP_23J1_122_7706/U25/CO (SAEDLVT14_ADDF_V1_0P5)
                                                          0.04       1.61 f
  u_alu/DP_OP_23J1_122_7706/U24/CO (SAEDLVT14_ADDF_V1_0P5)
                                                          0.04       1.65 f
  u_alu/DP_OP_23J1_122_7706/U23/CO (SAEDLVT14_ADDF_V1_1)
                                                          0.04       1.70 f
  u_alu/DP_OP_23J1_122_7706/U22/CO (SAEDLVT14_ADDF_V1_0P5)
                                                          0.04       1.73 f
  u_alu/DP_OP_23J1_122_7706/U21/CO (SAEDLVT14_ADDF_V1_0P5)
                                                          0.04       1.77 f
  u_alu/DP_OP_23J1_122_7706/U20/CO (SAEDLVT14_ADDF_V1_0P5)
                                                          0.04       1.81 f
  u_alu/DP_OP_23J1_122_7706/U19/CO (SAEDLVT14_ADDF_V1_0P5)
                                                          0.04       1.84 f
  u_alu/DP_OP_23J1_122_7706/U18/CO (SAEDLVT14_ADDF_V1_0P5)
                                                          0.04       1.88 f
  u_alu/DP_OP_23J1_122_7706/U17/CO (SAEDLVT14_ADDF_V1_1)
                                                          0.05       1.93 f
  u_alu/DP_OP_23J1_122_7706/U16/CO (SAEDLVT14_ADDF_V1_1)
                                                          0.04       1.97 f
  u_alu/DP_OP_23J1_122_7706/U15/CO (SAEDLVT14_ADDF_V1_1)
                                                          0.04       2.02 f
  u_alu/DP_OP_23J1_122_7706/U14/CO (SAEDLVT14_ADDF_V1_1)
                                                          0.04       2.06 f
  u_alu/DP_OP_23J1_122_7706/U13/CO (SAEDLVT14_ADDF_V1_0P5)
                                                          0.04       2.10 f
  u_alu/DP_OP_23J1_122_7706/U12/CO (SAEDLVT14_ADDF_V1_1)
                                                          0.05       2.14 f
  u_alu/DP_OP_23J1_122_7706/U11/CO (SAEDLVT14_ADDF_V1_1)
                                                          0.04       2.19 f
  u_alu/DP_OP_23J1_122_7706/U10/CO (SAEDLVT14_ADDF_V1_1)
                                                          0.04       2.23 f
  u_alu/DP_OP_23J1_122_7706/U9/CO (SAEDLVT14_ADDF_V1_1)
                                                          0.04       2.28 f
  u_alu/DP_OP_23J1_122_7706/U8/CO (SAEDLVT14_ADDF_V1_1)
                                                          0.04       2.32 f
  u_alu/DP_OP_23J1_122_7706/U7/CO (SAEDLVT14_ADDF_V1_1)
                                                          0.04       2.36 f
  u_alu/DP_OP_23J1_122_7706/U6/CO (SAEDLVT14_ADDF_V1_1)
                                                          0.04       2.41 f
  u_alu/DP_OP_23J1_122_7706/U5/S (SAEDLVT14_ADDF_V1_1)
                                                          0.05       2.46 r
  u_alu/U13/X (SAEDLVT14_AO21_U_0P5)                      0.01       2.47 r
  u_alu/result_reg[28]/D (SAEDLVT14_FDP_V2LP_0P5)         0.01       2.48 r
  data arrival time                                                  2.48

  clock clk (rise edge)                                   5.00       5.00
  clock network delay (ideal)                             0.00       5.00
  u_alu/result_reg[28]/CK (SAEDLVT14_FDP_V2LP_0P5)        0.00       5.00 r
  library setup time                                     -0.01       4.99
  data required time                                                 4.99
  --------------------------------------------------------------------------
  data required time                                                 4.99
  data arrival time                                                 -2.48
  --------------------------------------------------------------------------
  slack (MET)                                                        2.52


  Startpoint: op[3] (input port clocked by clk)
  Endpoint: u_alu/result_reg[27]
            (rising edge-triggered flip-flop clocked by clk)
  Path Group: clk
  Path Type: max

  Des/Clust/Port     Wire Load Model       Library
  ------------------------------------------------
  static_pg_top      8000                  saed14lvt_tt0p8v25c

  Point                                                   Incr       Path
  --------------------------------------------------------------------------
  clock clk (rise edge)                                   0.00       0.00
  clock network delay (ideal)                             0.00       0.00
  input external delay                                    1.00       1.00 f
  op[3] (in)                                              0.00       1.00 f
  u_alu/op[3] (alu_32bit)                                 0.00       1.00 f
  u_alu/U743/X (SAEDLVT14_NR2_MM_0P5)                     0.01       1.01 r
  u_alu/U668/X (SAEDLVT14_INV_1)                          0.01       1.03 f
  u_alu/U664/X (SAEDLVT14_OR2_0P5)                        0.01       1.04 f
  u_alu/U518/X (SAEDLVT14_NR2_1)                          0.09       1.14 r
  u_alu/U485/X (SAEDLVT14_EO2_V1_0P75)                    0.11       1.25 f
  u_alu/DP_OP_23J1_122_7706/U33/CO (SAEDLVT14_ADDF_V1_1)
                                                          0.05       1.30 f
  u_alu/DP_OP_23J1_122_7706/U32/CO (SAEDLVT14_ADDF_V1_1)
                                                          0.04       1.34 f
  u_alu/DP_OP_23J1_122_7706/U31/CO (SAEDLVT14_ADDF_V1_1)
                                                          0.04       1.38 f
  u_alu/DP_OP_23J1_122_7706/U30/CO (SAEDLVT14_ADDF_V1_0P5)
                                                          0.04       1.42 f
  u_alu/DP_OP_23J1_122_7706/U29/CO (SAEDLVT14_ADDF_V1_1)
                                                          0.04       1.47 f
  u_alu/DP_OP_23J1_122_7706/U28/CO (SAEDLVT14_ADDF_V1_0P5)
                                                          0.04       1.50 f
  u_alu/DP_OP_23J1_122_7706/U27/CO (SAEDLVT14_ADDF_V1_0P5)
                                                          0.04       1.54 f
  u_alu/DP_OP_23J1_122_7706/U26/CO (SAEDLVT14_ADDF_V1_0P5)
                                                          0.04       1.58 f
  u_alu/DP_OP_23J1_122_7706/U25/CO (SAEDLVT14_ADDF_V1_0P5)
                                                          0.04       1.61 f
  u_alu/DP_OP_23J1_122_7706/U24/CO (SAEDLVT14_ADDF_V1_0P5)
                                                          0.04       1.65 f
  u_alu/DP_OP_23J1_122_7706/U23/CO (SAEDLVT14_ADDF_V1_1)
                                                          0.04       1.70 f
  u_alu/DP_OP_23J1_122_7706/U22/CO (SAEDLVT14_ADDF_V1_0P5)
                                                          0.04       1.73 f
  u_alu/DP_OP_23J1_122_7706/U21/CO (SAEDLVT14_ADDF_V1_0P5)
                                                          0.04       1.77 f
  u_alu/DP_OP_23J1_122_7706/U20/CO (SAEDLVT14_ADDF_V1_0P5)
                                                          0.04       1.81 f
  u_alu/DP_OP_23J1_122_7706/U19/CO (SAEDLVT14_ADDF_V1_0P5)
                                                          0.04       1.84 f
  u_alu/DP_OP_23J1_122_7706/U18/CO (SAEDLVT14_ADDF_V1_0P5)
                                                          0.04       1.88 f
  u_alu/DP_OP_23J1_122_7706/U17/CO (SAEDLVT14_ADDF_V1_1)
                                                          0.05       1.93 f
  u_alu/DP_OP_23J1_122_7706/U16/CO (SAEDLVT14_ADDF_V1_1)
                                                          0.04       1.97 f
  u_alu/DP_OP_23J1_122_7706/U15/CO (SAEDLVT14_ADDF_V1_1)
                                                          0.04       2.02 f
  u_alu/DP_OP_23J1_122_7706/U14/CO (SAEDLVT14_ADDF_V1_1)
                                                          0.04       2.06 f
  u_alu/DP_OP_23J1_122_7706/U13/CO (SAEDLVT14_ADDF_V1_0P5)
                                                          0.04       2.10 f
  u_alu/DP_OP_23J1_122_7706/U12/CO (SAEDLVT14_ADDF_V1_1)
                                                          0.05       2.14 f
  u_alu/DP_OP_23J1_122_7706/U11/CO (SAEDLVT14_ADDF_V1_1)
                                                          0.04       2.19 f
  u_alu/DP_OP_23J1_122_7706/U10/CO (SAEDLVT14_ADDF_V1_1)
                                                          0.04       2.23 f
  u_alu/DP_OP_23J1_122_7706/U9/CO (SAEDLVT14_ADDF_V1_1)
                                                          0.04       2.28 f
  u_alu/DP_OP_23J1_122_7706/U8/CO (SAEDLVT14_ADDF_V1_1)
                                                          0.04       2.32 f
  u_alu/DP_OP_23J1_122_7706/U7/CO (SAEDLVT14_ADDF_V1_1)
                                                          0.04       2.36 f
  u_alu/DP_OP_23J1_122_7706/U6/S (SAEDLVT14_ADDF_V1_1)
                                                          0.05       2.41 r
  u_alu/U16/X (SAEDLVT14_AO21_U_0P5)                      0.01       2.43 r
  u_alu/U15/X (SAEDLVT14_AOI21_0P75)                      0.01       2.44 f
  u_alu/U12/X (SAEDLVT14_AOI21_0P75)                      0.01       2.45 r
  u_alu/U768/X (SAEDLVT14_OR4_1)                          0.02       2.47 r
  u_alu/result_reg[27]/D (SAEDLVT14_FDP_V2LP_0P5)         0.01       2.47 r
  data arrival time                                                  2.47

  clock clk (rise edge)                                   5.00       5.00
  clock network delay (ideal)                             0.00       5.00
  u_alu/result_reg[27]/CK (SAEDLVT14_FDP_V2LP_0P5)        0.00       5.00 r
  library setup time                                     -0.01       4.99
  data required time                                                 4.99
  --------------------------------------------------------------------------
  data required time                                                 4.99
  data arrival time                                                 -2.47
  --------------------------------------------------------------------------
  slack (MET)                                                        2.52


1
