Command: vcs -sverilog -full64 -debug_access+all -timescale=1ns/1ps -l sim_out/vcs_compile.log \
rtl/alu_32bit.v rtl/activity_monitor.v rtl/hysteresis_predictor.v rtl/power_state_fsm.v \
rtl/sleep_controller.v rtl/isolation_ctrl.v rtl/adaptive_pg_top.v tb/tb_adaptive_pg_top.v \

                         Chronologic VCS (TM)
       Version T-2022.06-SP2_Full64 -- Sun Jun 28 15:01:11 2026

                    Copyright (c) 1991 - 2022 Synopsys, Inc.
   This software and the associated documentation are proprietary to Synopsys,
 Inc. This software may only be used in accordance with the terms and conditions
 of a written license agreement with Synopsys, Inc. All other use, reproduction,
   or distribution of this software is strictly prohibited.  Licensed Products
     communicate with Synopsys servers for the purpose of providing software
    updates, detecting software piracy and verifying that customers are using
    Licensed Products in conformity with the applicable License Key for such
  Licensed Products. Synopsys will use information gathered in connection with
    this process to deliver software updates and pursue software pirates and
                                   infringers.

 Inclusivity & Diversity - Visit SolvNetPlus to read the "Synopsys Statement on
            Inclusivity and Diversity" (Refer to article 000036315 at
                        https://solvnetplus.synopsys.com)

Parsing design file 'rtl/alu_32bit.v'
Parsing design file 'rtl/activity_monitor.v'
Parsing design file 'rtl/hysteresis_predictor.v'
Parsing design file 'rtl/power_state_fsm.v'
Parsing design file 'rtl/sleep_controller.v'
Parsing design file 'rtl/isolation_ctrl.v'
Parsing design file 'rtl/adaptive_pg_top.v'
Parsing design file 'tb/tb_adaptive_pg_top.v'
Top Level Modules:
       tb_adaptive_pg_top
TimeScale is 1 ns / 1 ps
Starting vcs inline pass...

1 module and 0 UDP read.
recompiling module tb_adaptive_pg_top
rm -f _cuarc*.so _csrc*.so pre_vcsobj_*.so share_vcsobj_*.so
if [ -x ../simv ]; then chmod a-x ../simv; fi
g++  -o ../simv      -rdynamic  -Wl,-rpath='$ORIGIN'/simv.daidir -Wl,-rpath=./simv.daidir \
-Wl,-rpath=/usr/synopsys/vcs/T-2022.06-SP2/linux64/lib -L/usr/synopsys/vcs/T-2022.06-SP2/linux64/lib \
-Wl,-rpath-link=./  /usr/lib64/libnuma.so.1   objs/amcQw_d.o   _2290_archive_1.so \
SIM_l.o      rmapats_mop.o rmapats.o rmar.o rmar_nd.o  rmar_llvm_0_1.o rmar_llvm_0_0.o \
-lvirsim -lerrorinf -lsnpsmalloc -lvfs    -lvcsnew -lsimprofile -luclinative /usr/synopsys/vcs/T-2022.06-SP2/linux64/lib/vcs_tls.o \
-Wl,-whole-archive  -lvcsucli    -Wl,-no-whole-archive        _vcs_pli_stub_.o   \
/usr/synopsys/vcs/T-2022.06-SP2/linux64/lib/vcs_save_restore_new.o /usr/synopsys/verdi/T-2022.06-SP2/share/PLI/VCS/LINUX64/pli.a \
-ldl  -lc -lm -lpthread -ldl 
../simv up to date
CPU time: .453 seconds to compile + .441 seconds to elab + .270 seconds to link
