****************************************
Report : timing
        -path_type full
        -delay_type max
        -max_paths 10
        -report_by design
Design : adaptive_pg_top
Version: U-2022.12-SP5
Date   : Sun Jun 28 20:19:59 2026
****************************************

  Startpoint: u_alu/clk_gate_result_reg/latch (negative level-sensitive latch clocked by clk)
  Endpoint: u_alu/clk_gate_result_reg/main_gate (rising clock gating-check end-point clocked by clk)
  Mode: default
  Corner: default
  Scenario: default
  Path Group: clk
  Path Type: max

  Point                                            Incr      Path  
  ------------------------------------------------------------------------
  clock clk (fall edge)                            2.50      2.50
  clock network delay (propagated)                 0.00      2.50

  u_alu/clk_gate_result_reg/latch/G (SAEDLVT14_LDNQ_V1_1)
                                                   0.00      2.50 f
  u_alu/clk_gate_result_reg/latch/Q (SAEDLVT14_LDNQ_V1_1)
                                                   0.02      2.52 f
  u_alu/clk_gate_result_reg/main_gate/A1 (SAEDLVT14_AN2_MM_3)
                                                   0.00      2.52 f
  data arrival time                                          2.52

  clock clk (rise edge)                            5.00      5.00
  clock network delay (propagated)                 0.00      5.00
  u_alu/clk_gate_result_reg/main_gate/A2 (SAEDLVT14_AN2_MM_3)
                                                   0.00      5.00 r
  library setup time                              -0.00      5.00
  data required time                                         5.00
  ------------------------------------------------------------------------
  data required time                                         5.00
  data arrival time                                         -2.52
  ------------------------------------------------------------------------
  slack (MET)                                                2.48



  Startpoint: u_act_mon/clk_gate_idle_count_reg/latch (negative level-sensitive latch clocked by clk)
  Endpoint: u_act_mon/clk_gate_idle_count_reg/main_gate (rising clock gating-check end-point clocked by clk)
  Mode: default
  Corner: default
  Scenario: default
  Path Group: clk
  Path Type: max

  Point                                            Incr      Path  
  ------------------------------------------------------------------------
  clock clk (fall edge)                            2.50      2.50
  clock network delay (propagated)                 0.00      2.50

  u_act_mon/clk_gate_idle_count_reg/latch/G (SAEDLVT14_LDNQ_V1_1)
                                                   0.00      2.50 f
  u_act_mon/clk_gate_idle_count_reg/latch/Q (SAEDLVT14_LDNQ_V1_1)
                                                   0.02      2.52 f
  u_act_mon/clk_gate_idle_count_reg/main_gate/A1 (SAEDLVT14_AN2_MM_0P5)
                                                   0.00      2.52 f
  data arrival time                                          2.52

  clock clk (rise edge)                            5.00      5.00
  clock network delay (propagated)                 0.00      5.00
  u_act_mon/clk_gate_idle_count_reg/main_gate/A2 (SAEDLVT14_AN2_MM_0P5)
                                                   0.00      5.00 r
  library setup time                              -0.00      5.00
  data required time                                         5.00
  ------------------------------------------------------------------------
  data required time                                         5.00
  data arrival time                                         -2.52
  ------------------------------------------------------------------------
  slack (MET)                                                2.48



  Startpoint: op[3] (input port clocked by clk)
  Endpoint: u_alu/result_reg[31] (rising edge-triggered flip-flop clocked by clk)
  Mode: default
  Corner: default
  Scenario: default
  Path Group: **in2reg_default**
  Path Type: max

  Point                                            Incr      Path  
  ------------------------------------------------------------------------
  clock clk (rise edge)                            0.00      0.00
  clock network delay (propagated)                 0.00      0.00
  input external delay                             1.00      1.00 f
  op[3] (in)                                       0.00      1.00 f
  u_alu/U760/X (SAEDLVT14_OR2_0P5)                 0.01      1.01 f
  u_alu/U720/X (SAEDLVT14_OR2_0P5)                 0.02      1.03 f
  u_alu/U670/X (SAEDLVT14_NR2_ECO_2)               0.06      1.08 r
  u_alu/U528/X (SAEDLVT14_EO2_V1_0P75)             0.03      1.12 f
  u_alu/DP_OP_23J1_122_7706/U33/CO (SAEDLVT14_ADDF_V1_0P5)
                                                   0.03      1.15 f
  u_alu/DP_OP_23J1_122_7706/U32/CO (SAEDLVT14_ADDF_V1_0P5)
                                                   0.03      1.17 f
  u_alu/DP_OP_23J1_122_7706/U31/CO (SAEDLVT14_ADDF_V1_0P5)
                                                   0.02      1.20 f
  u_alu/DP_OP_23J1_122_7706/U30/CO (SAEDLVT14_ADDF_V1_0P5)
                                                   0.02      1.22 f
  u_alu/DP_OP_23J1_122_7706/U29/CO (SAEDLVT14_ADDF_V1_0P5)
                                                   0.04      1.26 f
  u_alu/DP_OP_23J1_122_7706/U28/CO (SAEDLVT14_ADDF_V1_0P5)
                                                   0.04      1.30 f
  u_alu/DP_OP_23J1_122_7706/U27/CO (SAEDLVT14_ADDF_V1_0P5)
                                                   0.03      1.33 f
  u_alu/DP_OP_23J1_122_7706/U26/CO (SAEDLVT14_ADDF_V1_0P5)
                                                   0.03      1.36 f
  u_alu/DP_OP_23J1_122_7706/U25/CO (SAEDLVT14_ADDF_V1_0P5)
                                                   0.03      1.38 f
  u_alu/DP_OP_23J1_122_7706/U24/CO (SAEDLVT14_ADDF_V1_0P5)
                                                   0.02      1.41 f
  u_alu/DP_OP_23J1_122_7706/U23/CO (SAEDLVT14_ADDF_V1_0P5)
                                                   0.02      1.43 f
  u_alu/DP_OP_23J1_122_7706/U22/CO (SAEDLVT14_ADDF_V1_0P5)
                                                   0.03      1.46 f
  u_alu/DP_OP_23J1_122_7706/U21/CO (SAEDLVT14_ADDF_V1_0P5)
                                                   0.03      1.48 f
  u_alu/DP_OP_23J1_122_7706/U20/CO (SAEDLVT14_ADDF_V1_0P5)
                                                   0.03      1.51 f
  u_alu/DP_OP_23J1_122_7706/U19/CO (SAEDLVT14_ADDF_V1_0P5)
                                                   0.03      1.53 f
  u_alu/DP_OP_23J1_122_7706/U18/CO (SAEDLVT14_ADDF_V1_0P5)
                                                   0.02      1.56 f
  u_alu/DP_OP_23J1_122_7706/U17/CO (SAEDLVT14_ADDF_V1_0P5)
                                                   0.04      1.60 f
  u_alu/DP_OP_23J1_122_7706/U16/CO (SAEDLVT14_ADDF_V1_0P5)
                                                   0.03      1.63 f
  u_alu/DP_OP_23J1_122_7706/U15/CO (SAEDLVT14_ADDF_V1_0P5)
                                                   0.03      1.66 f
  u_alu/DP_OP_23J1_122_7706/U14/CO (SAEDLVT14_ADDF_V1_0P5)
                                                   0.04      1.70 f
  u_alu/DP_OP_23J1_122_7706/U13/CO (SAEDLVT14_ADDF_V1_0P5)
                                                   0.04      1.74 f
  u_alu/DP_OP_23J1_122_7706/U12/CO (SAEDLVT14_ADDF_V1_0P5)
                                                   0.03      1.77 f
  u_alu/DP_OP_23J1_122_7706/U11/CO (SAEDLVT14_ADDF_V1_0P5)
                                                   0.04      1.80 f
  u_alu/DP_OP_23J1_122_7706/U10/CO (SAEDLVT14_ADDF_V2_0P5)
                                                   0.04      1.85 f
  u_alu/DP_OP_23J1_122_7706/U9/CO (SAEDLVT14_ADDF_V1_0P5)
                                                   0.03      1.87 f
  u_alu/DP_OP_23J1_122_7706/U8/CO (SAEDLVT14_ADDF_V1_0P5)
                                                   0.03      1.90 f
  u_alu/DP_OP_23J1_122_7706/U7/CO (SAEDLVT14_ADDF_V1_0P5)
                                                   0.03      1.93 f
  u_alu/DP_OP_23J1_122_7706/U6/CO (SAEDLVT14_ADDF_V1_0P5)
                                                   0.03      1.95 f
  u_alu/DP_OP_23J1_122_7706/U5/CO (SAEDLVT14_ADDF_V1_0P5)
                                                   0.03      1.98 f
  u_alu/DP_OP_23J1_122_7706/U4/CO (SAEDLVT14_ADDF_V1_0P5)
                                                   0.03      2.01 f
  u_alu/DP_OP_23J1_122_7706/U3/CO (SAEDLVT14_ADDF_V1_0P5)
                                                   0.02      2.03 f
  u_alu/U9/X (SAEDLVT14_EO2_V1_0P75)               0.01      2.04 f
  u_alu/U7/X (SAEDLVT14_AO21_U_0P5)                0.02      2.06 f
  u_alu/U5/X (SAEDLVT14_AOI21_0P75)                0.02      2.08 r
  u_alu/ctmTdsLR_1_920/X (SAEDLVT14_AO21B_0P5)     0.01      2.09 f
  u_alu/result_reg[31]/D (SAEDLVT14_FDP_V2LP_1)    0.00      2.09 f
  data arrival time                                          2.09

  clock clk (rise edge)                            5.00      5.00
  clock network delay (propagated)                 0.02      5.02
  u_alu/result_reg[31]/CK (SAEDLVT14_FDP_V2LP_1)   0.00      5.02 r
  library setup time                              -0.01      5.01
  data required time                                         5.01
  ------------------------------------------------------------------------
  data required time                                         5.01
  data arrival time                                         -2.09
  ------------------------------------------------------------------------
  slack (MET)                                                2.92



  Startpoint: op[3] (input port clocked by clk)
  Endpoint: u_alu/result_reg[30] (rising edge-triggered flip-flop clocked by clk)
  Mode: default
  Corner: default
  Scenario: default
  Path Group: **in2reg_default**
  Path Type: max

  Point                                            Incr      Path  
  ------------------------------------------------------------------------
  clock clk (rise edge)                            0.00      0.00
  clock network delay (propagated)                 0.00      0.00
  input external delay                             1.00      1.00 f
  op[3] (in)                                       0.00      1.00 f
  u_alu/U760/X (SAEDLVT14_OR2_0P5)                 0.01      1.01 f
  u_alu/U720/X (SAEDLVT14_OR2_0P5)                 0.02      1.03 f
  u_alu/U670/X (SAEDLVT14_NR2_ECO_2)               0.06      1.08 r
  u_alu/U528/X (SAEDLVT14_EO2_V1_0P75)             0.03      1.12 f
  u_alu/DP_OP_23J1_122_7706/U33/CO (SAEDLVT14_ADDF_V1_0P5)
                                                   0.03      1.15 f
  u_alu/DP_OP_23J1_122_7706/U32/CO (SAEDLVT14_ADDF_V1_0P5)
                                                   0.03      1.17 f
  u_alu/DP_OP_23J1_122_7706/U31/CO (SAEDLVT14_ADDF_V1_0P5)
                                                   0.02      1.20 f
  u_alu/DP_OP_23J1_122_7706/U30/CO (SAEDLVT14_ADDF_V1_0P5)
                                                   0.02      1.22 f
  u_alu/DP_OP_23J1_122_7706/U29/CO (SAEDLVT14_ADDF_V1_0P5)
                                                   0.04      1.26 f
  u_alu/DP_OP_23J1_122_7706/U28/CO (SAEDLVT14_ADDF_V1_0P5)
                                                   0.04      1.30 f
  u_alu/DP_OP_23J1_122_7706/U27/CO (SAEDLVT14_ADDF_V1_0P5)
                                                   0.03      1.33 f
  u_alu/DP_OP_23J1_122_7706/U26/CO (SAEDLVT14_ADDF_V1_0P5)
                                                   0.03      1.36 f
  u_alu/DP_OP_23J1_122_7706/U25/CO (SAEDLVT14_ADDF_V1_0P5)
                                                   0.03      1.38 f
  u_alu/DP_OP_23J1_122_7706/U24/CO (SAEDLVT14_ADDF_V1_0P5)
                                                   0.02      1.41 f
  u_alu/DP_OP_23J1_122_7706/U23/CO (SAEDLVT14_ADDF_V1_0P5)
                                                   0.02      1.43 f
  u_alu/DP_OP_23J1_122_7706/U22/CO (SAEDLVT14_ADDF_V1_0P5)
                                                   0.03      1.46 f
  u_alu/DP_OP_23J1_122_7706/U21/CO (SAEDLVT14_ADDF_V1_0P5)
                                                   0.03      1.48 f
  u_alu/DP_OP_23J1_122_7706/U20/CO (SAEDLVT14_ADDF_V1_0P5)
                                                   0.03      1.51 f
  u_alu/DP_OP_23J1_122_7706/U19/CO (SAEDLVT14_ADDF_V1_0P5)
                                                   0.03      1.53 f
  u_alu/DP_OP_23J1_122_7706/U18/CO (SAEDLVT14_ADDF_V1_0P5)
                                                   0.02      1.56 f
  u_alu/DP_OP_23J1_122_7706/U17/CO (SAEDLVT14_ADDF_V1_0P5)
                                                   0.04      1.60 f
  u_alu/DP_OP_23J1_122_7706/U16/CO (SAEDLVT14_ADDF_V1_0P5)
                                                   0.03      1.63 f
  u_alu/DP_OP_23J1_122_7706/U15/CO (SAEDLVT14_ADDF_V1_0P5)
                                                   0.03      1.66 f
  u_alu/DP_OP_23J1_122_7706/U14/CO (SAEDLVT14_ADDF_V1_0P5)
                                                   0.04      1.70 f
  u_alu/DP_OP_23J1_122_7706/U13/CO (SAEDLVT14_ADDF_V1_0P5)
                                                   0.04      1.74 f
  u_alu/DP_OP_23J1_122_7706/U12/CO (SAEDLVT14_ADDF_V1_0P5)
                                                   0.03      1.77 f
  u_alu/DP_OP_23J1_122_7706/U11/CO (SAEDLVT14_ADDF_V1_0P5)
                                                   0.04      1.80 f
  u_alu/DP_OP_23J1_122_7706/U10/CO (SAEDLVT14_ADDF_V2_0P5)
                                                   0.04      1.85 f
  u_alu/DP_OP_23J1_122_7706/U9/CO (SAEDLVT14_ADDF_V1_0P5)
                                                   0.03      1.87 f
  u_alu/DP_OP_23J1_122_7706/U8/CO (SAEDLVT14_ADDF_V1_0P5)
                                                   0.03      1.90 f
  u_alu/DP_OP_23J1_122_7706/U7/CO (SAEDLVT14_ADDF_V1_0P5)
                                                   0.03      1.93 f
  u_alu/DP_OP_23J1_122_7706/U6/CO (SAEDLVT14_ADDF_V1_0P5)
                                                   0.03      1.95 f
  u_alu/DP_OP_23J1_122_7706/U5/CO (SAEDLVT14_ADDF_V1_0P5)
                                                   0.03      1.98 f
  u_alu/DP_OP_23J1_122_7706/U4/CO (SAEDLVT14_ADDF_V1_0P5)
                                                   0.03      2.01 f
  u_alu/DP_OP_23J1_122_7706/U3/S (SAEDLVT14_ADDF_V1_0P5)
                                                   0.04      2.04 r
  u_alu/U828/X (SAEDLVT14_AO21_U_0P5)              0.02      2.06 r
  u_alu/result_reg[30]/D (SAEDLVT14_FDP_V2LP_1)    0.00      2.06 r
  data arrival time                                          2.06

  clock clk (rise edge)                            5.00      5.00
  clock network delay (propagated)                 0.02      5.02
  u_alu/result_reg[30]/CK (SAEDLVT14_FDP_V2LP_1)   0.00      5.02 r
  library setup time                              -0.01      5.01
  data required time                                         5.01
  ------------------------------------------------------------------------
  data required time                                         5.01
  data arrival time                                         -2.06
  ------------------------------------------------------------------------
  slack (MET)                                                2.94



  Startpoint: op[3] (input port clocked by clk)
  Endpoint: u_alu/result_reg[29] (rising edge-triggered flip-flop clocked by clk)
  Mode: default
  Corner: default
  Scenario: default
  Path Group: **in2reg_default**
  Path Type: max

  Point                                            Incr      Path  
  ------------------------------------------------------------------------
  clock clk (rise edge)                            0.00      0.00
  clock network delay (propagated)                 0.00      0.00
  input external delay                             1.00      1.00 f
  op[3] (in)                                       0.00      1.00 f
  u_alu/U760/X (SAEDLVT14_OR2_0P5)                 0.01      1.01 f
  u_alu/U720/X (SAEDLVT14_OR2_0P5)                 0.02      1.03 f
  u_alu/U670/X (SAEDLVT14_NR2_ECO_2)               0.06      1.08 r
  u_alu/U528/X (SAEDLVT14_EO2_V1_0P75)             0.03      1.12 f
  u_alu/DP_OP_23J1_122_7706/U33/CO (SAEDLVT14_ADDF_V1_0P5)
                                                   0.03      1.15 f
  u_alu/DP_OP_23J1_122_7706/U32/CO (SAEDLVT14_ADDF_V1_0P5)
                                                   0.03      1.17 f
  u_alu/DP_OP_23J1_122_7706/U31/CO (SAEDLVT14_ADDF_V1_0P5)
                                                   0.02      1.20 f
  u_alu/DP_OP_23J1_122_7706/U30/CO (SAEDLVT14_ADDF_V1_0P5)
                                                   0.02      1.22 f
  u_alu/DP_OP_23J1_122_7706/U29/CO (SAEDLVT14_ADDF_V1_0P5)
                                                   0.04      1.26 f
  u_alu/DP_OP_23J1_122_7706/U28/CO (SAEDLVT14_ADDF_V1_0P5)
                                                   0.04      1.30 f
  u_alu/DP_OP_23J1_122_7706/U27/CO (SAEDLVT14_ADDF_V1_0P5)
                                                   0.03      1.33 f
  u_alu/DP_OP_23J1_122_7706/U26/CO (SAEDLVT14_ADDF_V1_0P5)
                                                   0.03      1.36 f
  u_alu/DP_OP_23J1_122_7706/U25/CO (SAEDLVT14_ADDF_V1_0P5)
                                                   0.03      1.38 f
  u_alu/DP_OP_23J1_122_7706/U24/CO (SAEDLVT14_ADDF_V1_0P5)
                                                   0.02      1.41 f
  u_alu/DP_OP_23J1_122_7706/U23/CO (SAEDLVT14_ADDF_V1_0P5)
                                                   0.02      1.43 f
  u_alu/DP_OP_23J1_122_7706/U22/CO (SAEDLVT14_ADDF_V1_0P5)
                                                   0.03      1.46 f
  u_alu/DP_OP_23J1_122_7706/U21/CO (SAEDLVT14_ADDF_V1_0P5)
                                                   0.03      1.48 f
  u_alu/DP_OP_23J1_122_7706/U20/CO (SAEDLVT14_ADDF_V1_0P5)
                                                   0.03      1.51 f
  u_alu/DP_OP_23J1_122_7706/U19/CO (SAEDLVT14_ADDF_V1_0P5)
                                                   0.03      1.53 f
  u_alu/DP_OP_23J1_122_7706/U18/CO (SAEDLVT14_ADDF_V1_0P5)
                                                   0.02      1.56 f
  u_alu/DP_OP_23J1_122_7706/U17/CO (SAEDLVT14_ADDF_V1_0P5)
                                                   0.04      1.60 f
  u_alu/DP_OP_23J1_122_7706/U16/CO (SAEDLVT14_ADDF_V1_0P5)
                                                   0.03      1.63 f
  u_alu/DP_OP_23J1_122_7706/U15/CO (SAEDLVT14_ADDF_V1_0P5)
                                                   0.03      1.66 f
  u_alu/DP_OP_23J1_122_7706/U14/CO (SAEDLVT14_ADDF_V1_0P5)
                                                   0.04      1.70 f
  u_alu/DP_OP_23J1_122_7706/U13/CO (SAEDLVT14_ADDF_V1_0P5)
                                                   0.04      1.74 f
  u_alu/DP_OP_23J1_122_7706/U12/CO (SAEDLVT14_ADDF_V1_0P5)
                                                   0.03      1.77 f
  u_alu/DP_OP_23J1_122_7706/U11/CO (SAEDLVT14_ADDF_V1_0P5)
                                                   0.04      1.80 f
  u_alu/DP_OP_23J1_122_7706/U10/CO (SAEDLVT14_ADDF_V2_0P5)
                                                   0.04      1.85 f
  u_alu/DP_OP_23J1_122_7706/U9/CO (SAEDLVT14_ADDF_V1_0P5)
                                                   0.03      1.87 f
  u_alu/DP_OP_23J1_122_7706/U8/CO (SAEDLVT14_ADDF_V1_0P5)
                                                   0.03      1.90 f
  u_alu/DP_OP_23J1_122_7706/U7/CO (SAEDLVT14_ADDF_V1_0P5)
                                                   0.03      1.93 f
  u_alu/DP_OP_23J1_122_7706/U6/CO (SAEDLVT14_ADDF_V1_0P5)
                                                   0.03      1.95 f
  u_alu/DP_OP_23J1_122_7706/U5/CO (SAEDLVT14_ADDF_V1_0P5)
                                                   0.03      1.98 f
  u_alu/DP_OP_23J1_122_7706/U4/S (SAEDLVT14_ADDF_V1_0P5)
                                                   0.04      2.01 r
  u_alu/U10/X (SAEDLVT14_AO21_U_0P5)               0.01      2.03 r
  u_alu/U8/X (SAEDLVT14_AOI21_0P75)                0.02      2.04 f
  u_alu/U6/X (SAEDLVT14_OAI21_0P5)                 0.02      2.06 r
  u_alu/result_reg[29]/D (SAEDLVT14_FDP_V2LP_1)    0.00      2.06 r
  data arrival time                                          2.06

  clock clk (rise edge)                            5.00      5.00
  clock network delay (propagated)                 0.02      5.02
  u_alu/result_reg[29]/CK (SAEDLVT14_FDP_V2LP_1)   0.00      5.02 r
  library setup time                              -0.01      5.01
  data required time                                         5.01
  ------------------------------------------------------------------------
  data required time                                         5.01
  data arrival time                                         -2.06
  ------------------------------------------------------------------------
  slack (MET)                                                2.95



  Startpoint: op[3] (input port clocked by clk)
  Endpoint: u_alu/result_reg[28] (rising edge-triggered flip-flop clocked by clk)
  Mode: default
  Corner: default
  Scenario: default
  Path Group: **in2reg_default**
  Path Type: max

  Point                                            Incr      Path  
  ------------------------------------------------------------------------
  clock clk (rise edge)                            0.00      0.00
  clock network delay (propagated)                 0.00      0.00
  input external delay                             1.00      1.00 f
  op[3] (in)                                       0.00      1.00 f
  u_alu/U760/X (SAEDLVT14_OR2_0P5)                 0.01      1.01 f
  u_alu/U720/X (SAEDLVT14_OR2_0P5)                 0.02      1.03 f
  u_alu/U670/X (SAEDLVT14_NR2_ECO_2)               0.06      1.08 r
  u_alu/U528/X (SAEDLVT14_EO2_V1_0P75)             0.03      1.12 f
  u_alu/DP_OP_23J1_122_7706/U33/CO (SAEDLVT14_ADDF_V1_0P5)
                                                   0.03      1.15 f
  u_alu/DP_OP_23J1_122_7706/U32/CO (SAEDLVT14_ADDF_V1_0P5)
                                                   0.03      1.17 f
  u_alu/DP_OP_23J1_122_7706/U31/CO (SAEDLVT14_ADDF_V1_0P5)
                                                   0.02      1.20 f
  u_alu/DP_OP_23J1_122_7706/U30/CO (SAEDLVT14_ADDF_V1_0P5)
                                                   0.02      1.22 f
  u_alu/DP_OP_23J1_122_7706/U29/CO (SAEDLVT14_ADDF_V1_0P5)
                                                   0.04      1.26 f
  u_alu/DP_OP_23J1_122_7706/U28/CO (SAEDLVT14_ADDF_V1_0P5)
                                                   0.04      1.30 f
  u_alu/DP_OP_23J1_122_7706/U27/CO (SAEDLVT14_ADDF_V1_0P5)
                                                   0.03      1.33 f
  u_alu/DP_OP_23J1_122_7706/U26/CO (SAEDLVT14_ADDF_V1_0P5)
                                                   0.03      1.36 f
  u_alu/DP_OP_23J1_122_7706/U25/CO (SAEDLVT14_ADDF_V1_0P5)
                                                   0.03      1.38 f
  u_alu/DP_OP_23J1_122_7706/U24/CO (SAEDLVT14_ADDF_V1_0P5)
                                                   0.02      1.41 f
  u_alu/DP_OP_23J1_122_7706/U23/CO (SAEDLVT14_ADDF_V1_0P5)
                                                   0.02      1.43 f
  u_alu/DP_OP_23J1_122_7706/U22/CO (SAEDLVT14_ADDF_V1_0P5)
                                                   0.03      1.46 f
  u_alu/DP_OP_23J1_122_7706/U21/CO (SAEDLVT14_ADDF_V1_0P5)
                                                   0.03      1.48 f
  u_alu/DP_OP_23J1_122_7706/U20/CO (SAEDLVT14_ADDF_V1_0P5)
                                                   0.03      1.51 f
  u_alu/DP_OP_23J1_122_7706/U19/CO (SAEDLVT14_ADDF_V1_0P5)
                                                   0.03      1.53 f
  u_alu/DP_OP_23J1_122_7706/U18/CO (SAEDLVT14_ADDF_V1_0P5)
                                                   0.02      1.56 f
  u_alu/DP_OP_23J1_122_7706/U17/CO (SAEDLVT14_ADDF_V1_0P5)
                                                   0.04      1.60 f
  u_alu/DP_OP_23J1_122_7706/U16/CO (SAEDLVT14_ADDF_V1_0P5)
                                                   0.03      1.63 f
  u_alu/DP_OP_23J1_122_7706/U15/CO (SAEDLVT14_ADDF_V1_0P5)
                                                   0.03      1.66 f
  u_alu/DP_OP_23J1_122_7706/U14/CO (SAEDLVT14_ADDF_V1_0P5)
                                                   0.04      1.70 f
  u_alu/DP_OP_23J1_122_7706/U13/CO (SAEDLVT14_ADDF_V1_0P5)
                                                   0.04      1.74 f
  u_alu/DP_OP_23J1_122_7706/U12/CO (SAEDLVT14_ADDF_V1_0P5)
                                                   0.03      1.77 f
  u_alu/DP_OP_23J1_122_7706/U11/CO (SAEDLVT14_ADDF_V1_0P5)
                                                   0.04      1.80 f
  u_alu/DP_OP_23J1_122_7706/U10/CO (SAEDLVT14_ADDF_V2_0P5)
                                                   0.04      1.85 f
  u_alu/DP_OP_23J1_122_7706/U9/CO (SAEDLVT14_ADDF_V1_0P5)
                                                   0.03      1.87 f
  u_alu/DP_OP_23J1_122_7706/U8/CO (SAEDLVT14_ADDF_V1_0P5)
                                                   0.03      1.90 f
  u_alu/DP_OP_23J1_122_7706/U7/CO (SAEDLVT14_ADDF_V1_0P5)
                                                   0.03      1.93 f
  u_alu/DP_OP_23J1_122_7706/U6/CO (SAEDLVT14_ADDF_V1_0P5)
                                                   0.03      1.95 f
  u_alu/DP_OP_23J1_122_7706/U5/S (SAEDLVT14_ADDF_V1_0P5)
                                                   0.04      1.99 r
  u_alu/U826/X (SAEDLVT14_AO21_U_0P5)              0.02      2.02 r
  u_alu/result_reg[28]/D (SAEDLVT14_FDP_V2LP_1)    0.00      2.02 r
  data arrival time                                          2.02

  clock clk (rise edge)                            5.00      5.00
  clock network delay (propagated)                 0.02      5.02
  u_alu/result_reg[28]/CK (SAEDLVT14_FDP_V2LP_1)   0.00      5.02 r
  library setup time                              -0.01      5.01
  data required time                                         5.01
  ------------------------------------------------------------------------
  data required time                                         5.01
  data arrival time                                         -2.02
  ------------------------------------------------------------------------
  slack (MET)                                                2.99



  Startpoint: op[3] (input port clocked by clk)
  Endpoint: u_alu/result_reg[27] (rising edge-triggered flip-flop clocked by clk)
  Mode: default
  Corner: default
  Scenario: default
  Path Group: **in2reg_default**
  Path Type: max

  Point                                            Incr      Path  
  ------------------------------------------------------------------------
  clock clk (rise edge)                            0.00      0.00
  clock network delay (propagated)                 0.00      0.00
  input external delay                             1.00      1.00 f
  op[3] (in)                                       0.00      1.00 f
  u_alu/U760/X (SAEDLVT14_OR2_0P5)                 0.01      1.01 f
  u_alu/U720/X (SAEDLVT14_OR2_0P5)                 0.02      1.03 f
  u_alu/U670/X (SAEDLVT14_NR2_ECO_2)               0.06      1.08 r
  u_alu/U528/X (SAEDLVT14_EO2_V1_0P75)             0.03      1.12 f
  u_alu/DP_OP_23J1_122_7706/U33/CO (SAEDLVT14_ADDF_V1_0P5)
                                                   0.03      1.15 f
  u_alu/DP_OP_23J1_122_7706/U32/CO (SAEDLVT14_ADDF_V1_0P5)
                                                   0.03      1.17 f
  u_alu/DP_OP_23J1_122_7706/U31/CO (SAEDLVT14_ADDF_V1_0P5)
                                                   0.02      1.20 f
  u_alu/DP_OP_23J1_122_7706/U30/CO (SAEDLVT14_ADDF_V1_0P5)
                                                   0.02      1.22 f
  u_alu/DP_OP_23J1_122_7706/U29/CO (SAEDLVT14_ADDF_V1_0P5)
                                                   0.04      1.26 f
  u_alu/DP_OP_23J1_122_7706/U28/CO (SAEDLVT14_ADDF_V1_0P5)
                                                   0.04      1.30 f
  u_alu/DP_OP_23J1_122_7706/U27/CO (SAEDLVT14_ADDF_V1_0P5)
                                                   0.03      1.33 f
  u_alu/DP_OP_23J1_122_7706/U26/CO (SAEDLVT14_ADDF_V1_0P5)
                                                   0.03      1.36 f
  u_alu/DP_OP_23J1_122_7706/U25/CO (SAEDLVT14_ADDF_V1_0P5)
                                                   0.03      1.38 f
  u_alu/DP_OP_23J1_122_7706/U24/CO (SAEDLVT14_ADDF_V1_0P5)
                                                   0.02      1.41 f
  u_alu/DP_OP_23J1_122_7706/U23/CO (SAEDLVT14_ADDF_V1_0P5)
                                                   0.02      1.43 f
  u_alu/DP_OP_23J1_122_7706/U22/CO (SAEDLVT14_ADDF_V1_0P5)
                                                   0.03      1.46 f
  u_alu/DP_OP_23J1_122_7706/U21/CO (SAEDLVT14_ADDF_V1_0P5)
                                                   0.03      1.48 f
  u_alu/DP_OP_23J1_122_7706/U20/CO (SAEDLVT14_ADDF_V1_0P5)
                                                   0.03      1.51 f
  u_alu/DP_OP_23J1_122_7706/U19/CO (SAEDLVT14_ADDF_V1_0P5)
                                                   0.03      1.53 f
  u_alu/DP_OP_23J1_122_7706/U18/CO (SAEDLVT14_ADDF_V1_0P5)
                                                   0.02      1.56 f
  u_alu/DP_OP_23J1_122_7706/U17/CO (SAEDLVT14_ADDF_V1_0P5)
                                                   0.04      1.60 f
  u_alu/DP_OP_23J1_122_7706/U16/CO (SAEDLVT14_ADDF_V1_0P5)
                                                   0.03      1.63 f
  u_alu/DP_OP_23J1_122_7706/U15/CO (SAEDLVT14_ADDF_V1_0P5)
                                                   0.03      1.66 f
  u_alu/DP_OP_23J1_122_7706/U14/CO (SAEDLVT14_ADDF_V1_0P5)
                                                   0.04      1.70 f
  u_alu/DP_OP_23J1_122_7706/U13/CO (SAEDLVT14_ADDF_V1_0P5)
                                                   0.04      1.74 f
  u_alu/DP_OP_23J1_122_7706/U12/CO (SAEDLVT14_ADDF_V1_0P5)
                                                   0.03      1.77 f
  u_alu/DP_OP_23J1_122_7706/U11/CO (SAEDLVT14_ADDF_V1_0P5)
                                                   0.04      1.80 f
  u_alu/DP_OP_23J1_122_7706/U10/CO (SAEDLVT14_ADDF_V2_0P5)
                                                   0.04      1.85 f
  u_alu/DP_OP_23J1_122_7706/U9/CO (SAEDLVT14_ADDF_V1_0P5)
                                                   0.03      1.87 f
  u_alu/DP_OP_23J1_122_7706/U8/CO (SAEDLVT14_ADDF_V1_0P5)
                                                   0.03      1.90 f
  u_alu/DP_OP_23J1_122_7706/U7/CO (SAEDLVT14_ADDF_V1_0P5)
                                                   0.03      1.93 f
  u_alu/DP_OP_23J1_122_7706/U6/S (SAEDLVT14_ADDF_V1_0P5)
                                                   0.04      1.96 r
  u_alu/U13/X (SAEDLVT14_ND2_CDC_1)                0.01      1.98 f
  u_alu/U11/X (SAEDLVT14_OAI21_0P5)                0.01      1.99 r
  u_alu/U847/X (SAEDLVT14_OR4_1)                   0.02      2.01 r
  u_alu/result_reg[27]/D (SAEDLVT14_FDP_V2LP_1)    0.00      2.01 r
  data arrival time                                          2.01

  clock clk (rise edge)                            5.00      5.00
  clock network delay (propagated)                 0.02      5.02
  u_alu/result_reg[27]/CK (SAEDLVT14_FDP_V2LP_1)   0.00      5.02 r
  library setup time                              -0.01      5.01
  data required time                                         5.01
  ------------------------------------------------------------------------
  data required time                                         5.01
  data arrival time                                         -2.01
  ------------------------------------------------------------------------
  slack (MET)                                                3.00



  Startpoint: op[3] (input port clocked by clk)
  Endpoint: u_alu/result_reg[26] (rising edge-triggered flip-flop clocked by clk)
  Mode: default
  Corner: default
  Scenario: default
  Path Group: **in2reg_default**
  Path Type: max

  Point                                            Incr      Path  
  ------------------------------------------------------------------------
  clock clk (rise edge)                            0.00      0.00
  clock network delay (propagated)                 0.00      0.00
  input external delay                             1.00      1.00 f
  op[3] (in)                                       0.00      1.00 f
  u_alu/U760/X (SAEDLVT14_OR2_0P5)                 0.01      1.01 f
  u_alu/U720/X (SAEDLVT14_OR2_0P5)                 0.02      1.03 f
  u_alu/U670/X (SAEDLVT14_NR2_ECO_2)               0.06      1.08 r
  u_alu/U528/X (SAEDLVT14_EO2_V1_0P75)             0.03      1.12 f
  u_alu/DP_OP_23J1_122_7706/U33/CO (SAEDLVT14_ADDF_V1_0P5)
                                                   0.03      1.15 f
  u_alu/DP_OP_23J1_122_7706/U32/CO (SAEDLVT14_ADDF_V1_0P5)
                                                   0.03      1.17 f
  u_alu/DP_OP_23J1_122_7706/U31/CO (SAEDLVT14_ADDF_V1_0P5)
                                                   0.02      1.20 f
  u_alu/DP_OP_23J1_122_7706/U30/CO (SAEDLVT14_ADDF_V1_0P5)
                                                   0.02      1.22 f
  u_alu/DP_OP_23J1_122_7706/U29/CO (SAEDLVT14_ADDF_V1_0P5)
                                                   0.04      1.26 f
  u_alu/DP_OP_23J1_122_7706/U28/CO (SAEDLVT14_ADDF_V1_0P5)
                                                   0.04      1.30 f
  u_alu/DP_OP_23J1_122_7706/U27/CO (SAEDLVT14_ADDF_V1_0P5)
                                                   0.03      1.33 f
  u_alu/DP_OP_23J1_122_7706/U26/CO (SAEDLVT14_ADDF_V1_0P5)
                                                   0.03      1.36 f
  u_alu/DP_OP_23J1_122_7706/U25/CO (SAEDLVT14_ADDF_V1_0P5)
                                                   0.03      1.38 f
  u_alu/DP_OP_23J1_122_7706/U24/CO (SAEDLVT14_ADDF_V1_0P5)
                                                   0.02      1.41 f
  u_alu/DP_OP_23J1_122_7706/U23/CO (SAEDLVT14_ADDF_V1_0P5)
                                                   0.02      1.43 f
  u_alu/DP_OP_23J1_122_7706/U22/CO (SAEDLVT14_ADDF_V1_0P5)
                                                   0.03      1.46 f
  u_alu/DP_OP_23J1_122_7706/U21/CO (SAEDLVT14_ADDF_V1_0P5)
                                                   0.03      1.48 f
  u_alu/DP_OP_23J1_122_7706/U20/CO (SAEDLVT14_ADDF_V1_0P5)
                                                   0.03      1.51 f
  u_alu/DP_OP_23J1_122_7706/U19/CO (SAEDLVT14_ADDF_V1_0P5)
                                                   0.03      1.53 f
  u_alu/DP_OP_23J1_122_7706/U18/CO (SAEDLVT14_ADDF_V1_0P5)
                                                   0.02      1.56 f
  u_alu/DP_OP_23J1_122_7706/U17/CO (SAEDLVT14_ADDF_V1_0P5)
                                                   0.04      1.60 f
  u_alu/DP_OP_23J1_122_7706/U16/CO (SAEDLVT14_ADDF_V1_0P5)
                                                   0.03      1.63 f
  u_alu/DP_OP_23J1_122_7706/U15/CO (SAEDLVT14_ADDF_V1_0P5)
                                                   0.03      1.66 f
  u_alu/DP_OP_23J1_122_7706/U14/CO (SAEDLVT14_ADDF_V1_0P5)
                                                   0.04      1.70 f
  u_alu/DP_OP_23J1_122_7706/U13/CO (SAEDLVT14_ADDF_V1_0P5)
                                                   0.04      1.74 f
  u_alu/DP_OP_23J1_122_7706/U12/CO (SAEDLVT14_ADDF_V1_0P5)
                                                   0.03      1.77 f
  u_alu/DP_OP_23J1_122_7706/U11/CO (SAEDLVT14_ADDF_V1_0P5)
                                                   0.04      1.80 f
  u_alu/DP_OP_23J1_122_7706/U10/CO (SAEDLVT14_ADDF_V2_0P5)
                                                   0.04      1.85 f
  u_alu/DP_OP_23J1_122_7706/U9/CO (SAEDLVT14_ADDF_V1_0P5)
                                                   0.03      1.87 f
  u_alu/DP_OP_23J1_122_7706/U8/CO (SAEDLVT14_ADDF_V1_0P5)
                                                   0.03      1.90 f
  u_alu/DP_OP_23J1_122_7706/U7/S (SAEDLVT14_ADDF_V1_0P5)
                                                   0.04      1.94 r
  u_alu/U15/X (SAEDLVT14_ND2_CDC_1)                0.02      1.95 f
  u_alu/U12/X (SAEDLVT14_OAI21_0P5)                0.01      1.97 r
  u_alu/U845/X (SAEDLVT14_OR4_1)                   0.01      1.98 r
  u_alu/result_reg[26]/D (SAEDLVT14_FDP_V2LP_1)    0.00      1.98 r
  data arrival time                                          1.98

  clock clk (rise edge)                            5.00      5.00
  clock network delay (propagated)                 0.02      5.02
  u_alu/result_reg[26]/CK (SAEDLVT14_FDP_V2LP_1)   0.00      5.02 r
  library setup time                              -0.01      5.01
  data required time                                         5.01
  ------------------------------------------------------------------------
  data required time                                         5.01
  data arrival time                                         -1.98
  ------------------------------------------------------------------------
  slack (MET)                                                3.03



  Startpoint: op[3] (input port clocked by clk)
  Endpoint: u_alu/result_reg[25] (rising edge-triggered flip-flop clocked by clk)
  Mode: default
  Corner: default
  Scenario: default
  Path Group: **in2reg_default**
  Path Type: max

  Point                                            Incr      Path  
  ------------------------------------------------------------------------
  clock clk (rise edge)                            0.00      0.00
  clock network delay (propagated)                 0.00      0.00
  input external delay                             1.00      1.00 f
  op[3] (in)                                       0.00      1.00 f
  u_alu/U760/X (SAEDLVT14_OR2_0P5)                 0.01      1.01 f
  u_alu/U720/X (SAEDLVT14_OR2_0P5)                 0.02      1.03 f
  u_alu/U670/X (SAEDLVT14_NR2_ECO_2)               0.06      1.08 r
  u_alu/U528/X (SAEDLVT14_EO2_V1_0P75)             0.03      1.12 f
  u_alu/DP_OP_23J1_122_7706/U33/CO (SAEDLVT14_ADDF_V1_0P5)
                                                   0.03      1.15 f
  u_alu/DP_OP_23J1_122_7706/U32/CO (SAEDLVT14_ADDF_V1_0P5)
                                                   0.03      1.17 f
  u_alu/DP_OP_23J1_122_7706/U31/CO (SAEDLVT14_ADDF_V1_0P5)
                                                   0.02      1.20 f
  u_alu/DP_OP_23J1_122_7706/U30/CO (SAEDLVT14_ADDF_V1_0P5)
                                                   0.02      1.22 f
  u_alu/DP_OP_23J1_122_7706/U29/CO (SAEDLVT14_ADDF_V1_0P5)
                                                   0.04      1.26 f
  u_alu/DP_OP_23J1_122_7706/U28/CO (SAEDLVT14_ADDF_V1_0P5)
                                                   0.04      1.30 f
  u_alu/DP_OP_23J1_122_7706/U27/CO (SAEDLVT14_ADDF_V1_0P5)
                                                   0.03      1.33 f
  u_alu/DP_OP_23J1_122_7706/U26/CO (SAEDLVT14_ADDF_V1_0P5)
                                                   0.03      1.36 f
  u_alu/DP_OP_23J1_122_7706/U25/CO (SAEDLVT14_ADDF_V1_0P5)
                                                   0.03      1.38 f
  u_alu/DP_OP_23J1_122_7706/U24/CO (SAEDLVT14_ADDF_V1_0P5)
                                                   0.02      1.41 f
  u_alu/DP_OP_23J1_122_7706/U23/CO (SAEDLVT14_ADDF_V1_0P5)
                                                   0.02      1.43 f
  u_alu/DP_OP_23J1_122_7706/U22/CO (SAEDLVT14_ADDF_V1_0P5)
                                                   0.03      1.46 f
  u_alu/DP_OP_23J1_122_7706/U21/CO (SAEDLVT14_ADDF_V1_0P5)
                                                   0.03      1.48 f
  u_alu/DP_OP_23J1_122_7706/U20/CO (SAEDLVT14_ADDF_V1_0P5)
                                                   0.03      1.51 f
  u_alu/DP_OP_23J1_122_7706/U19/CO (SAEDLVT14_ADDF_V1_0P5)
                                                   0.03      1.53 f
  u_alu/DP_OP_23J1_122_7706/U18/CO (SAEDLVT14_ADDF_V1_0P5)
                                                   0.02      1.56 f
  u_alu/DP_OP_23J1_122_7706/U17/CO (SAEDLVT14_ADDF_V1_0P5)
                                                   0.04      1.60 f
  u_alu/DP_OP_23J1_122_7706/U16/CO (SAEDLVT14_ADDF_V1_0P5)
                                                   0.03      1.63 f
  u_alu/DP_OP_23J1_122_7706/U15/CO (SAEDLVT14_ADDF_V1_0P5)
                                                   0.03      1.66 f
  u_alu/DP_OP_23J1_122_7706/U14/CO (SAEDLVT14_ADDF_V1_0P5)
                                                   0.04      1.70 f
  u_alu/DP_OP_23J1_122_7706/U13/CO (SAEDLVT14_ADDF_V1_0P5)
                                                   0.04      1.74 f
  u_alu/DP_OP_23J1_122_7706/U12/CO (SAEDLVT14_ADDF_V1_0P5)
                                                   0.03      1.77 f
  u_alu/DP_OP_23J1_122_7706/U11/CO (SAEDLVT14_ADDF_V1_0P5)
                                                   0.04      1.80 f
  u_alu/DP_OP_23J1_122_7706/U10/CO (SAEDLVT14_ADDF_V2_0P5)
                                                   0.04      1.85 f
  u_alu/DP_OP_23J1_122_7706/U9/CO (SAEDLVT14_ADDF_V1_0P5)
                                                   0.03      1.87 f
  u_alu/DP_OP_23J1_122_7706/U8/S (SAEDLVT14_ADDF_V1_0P5)
                                                   0.04      1.91 r
  u_alu/U18/X (SAEDLVT14_ND2_CDC_1)                0.01      1.92 f
  u_alu/U14/X (SAEDLVT14_OAI21_0P5)                0.01      1.93 r
  u_alu/U843/X (SAEDLVT14_OR4_1)                   0.02      1.95 r
  u_alu/result_reg[25]/D (SAEDLVT14_FDP_V2LP_1)    0.00      1.95 r
  data arrival time                                          1.95

  clock clk (rise edge)                            5.00      5.00
  clock network delay (propagated)                 0.02      5.02
  u_alu/result_reg[25]/CK (SAEDLVT14_FDP_V2LP_1)   0.00      5.02 r
  library setup time                              -0.01      5.01
  data required time                                         5.01
  ------------------------------------------------------------------------
  data required time                                         5.01
  data arrival time                                         -1.95
  ------------------------------------------------------------------------
  slack (MET)                                                3.06



  Startpoint: op[3] (input port clocked by clk)
  Endpoint: u_alu/result_reg[24] (rising edge-triggered flip-flop clocked by clk)
  Mode: default
  Corner: default
  Scenario: default
  Path Group: **in2reg_default**
  Path Type: max

  Point                                            Incr      Path  
  ------------------------------------------------------------------------
  clock clk (rise edge)                            0.00      0.00
  clock network delay (propagated)                 0.00      0.00
  input external delay                             1.00      1.00 f
  op[3] (in)                                       0.00      1.00 f
  u_alu/U760/X (SAEDLVT14_OR2_0P5)                 0.01      1.01 f
  u_alu/U720/X (SAEDLVT14_OR2_0P5)                 0.02      1.03 f
  u_alu/U670/X (SAEDLVT14_NR2_ECO_2)               0.06      1.08 r
  u_alu/U528/X (SAEDLVT14_EO2_V1_0P75)             0.03      1.12 f
  u_alu/DP_OP_23J1_122_7706/U33/CO (SAEDLVT14_ADDF_V1_0P5)
                                                   0.03      1.15 f
  u_alu/DP_OP_23J1_122_7706/U32/CO (SAEDLVT14_ADDF_V1_0P5)
                                                   0.03      1.17 f
  u_alu/DP_OP_23J1_122_7706/U31/CO (SAEDLVT14_ADDF_V1_0P5)
                                                   0.02      1.20 f
  u_alu/DP_OP_23J1_122_7706/U30/CO (SAEDLVT14_ADDF_V1_0P5)
                                                   0.02      1.22 f
  u_alu/DP_OP_23J1_122_7706/U29/CO (SAEDLVT14_ADDF_V1_0P5)
                                                   0.04      1.26 f
  u_alu/DP_OP_23J1_122_7706/U28/CO (SAEDLVT14_ADDF_V1_0P5)
                                                   0.04      1.30 f
  u_alu/DP_OP_23J1_122_7706/U27/CO (SAEDLVT14_ADDF_V1_0P5)
                                                   0.03      1.33 f
  u_alu/DP_OP_23J1_122_7706/U26/CO (SAEDLVT14_ADDF_V1_0P5)
                                                   0.03      1.36 f
  u_alu/DP_OP_23J1_122_7706/U25/CO (SAEDLVT14_ADDF_V1_0P5)
                                                   0.03      1.38 f
  u_alu/DP_OP_23J1_122_7706/U24/CO (SAEDLVT14_ADDF_V1_0P5)
                                                   0.02      1.41 f
  u_alu/DP_OP_23J1_122_7706/U23/CO (SAEDLVT14_ADDF_V1_0P5)
                                                   0.02      1.43 f
  u_alu/DP_OP_23J1_122_7706/U22/CO (SAEDLVT14_ADDF_V1_0P5)
                                                   0.03      1.46 f
  u_alu/DP_OP_23J1_122_7706/U21/CO (SAEDLVT14_ADDF_V1_0P5)
                                                   0.03      1.48 f
  u_alu/DP_OP_23J1_122_7706/U20/CO (SAEDLVT14_ADDF_V1_0P5)
                                                   0.03      1.51 f
  u_alu/DP_OP_23J1_122_7706/U19/CO (SAEDLVT14_ADDF_V1_0P5)
                                                   0.03      1.53 f
  u_alu/DP_OP_23J1_122_7706/U18/CO (SAEDLVT14_ADDF_V1_0P5)
                                                   0.02      1.56 f
  u_alu/DP_OP_23J1_122_7706/U17/CO (SAEDLVT14_ADDF_V1_0P5)
                                                   0.04      1.60 f
  u_alu/DP_OP_23J1_122_7706/U16/CO (SAEDLVT14_ADDF_V1_0P5)
                                                   0.03      1.63 f
  u_alu/DP_OP_23J1_122_7706/U15/CO (SAEDLVT14_ADDF_V1_0P5)
                                                   0.03      1.66 f
  u_alu/DP_OP_23J1_122_7706/U14/CO (SAEDLVT14_ADDF_V1_0P5)
                                                   0.04      1.70 f
  u_alu/DP_OP_23J1_122_7706/U13/CO (SAEDLVT14_ADDF_V1_0P5)
                                                   0.04      1.74 f
  u_alu/DP_OP_23J1_122_7706/U12/CO (SAEDLVT14_ADDF_V1_0P5)
                                                   0.03      1.77 f
  u_alu/DP_OP_23J1_122_7706/U11/CO (SAEDLVT14_ADDF_V1_0P5)
                                                   0.04      1.80 f
  u_alu/DP_OP_23J1_122_7706/U10/CO (SAEDLVT14_ADDF_V2_0P5)
                                                   0.04      1.85 f
  u_alu/DP_OP_23J1_122_7706/U9/S (SAEDLVT14_ADDF_V1_0P5)
                                                   0.04      1.88 r
  u_alu/U19/X (SAEDLVT14_AO21_U_0P5)               0.03      1.91 r
  u_alu/result_reg[24]/D (SAEDLVT14_FDP_V2LP_1)    0.00      1.91 r
  data arrival time                                          1.91

  clock clk (rise edge)                            5.00      5.00
  clock network delay (propagated)                 0.02      5.02
  u_alu/result_reg[24]/CK (SAEDLVT14_FDP_V2LP_1)   0.00      5.02 r
  library setup time                              -0.01      5.01
  data required time                                         5.01
  ------------------------------------------------------------------------
  data required time                                         5.01
  data arrival time                                         -1.91
  ------------------------------------------------------------------------
  slack (MET)                                                3.09


1
