Warning: no valid parasitic for default corner(LATE) (NEX-018)
Warning: no valid parasitic for default corner(EARLY) (NEX-018)
Warning: no valid parasitic for (all corners) corner((both specs)) (NEX-018)
Information: The stitching and editing of coupling caps is turned OFF for design 'adaptive_pg_top_icc2.dlib:adaptive_pg_top.design'. (TIM-125)
Warning: The extractor can not be initialized for block 'adaptive_pg_top'. (TIM-103)
Warning: The extractor can not be initialized for design 'adaptive_pg_top'. Zero interconnect delay is used in timing analysis. (TIM-102)
Warning: Batch extraction is skipped for block "adaptive_pg_top"
Information: Update timing completed net estimation for all the timing graph nets (TIM-111)
Information: Net estimation statistics: timing graph nets = 1285, routed nets = 0, across physical hierarchy nets = 0, parasitics cached nets = 0, delay annotated nets = 0, parasitics annotated nets = 0, multi-voltage nets = 0. (TIM-112)
****************************************
Report : timing
        -path_type full
        -delay_type max
        -max_paths 5
        -report_by design
Design : adaptive_pg_top
Version: U-2022.12-SP5
Date   : Sun Jun 28 18:32:44 2026
****************************************

  Startpoint: u_act_mon/clk_gate_idle_count_reg/latch (negative level-sensitive latch clocked by clk)
  Endpoint: u_act_mon/clk_gate_idle_count_reg/main_gate (rising clock gating-check end-point clocked by clk)
  Mode: default
  Corner: default
  Scenario: default
  Path Group: clk
  Path Type: max

  Point                                            Incr      Path  
  ------------------------------------------------------------------------
  clock clk (fall edge)                            2.50      2.50
  clock network delay (ideal)                      0.00      2.50

  u_act_mon/clk_gate_idle_count_reg/latch/G (SAEDLVT14_LDNQ_U_0P5)
                                                   0.00      2.50 f
  u_act_mon/clk_gate_idle_count_reg/latch/Q (SAEDLVT14_LDNQ_U_0P5)
                                                   0.02      2.52 f
  u_act_mon/clk_gate_idle_count_reg/main_gate/A1 (SAEDLVT14_AN2_MM_0P5)
                                                   0.00      2.52 f
  data arrival time                                          2.52

  clock clk (rise edge)                            5.00      5.00
  clock network delay (ideal)                      0.00      5.00
  u_act_mon/clk_gate_idle_count_reg/main_gate/A2 (SAEDLVT14_AN2_MM_0P5)
                                                   0.00      5.00 r
  library setup time                              -0.00      5.00
  data required time                                         5.00
  ------------------------------------------------------------------------
  data required time                                         5.00
  data arrival time                                         -2.52
  ------------------------------------------------------------------------
  slack (MET)                                                2.48



  Startpoint: u_alu/clk_gate_result_reg/latch (negative level-sensitive latch clocked by clk)
  Endpoint: u_alu/clk_gate_result_reg/main_gate (rising clock gating-check end-point clocked by clk)
  Mode: default
  Corner: default
  Scenario: default
  Path Group: clk
  Path Type: max

  Point                                            Incr      Path  
  ------------------------------------------------------------------------
  clock clk (fall edge)                            2.50      2.50
  clock network delay (ideal)                      0.00      2.50

  u_alu/clk_gate_result_reg/latch/G (SAEDLVT14_LDNQ_U_0P5)
                                                   0.00      2.50 f
  u_alu/clk_gate_result_reg/latch/Q (SAEDLVT14_LDNQ_U_0P5)
                                                   0.02      2.52 f
  u_alu/clk_gate_result_reg/main_gate/A1 (SAEDLVT14_AN2_MM_0P5)
                                                   0.00      2.52 f
  data arrival time                                          2.52

  clock clk (rise edge)                            5.00      5.00
  clock network delay (ideal)                      0.00      5.00
  u_alu/clk_gate_result_reg/main_gate/A2 (SAEDLVT14_AN2_MM_0P5)
                                                   0.00      5.00 r
  library setup time                              -0.00      5.00
  data required time                                         5.00
  ------------------------------------------------------------------------
  data required time                                         5.00
  data arrival time                                         -2.52
  ------------------------------------------------------------------------
  slack (MET)                                                2.48



  Startpoint: op[3] (input port clocked by clk)
  Endpoint: u_alu/result_reg[31] (rising edge-triggered flip-flop clocked by clk)
  Mode: default
  Corner: default
  Scenario: default
  Path Group: **in2reg_default**
  Path Type: max

  Point                                            Incr      Path  
  ------------------------------------------------------------------------
  clock clk (rise edge)                            0.00      0.00
  clock network delay (ideal)                      0.00      0.00
  input external delay                             1.00      1.00 f
  op[3] (in)                                       0.00      1.00 f
  u_alu/U760/X (SAEDLVT14_OR2_0P5)                 0.01      1.01 f
  u_alu/U720/X (SAEDLVT14_OR2_0P5)                 0.01      1.02 f
  u_alu/U670/X (SAEDLVT14_NR2_MM_0P5)              0.02      1.04 r
  u_alu/U632/X (SAEDLVT14_BUF_U_0P5)               0.02      1.07 r
  u_alu/U528/X (SAEDLVT14_EO2_V1_0P75)             0.02      1.09 f
  u_alu/DP_OP_23J1_122_7706/U33/CO (SAEDLVT14_ADDF_V1_1)
                                                   0.02      1.11 f
  u_alu/DP_OP_23J1_122_7706/U32/CO (SAEDLVT14_ADDF_V1_1)
                                                   0.02      1.13 f
  u_alu/DP_OP_23J1_122_7706/U31/CO (SAEDLVT14_ADDF_V1_1)
                                                   0.02      1.15 f
  u_alu/DP_OP_23J1_122_7706/U30/CO (SAEDLVT14_ADDF_V1_1)
                                                   0.02      1.16 f
  u_alu/DP_OP_23J1_122_7706/U29/CO (SAEDLVT14_ADDF_V1_1)
                                                   0.02      1.18 f
  u_alu/DP_OP_23J1_122_7706/U28/CO (SAEDLVT14_ADDF_V1_1)
                                                   0.02      1.20 f
  u_alu/DP_OP_23J1_122_7706/U27/CO (SAEDLVT14_ADDF_V1_1)
                                                   0.02      1.22 f
  u_alu/DP_OP_23J1_122_7706/U26/CO (SAEDLVT14_ADDF_V1_1)
                                                   0.02      1.24 f
  u_alu/DP_OP_23J1_122_7706/U25/CO (SAEDLVT14_ADDF_V1_1)
                                                   0.02      1.25 f
  u_alu/DP_OP_23J1_122_7706/U24/CO (SAEDLVT14_ADDF_V1_1)
                                                   0.02      1.27 f
  u_alu/DP_OP_23J1_122_7706/U23/CO (SAEDLVT14_ADDF_V1_1)
                                                   0.02      1.29 f
  u_alu/DP_OP_23J1_122_7706/U22/CO (SAEDLVT14_ADDF_V1_1)
                                                   0.02      1.31 f
  u_alu/DP_OP_23J1_122_7706/U21/CO (SAEDLVT14_ADDF_V1_1)
                                                   0.02      1.33 f
  u_alu/DP_OP_23J1_122_7706/U20/CO (SAEDLVT14_ADDF_V1_1)
                                                   0.02      1.35 f
  u_alu/DP_OP_23J1_122_7706/U19/CO (SAEDLVT14_ADDF_V1_1)
                                                   0.02      1.36 f
  u_alu/DP_OP_23J1_122_7706/U18/CO (SAEDLVT14_ADDF_V1_1)
                                                   0.02      1.38 f
  u_alu/DP_OP_23J1_122_7706/U17/CO (SAEDLVT14_ADDF_V1_1)
                                                   0.02      1.40 f
  u_alu/DP_OP_23J1_122_7706/U16/CO (SAEDLVT14_ADDF_V1_1)
                                                   0.02      1.42 f
  u_alu/DP_OP_23J1_122_7706/U15/CO (SAEDLVT14_ADDF_V1_1)
                                                   0.02      1.44 f
  u_alu/DP_OP_23J1_122_7706/U14/CO (SAEDLVT14_ADDF_V1_1)
                                                   0.02      1.45 f
  u_alu/DP_OP_23J1_122_7706/U13/CO (SAEDLVT14_ADDF_V1_1)
                                                   0.02      1.47 f
  u_alu/DP_OP_23J1_122_7706/U12/CO (SAEDLVT14_ADDF_V1_1)
                                                   0.02      1.49 f
  u_alu/DP_OP_23J1_122_7706/U11/CO (SAEDLVT14_ADDF_V1_1)
                                                   0.02      1.51 f
  u_alu/DP_OP_23J1_122_7706/U10/CO (SAEDLVT14_ADDF_V1_1)
                                                   0.02      1.53 f
  u_alu/DP_OP_23J1_122_7706/U9/CO (SAEDLVT14_ADDF_V1_1)
                                                   0.02      1.55 f
  u_alu/DP_OP_23J1_122_7706/U8/CO (SAEDLVT14_ADDF_V1_1)
                                                   0.02      1.56 f
  u_alu/DP_OP_23J1_122_7706/U7/CO (SAEDLVT14_ADDF_V1_1)
                                                   0.02      1.58 f
  u_alu/DP_OP_23J1_122_7706/U6/CO (SAEDLVT14_ADDF_V1_1)
                                                   0.02      1.60 f
  u_alu/DP_OP_23J1_122_7706/U5/CO (SAEDLVT14_ADDF_V1_1)
                                                   0.02      1.62 f
  u_alu/DP_OP_23J1_122_7706/U4/CO (SAEDLVT14_ADDF_V1_1)
                                                   0.02      1.64 f
  u_alu/DP_OP_23J1_122_7706/U3/CO (SAEDLVT14_ADDF_V1_1)
                                                   0.02      1.65 f
  u_alu/U9/X (SAEDLVT14_EO2_V1_0P75)               0.01      1.66 f
  u_alu/U7/X (SAEDLVT14_AO21_U_0P5)                0.01      1.68 f
  u_alu/U5/X (SAEDLVT14_AOI21_0P75)                0.01      1.68 r
  u_alu/U4/X (SAEDLVT14_OAI21_0P5)                 0.01      1.69 f
  u_alu/result_reg[31]/D (SAEDLVT14_FDP_V2LP_0P5)
                                                   0.00      1.69 f
  data arrival time                                          1.69

  clock clk (rise edge)                            5.00      5.00
  clock network delay (ideal)                      0.00      5.00
  u_alu/result_reg[31]/CK (SAEDLVT14_FDP_V2LP_0P5)
                                                   0.00      5.00 r
  library setup time                              -0.01      4.99
  data required time                                         4.99
  ------------------------------------------------------------------------
  data required time                                         4.99
  data arrival time                                         -1.69
  ------------------------------------------------------------------------
  slack (MET)                                                3.31



  Startpoint: op[3] (input port clocked by clk)
  Endpoint: u_alu/result_reg[30] (rising edge-triggered flip-flop clocked by clk)
  Mode: default
  Corner: default
  Scenario: default
  Path Group: **in2reg_default**
  Path Type: max

  Point                                            Incr      Path  
  ------------------------------------------------------------------------
  clock clk (rise edge)                            0.00      0.00
  clock network delay (ideal)                      0.00      0.00
  input external delay                             1.00      1.00 f
  op[3] (in)                                       0.00      1.00 f
  u_alu/U760/X (SAEDLVT14_OR2_0P5)                 0.01      1.01 f
  u_alu/U720/X (SAEDLVT14_OR2_0P5)                 0.01      1.02 f
  u_alu/U670/X (SAEDLVT14_NR2_MM_0P5)              0.02      1.04 r
  u_alu/U632/X (SAEDLVT14_BUF_U_0P5)               0.02      1.07 r
  u_alu/U528/X (SAEDLVT14_EO2_V1_0P75)             0.02      1.09 f
  u_alu/DP_OP_23J1_122_7706/U33/CO (SAEDLVT14_ADDF_V1_1)
                                                   0.02      1.11 f
  u_alu/DP_OP_23J1_122_7706/U32/CO (SAEDLVT14_ADDF_V1_1)
                                                   0.02      1.13 f
  u_alu/DP_OP_23J1_122_7706/U31/CO (SAEDLVT14_ADDF_V1_1)
                                                   0.02      1.15 f
  u_alu/DP_OP_23J1_122_7706/U30/CO (SAEDLVT14_ADDF_V1_1)
                                                   0.02      1.16 f
  u_alu/DP_OP_23J1_122_7706/U29/CO (SAEDLVT14_ADDF_V1_1)
                                                   0.02      1.18 f
  u_alu/DP_OP_23J1_122_7706/U28/CO (SAEDLVT14_ADDF_V1_1)
                                                   0.02      1.20 f
  u_alu/DP_OP_23J1_122_7706/U27/CO (SAEDLVT14_ADDF_V1_1)
                                                   0.02      1.22 f
  u_alu/DP_OP_23J1_122_7706/U26/CO (SAEDLVT14_ADDF_V1_1)
                                                   0.02      1.24 f
  u_alu/DP_OP_23J1_122_7706/U25/CO (SAEDLVT14_ADDF_V1_1)
                                                   0.02      1.25 f
  u_alu/DP_OP_23J1_122_7706/U24/CO (SAEDLVT14_ADDF_V1_1)
                                                   0.02      1.27 f
  u_alu/DP_OP_23J1_122_7706/U23/CO (SAEDLVT14_ADDF_V1_1)
                                                   0.02      1.29 f
  u_alu/DP_OP_23J1_122_7706/U22/CO (SAEDLVT14_ADDF_V1_1)
                                                   0.02      1.31 f
  u_alu/DP_OP_23J1_122_7706/U21/CO (SAEDLVT14_ADDF_V1_1)
                                                   0.02      1.33 f
  u_alu/DP_OP_23J1_122_7706/U20/CO (SAEDLVT14_ADDF_V1_1)
                                                   0.02      1.35 f
  u_alu/DP_OP_23J1_122_7706/U19/CO (SAEDLVT14_ADDF_V1_1)
                                                   0.02      1.36 f
  u_alu/DP_OP_23J1_122_7706/U18/CO (SAEDLVT14_ADDF_V1_1)
                                                   0.02      1.38 f
  u_alu/DP_OP_23J1_122_7706/U17/CO (SAEDLVT14_ADDF_V1_1)
                                                   0.02      1.40 f
  u_alu/DP_OP_23J1_122_7706/U16/CO (SAEDLVT14_ADDF_V1_1)
                                                   0.02      1.42 f
  u_alu/DP_OP_23J1_122_7706/U15/CO (SAEDLVT14_ADDF_V1_1)
                                                   0.02      1.44 f
  u_alu/DP_OP_23J1_122_7706/U14/CO (SAEDLVT14_ADDF_V1_1)
                                                   0.02      1.45 f
  u_alu/DP_OP_23J1_122_7706/U13/CO (SAEDLVT14_ADDF_V1_1)
                                                   0.02      1.47 f
  u_alu/DP_OP_23J1_122_7706/U12/CO (SAEDLVT14_ADDF_V1_1)
                                                   0.02      1.49 f
  u_alu/DP_OP_23J1_122_7706/U11/CO (SAEDLVT14_ADDF_V1_1)
                                                   0.02      1.51 f
  u_alu/DP_OP_23J1_122_7706/U10/CO (SAEDLVT14_ADDF_V1_1)
                                                   0.02      1.53 f
  u_alu/DP_OP_23J1_122_7706/U9/CO (SAEDLVT14_ADDF_V1_1)
                                                   0.02      1.55 f
  u_alu/DP_OP_23J1_122_7706/U8/CO (SAEDLVT14_ADDF_V1_1)
                                                   0.02      1.56 f
  u_alu/DP_OP_23J1_122_7706/U7/CO (SAEDLVT14_ADDF_V1_1)
                                                   0.02      1.58 f
  u_alu/DP_OP_23J1_122_7706/U6/CO (SAEDLVT14_ADDF_V1_1)
                                                   0.02      1.60 f
  u_alu/DP_OP_23J1_122_7706/U5/CO (SAEDLVT14_ADDF_V1_1)
                                                   0.02      1.62 f
  u_alu/DP_OP_23J1_122_7706/U4/CO (SAEDLVT14_ADDF_V1_1)
                                                   0.02      1.64 f
  u_alu/DP_OP_23J1_122_7706/U3/S (SAEDLVT14_ADDF_V1_1)
                                                   0.03      1.67 r
  u_alu/U828/X (SAEDLVT14_AO21_U_0P5)              0.01      1.68 r
  u_alu/result_reg[30]/D (SAEDLVT14_FDP_V2LP_0P5)
                                                   0.00      1.68 r
  data arrival time                                          1.68

  clock clk (rise edge)                            5.00      5.00
  clock network delay (ideal)                      0.00      5.00
  u_alu/result_reg[30]/CK (SAEDLVT14_FDP_V2LP_0P5)
                                                   0.00      5.00 r
  library setup time                              -0.01      4.99
  data required time                                         4.99
  ------------------------------------------------------------------------
  data required time                                         4.99
  data arrival time                                         -1.68
  ------------------------------------------------------------------------
  slack (MET)                                                3.31



  Startpoint: op[3] (input port clocked by clk)
  Endpoint: u_alu/result_reg[29] (rising edge-triggered flip-flop clocked by clk)
  Mode: default
  Corner: default
  Scenario: default
  Path Group: **in2reg_default**
  Path Type: max

  Point                                            Incr      Path  
  ------------------------------------------------------------------------
  clock clk (rise edge)                            0.00      0.00
  clock network delay (ideal)                      0.00      0.00
  input external delay                             1.00      1.00 f
  op[3] (in)                                       0.00      1.00 f
  u_alu/U760/X (SAEDLVT14_OR2_0P5)                 0.01      1.01 f
  u_alu/U720/X (SAEDLVT14_OR2_0P5)                 0.01      1.02 f
  u_alu/U670/X (SAEDLVT14_NR2_MM_0P5)              0.02      1.04 r
  u_alu/U632/X (SAEDLVT14_BUF_U_0P5)               0.02      1.07 r
  u_alu/U528/X (SAEDLVT14_EO2_V1_0P75)             0.02      1.09 f
  u_alu/DP_OP_23J1_122_7706/U33/CO (SAEDLVT14_ADDF_V1_1)
                                                   0.02      1.11 f
  u_alu/DP_OP_23J1_122_7706/U32/CO (SAEDLVT14_ADDF_V1_1)
                                                   0.02      1.13 f
  u_alu/DP_OP_23J1_122_7706/U31/CO (SAEDLVT14_ADDF_V1_1)
                                                   0.02      1.15 f
  u_alu/DP_OP_23J1_122_7706/U30/CO (SAEDLVT14_ADDF_V1_1)
                                                   0.02      1.16 f
  u_alu/DP_OP_23J1_122_7706/U29/CO (SAEDLVT14_ADDF_V1_1)
                                                   0.02      1.18 f
  u_alu/DP_OP_23J1_122_7706/U28/CO (SAEDLVT14_ADDF_V1_1)
                                                   0.02      1.20 f
  u_alu/DP_OP_23J1_122_7706/U27/CO (SAEDLVT14_ADDF_V1_1)
                                                   0.02      1.22 f
  u_alu/DP_OP_23J1_122_7706/U26/CO (SAEDLVT14_ADDF_V1_1)
                                                   0.02      1.24 f
  u_alu/DP_OP_23J1_122_7706/U25/CO (SAEDLVT14_ADDF_V1_1)
                                                   0.02      1.25 f
  u_alu/DP_OP_23J1_122_7706/U24/CO (SAEDLVT14_ADDF_V1_1)
                                                   0.02      1.27 f
  u_alu/DP_OP_23J1_122_7706/U23/CO (SAEDLVT14_ADDF_V1_1)
                                                   0.02      1.29 f
  u_alu/DP_OP_23J1_122_7706/U22/CO (SAEDLVT14_ADDF_V1_1)
                                                   0.02      1.31 f
  u_alu/DP_OP_23J1_122_7706/U21/CO (SAEDLVT14_ADDF_V1_1)
                                                   0.02      1.33 f
  u_alu/DP_OP_23J1_122_7706/U20/CO (SAEDLVT14_ADDF_V1_1)
                                                   0.02      1.35 f
  u_alu/DP_OP_23J1_122_7706/U19/CO (SAEDLVT14_ADDF_V1_1)
                                                   0.02      1.36 f
  u_alu/DP_OP_23J1_122_7706/U18/CO (SAEDLVT14_ADDF_V1_1)
                                                   0.02      1.38 f
  u_alu/DP_OP_23J1_122_7706/U17/CO (SAEDLVT14_ADDF_V1_1)
                                                   0.02      1.40 f
  u_alu/DP_OP_23J1_122_7706/U16/CO (SAEDLVT14_ADDF_V1_1)
                                                   0.02      1.42 f
  u_alu/DP_OP_23J1_122_7706/U15/CO (SAEDLVT14_ADDF_V1_1)
                                                   0.02      1.44 f
  u_alu/DP_OP_23J1_122_7706/U14/CO (SAEDLVT14_ADDF_V1_1)
                                                   0.02      1.45 f
  u_alu/DP_OP_23J1_122_7706/U13/CO (SAEDLVT14_ADDF_V1_1)
                                                   0.02      1.47 f
  u_alu/DP_OP_23J1_122_7706/U12/CO (SAEDLVT14_ADDF_V1_1)
                                                   0.02      1.49 f
  u_alu/DP_OP_23J1_122_7706/U11/CO (SAEDLVT14_ADDF_V1_1)
                                                   0.02      1.51 f
  u_alu/DP_OP_23J1_122_7706/U10/CO (SAEDLVT14_ADDF_V1_1)
                                                   0.02      1.53 f
  u_alu/DP_OP_23J1_122_7706/U9/CO (SAEDLVT14_ADDF_V1_1)
                                                   0.02      1.55 f
  u_alu/DP_OP_23J1_122_7706/U8/CO (SAEDLVT14_ADDF_V1_1)
                                                   0.02      1.56 f
  u_alu/DP_OP_23J1_122_7706/U7/CO (SAEDLVT14_ADDF_V1_1)
                                                   0.02      1.58 f
  u_alu/DP_OP_23J1_122_7706/U6/CO (SAEDLVT14_ADDF_V1_1)
                                                   0.02      1.60 f
  u_alu/DP_OP_23J1_122_7706/U5/CO (SAEDLVT14_ADDF_V1_1)
                                                   0.02      1.62 f
  u_alu/DP_OP_23J1_122_7706/U4/S (SAEDLVT14_ADDF_V1_1)
                                                   0.03      1.65 r
  u_alu/U10/X (SAEDLVT14_AO21_U_0P5)               0.01      1.66 r
  u_alu/U8/X (SAEDLVT14_AOI21_0P75)                0.00      1.66 f
  u_alu/U6/X (SAEDLVT14_OAI21_0P5)                 0.01      1.67 r
  u_alu/result_reg[29]/D (SAEDLVT14_FDP_V2LP_0P5)
                                                   0.00      1.67 r
  data arrival time                                          1.67

  clock clk (rise edge)                            5.00      5.00
  clock network delay (ideal)                      0.00      5.00
  u_alu/result_reg[29]/CK (SAEDLVT14_FDP_V2LP_0P5)
                                                   0.00      5.00 r
  library setup time                              -0.01      4.99
  data required time                                         4.99
  ------------------------------------------------------------------------
  data required time                                         4.99
  data arrival time                                         -1.67
  ------------------------------------------------------------------------
  slack (MET)                                                3.32


1
