 
****************************************
Report : area
Design : adaptive_pg_top
Version: R-2020.09-SP5-5
Date   : Sun Jun 28 18:12:19 2026
****************************************

Library(s) Used:

    saed14lvt_tt0p8v25c (File: /usr/synopsys/saed/stdcell_lvt/db_nldm/saed14lvt_tt0p8v25c.db)

Number of ports:                          358
Number of nets:                          1555
Number of cells:                         1187
Number of combinational cells:           1101
Number of sequential cells:                80
Number of macros/black boxes:               0
Number of buf/inv:                        222
Number of references:                       8

Combinational area:                356.309996
Buf/Inv area:                       57.542400
Noncombinational area:              75.213599
Macro/Black Box area:                0.000000
Net Interconnect area:             644.747885

Total cell area:                   431.523595
Total area:                       1076.271480
1
