Warning: Design 'adaptive_pg_top' has '2' unresolved references. For more detailed information, use the "link" command. (UID-341)
 
****************************************
Report : area
Design : adaptive_pg_top
Version: R-2020.09-SP5-5
Date   : Sun Jun 28 18:22:21 2026
****************************************

Library(s) Used:

    saed14lvt_tt0p8v25c (File: /usr/synopsys/saed/stdcell_lvt/db_nldm/saed14lvt_tt0p8v25c.db)

Number of ports:                          358
Number of nets:                          1581
Number of cells:                         1205
Number of combinational cells:           1117
Number of sequential cells:                82
Number of macros/black boxes:               0
Number of buf/inv:                        268
Number of references:                       8

Combinational area:                366.788395
Buf/Inv area:                       82.850400
Noncombinational area:              75.968399
Macro/Black Box area:                0.000000
Net Interconnect area:             582.648887

Total cell area:                   442.756794
Total area:                       1025.405681

Information: This design contains black box (unknown) components. (RPT-8)
1
