Information: Propagating switching activity (high effort zero delay simulation). (PWR-6)
Warning: Design has unannotated primary inputs. (PWR-414)
Warning: Design has unannotated sequential cell outputs. (PWR-415)
 
****************************************
Report : power
        -analysis_effort high
Design : adaptive_pg_top
Version: R-2020.09-SP5-5
Date   : Sun Jun 28 18:17:29 2026
****************************************


Library(s) Used:

    saed14lvt_tt0p8v25c (File: /usr/synopsys/saed/stdcell_lvt/db_nldm/saed14lvt_tt0p8v25c.db)


Operating Conditions: tt0p8v25c   Library: saed14lvt_tt0p8v25c
Wire Load Model Mode: top

Design        Wire Load Model            Library
------------------------------------------------
adaptive_pg_top        8000              saed14lvt_tt0p8v25c


Global Operating Voltage = 0.8  
Power-specific unit information :
    Voltage Units = 1V
    Capacitance Units = 1.000000ff
    Time Units = 1ns
    Dynamic Power Units = 1uW    (derived from V,C,T units)
    Leakage Power Units = 1pW


  Cell Internal Power  =  40.3099 uW   (72%)
  Net Switching Power  =  15.3900 uW   (28%)
                         ---------
Total Dynamic Power    =  55.6999 uW  (100%)

Cell Leakage Power     =   1.2333 uW


                 Internal         Switching           Leakage            Total
Power Group      Power            Power               Power              Power   (   %    )  Attrs
--------------------------------------------------------------------------------------------------
io_pad             0.0000            0.0000            0.0000            0.0000  (   0.00%)
memory             0.0000            0.0000            0.0000            0.0000  (   0.00%)
black_box          0.0000            0.0000            0.0000            0.0000  (   0.00%)
clock_network      0.0000            0.0000            0.0000            0.0000  (   0.00%)
register          31.9163            0.6860        2.0984e+05           32.8121  (  57.64%)
sequential         0.0000            0.0000            0.0000            0.0000  (   0.00%)
combinational      8.3936           14.7040        1.0206e+06           24.1182  (  42.36%)
--------------------------------------------------------------------------------------------------
Total             40.3099 uW        15.3900 uW     1.2305e+06 pW        56.9303 uW
1
