Information: Updating design information... (UID-85)
 
****************************************
Report : timing
        -path full
        -delay max
        -max_paths 5
Design : adaptive_pg_top
Version: R-2020.09-SP5-5
Date   : Sun Jun 28 18:22:03 2026
****************************************

Operating Conditions: tt0p8v25c   Library: saed14lvt_tt0p8v25c
Wire Load Model Mode: top

  Startpoint: op[0] (input port clocked by clk)
  Endpoint: u_act_mon/clk_gate_idle_count_reg/latch
            (negative level-sensitive latch clocked by clk)
  Path Group: clk
  Path Type: max

  Des/Clust/Port     Wire Load Model       Library
  ------------------------------------------------
  adaptive_pg_top    8000                  saed14lvt_tt0p8v25c

  Point                                                   Incr       Path
  --------------------------------------------------------------------------
  clock clk (rise edge)                                   0.00       0.00
  clock network delay (ideal)                             0.00       0.00
  input external delay                                    1.00       1.00 f
  op[0] (in)                                              0.00       1.00 f
  u_alu/op[0] (alu_32bit)                                 0.00       1.00 f
  u_alu/U729/X (SAEDLVT14_AN3_0P5)                        0.02       1.02 f
  u_alu/U704/X (SAEDLVT14_INV_1)                          0.02       1.04 r
  u_alu/U692/X (SAEDLVT14_OAI21_0P5)                      0.02       1.06 f
  u_alu/U660/X (SAEDLVT14_INV_1)                          0.02       1.08 r
  u_alu/alu_active (alu_32bit)                            0.00       1.08 r
  u_act_mon/alu_active (activity_monitor_WINDOW_SIZE16_IDLE_MAX255)
                                                          0.00       1.08 r
  u_act_mon/U25/X (SAEDLVT14_AOI21_0P75)                  0.02       1.10 f
  u_act_mon/U23/X (SAEDLVT14_OR3_0P5)                     0.02       1.11 f
  u_act_mon/clk_gate_idle_count_reg/EN (SNPS_CLOCK_GATE_HIGH_activity_monitor_WINDOW_SIZE16_IDLE_MAX255)
                                                          0.00       1.11 f
  u_act_mon/clk_gate_idle_count_reg/latch/D (SAEDLVT14_LDNQ_U_0P5)
                                                          0.01       1.12 f
  data arrival time                                                  1.12

  clock clk (fall edge)                                   2.50       2.50
  clock network delay (ideal)                             0.00       2.50
  u_act_mon/clk_gate_idle_count_reg/latch/G (SAEDLVT14_LDNQ_U_0P5)
                                                          0.00       2.50 f
  time borrowed from endpoint                             0.00       2.50
  data required time                                                 2.50
  --------------------------------------------------------------------------
  data required time                                                 2.50
  data arrival time                                                 -1.12
  --------------------------------------------------------------------------
  slack (MET)                                                        1.38

  Time Borrowing Information
  --------------------------------------------------------------
  clk nominal pulse width                                 2.50   
  library setup time                                     -0.01   
  --------------------------------------------------------------
  max time borrow                                         2.49   
  actual time borrow                                      0.00   
  --------------------------------------------------------------


  Startpoint: op[0] (input port clocked by clk)
  Endpoint: u_alu/clk_gate_result_reg/latch
            (negative level-sensitive latch clocked by clk)
  Path Group: clk
  Path Type: max

  Des/Clust/Port     Wire Load Model       Library
  ------------------------------------------------
  adaptive_pg_top    8000                  saed14lvt_tt0p8v25c

  Point                                                   Incr       Path
  --------------------------------------------------------------------------
  clock clk (rise edge)                                   0.00       0.00
  clock network delay (ideal)                             0.00       0.00
  input external delay                                    1.00       1.00 f
  op[0] (in)                                              0.00       1.00 f
  u_alu/op[0] (alu_32bit)                                 0.00       1.00 f
  u_alu/U729/X (SAEDLVT14_AN3_0P5)                        0.02       1.02 f
  u_alu/U704/X (SAEDLVT14_INV_1)                          0.02       1.04 r
  u_alu/U692/X (SAEDLVT14_OAI21_0P5)                      0.02       1.06 f
  u_alu/U660/X (SAEDLVT14_INV_1)                          0.02       1.08 r
  u_alu/U517/X (SAEDLVT14_OR2_0P5)                        0.02       1.10 r
  u_alu/clk_gate_result_reg/EN (SNPS_CLOCK_GATE_HIGH_alu_32bit)
                                                          0.00       1.10 r
  u_alu/clk_gate_result_reg/latch/D (SAEDLVT14_LDNQ_U_0P5)
                                                          0.01       1.11 r
  data arrival time                                                  1.11

  clock clk (fall edge)                                   2.50       2.50
  clock network delay (ideal)                             0.00       2.50
  u_alu/clk_gate_result_reg/latch/G (SAEDLVT14_LDNQ_U_0P5)
                                                          0.00       2.50 f
  time borrowed from endpoint                             0.00       2.50
  data required time                                                 2.50
  --------------------------------------------------------------------------
  data required time                                                 2.50
  data arrival time                                                 -1.11
  --------------------------------------------------------------------------
  slack (MET)                                                        1.39

  Time Borrowing Information
  --------------------------------------------------------------
  clk nominal pulse width                                 2.50   
  library setup time                                     -0.01   
  --------------------------------------------------------------
  max time borrow                                         2.49   
  actual time borrow                                      0.00   
  --------------------------------------------------------------


  Startpoint: op[3] (input port clocked by clk)
  Endpoint: u_alu/result_reg[31]
            (rising edge-triggered flip-flop clocked by clk)
  Path Group: clk
  Path Type: max

  Des/Clust/Port     Wire Load Model       Library
  ------------------------------------------------
  adaptive_pg_top    8000                  saed14lvt_tt0p8v25c

  Point                                                   Incr       Path
  --------------------------------------------------------------------------
  clock clk (rise edge)                                   0.00       0.00
  clock network delay (ideal)                             0.00       0.00
  input external delay                                    1.00       1.00 f
  op[3] (in)                                              0.00       1.00 f
  u_alu/op[3] (alu_32bit)                                 0.00       1.00 f
  u_alu/U760/X (SAEDLVT14_OR2_0P5)                        0.02       1.02 f
  u_alu/U720/X (SAEDLVT14_OR2_0P5)                        0.02       1.03 f
  u_alu/U670/X (SAEDLVT14_NR2_MM_0P5)                     0.03       1.06 r
  u_alu/U632/X (SAEDLVT14_BUF_U_0P5)                      0.03       1.09 r
  u_alu/U528/X (SAEDLVT14_EO2_V1_0P75)                    0.03       1.13 r
  u_alu/DP_OP_23J1_122_7706/U33/CO (SAEDLVT14_ADDF_V1_1)
                                                          0.05       1.17 r
  u_alu/DP_OP_23J1_122_7706/U32/CO (SAEDLVT14_ADDF_V1_1)
                                                          0.04       1.22 r
  u_alu/DP_OP_23J1_122_7706/U31/CO (SAEDLVT14_ADDF_V1_1)
                                                          0.04       1.26 r
  u_alu/DP_OP_23J1_122_7706/U30/CO (SAEDLVT14_ADDF_V1_1)
                                                          0.04       1.30 r
  u_alu/DP_OP_23J1_122_7706/U29/CO (SAEDLVT14_ADDF_V1_1)
                                                          0.04       1.35 r
  u_alu/DP_OP_23J1_122_7706/U28/CO (SAEDLVT14_ADDF_V1_1)
                                                          0.04       1.39 r
  u_alu/DP_OP_23J1_122_7706/U27/CO (SAEDLVT14_ADDF_V1_1)
                                                          0.04       1.44 r
  u_alu/DP_OP_23J1_122_7706/U26/CO (SAEDLVT14_ADDF_V1_1)
                                                          0.04       1.48 r
  u_alu/DP_OP_23J1_122_7706/U25/CO (SAEDLVT14_ADDF_V1_1)
                                                          0.04       1.53 r
  u_alu/DP_OP_23J1_122_7706/U24/CO (SAEDLVT14_ADDF_V1_1)
                                                          0.04       1.57 r
  u_alu/DP_OP_23J1_122_7706/U23/CO (SAEDLVT14_ADDF_V1_1)
                                                          0.04       1.61 r
  u_alu/DP_OP_23J1_122_7706/U22/CO (SAEDLVT14_ADDF_V1_1)
                                                          0.04       1.66 r
  u_alu/DP_OP_23J1_122_7706/U21/CO (SAEDLVT14_ADDF_V1_1)
                                                          0.04       1.70 r
  u_alu/DP_OP_23J1_122_7706/U20/CO (SAEDLVT14_ADDF_V1_1)
                                                          0.04       1.75 r
  u_alu/DP_OP_23J1_122_7706/U19/CO (SAEDLVT14_ADDF_V1_1)
                                                          0.04       1.79 r
  u_alu/DP_OP_23J1_122_7706/U18/CO (SAEDLVT14_ADDF_V1_1)
                                                          0.04       1.84 r
  u_alu/DP_OP_23J1_122_7706/U17/CO (SAEDLVT14_ADDF_V1_1)
                                                          0.04       1.88 r
  u_alu/DP_OP_23J1_122_7706/U16/CO (SAEDLVT14_ADDF_V1_1)
                                                          0.04       1.93 r
  u_alu/DP_OP_23J1_122_7706/U15/CO (SAEDLVT14_ADDF_V1_1)
                                                          0.04       1.97 r
  u_alu/DP_OP_23J1_122_7706/U14/CO (SAEDLVT14_ADDF_V1_1)
                                                          0.04       2.01 r
  u_alu/DP_OP_23J1_122_7706/U13/CO (SAEDLVT14_ADDF_V1_1)
                                                          0.04       2.06 r
  u_alu/DP_OP_23J1_122_7706/U12/CO (SAEDLVT14_ADDF_V1_1)
                                                          0.04       2.10 r
  u_alu/DP_OP_23J1_122_7706/U11/CO (SAEDLVT14_ADDF_V1_1)
                                                          0.04       2.15 r
  u_alu/DP_OP_23J1_122_7706/U10/CO (SAEDLVT14_ADDF_V1_1)
                                                          0.04       2.19 r
  u_alu/DP_OP_23J1_122_7706/U9/CO (SAEDLVT14_ADDF_V1_1)
                                                          0.04       2.24 r
  u_alu/DP_OP_23J1_122_7706/U8/CO (SAEDLVT14_ADDF_V1_1)
                                                          0.04       2.28 r
  u_alu/DP_OP_23J1_122_7706/U7/CO (SAEDLVT14_ADDF_V1_1)
                                                          0.04       2.32 r
  u_alu/DP_OP_23J1_122_7706/U6/CO (SAEDLVT14_ADDF_V1_1)
                                                          0.04       2.37 r
  u_alu/DP_OP_23J1_122_7706/U5/CO (SAEDLVT14_ADDF_V1_1)
                                                          0.04       2.41 r
  u_alu/DP_OP_23J1_122_7706/U4/CO (SAEDLVT14_ADDF_V1_1)
                                                          0.04       2.46 r
  u_alu/DP_OP_23J1_122_7706/U3/CO (SAEDLVT14_ADDF_V1_1)
                                                          0.04       2.50 r
  u_alu/U9/X (SAEDLVT14_EO2_V1_0P75)                      0.02       2.52 f
  u_alu/U7/X (SAEDLVT14_AO21_U_0P5)                       0.02       2.54 f
  u_alu/U5/X (SAEDLVT14_AOI21_0P75)                       0.01       2.55 r
  u_alu/U4/X (SAEDLVT14_OAI21_0P5)                        0.01       2.56 f
  u_alu/result_reg[31]/D (SAEDLVT14_FDP_V2LP_0P5)         0.01       2.56 f
  data arrival time                                                  2.56

  clock clk (rise edge)                                   5.00       5.00
  clock network delay (ideal)                             0.00       5.00
  u_alu/result_reg[31]/CK (SAEDLVT14_FDP_V2LP_0P5)        0.00       5.00 r
  library setup time                                     -0.01       4.99
  data required time                                                 4.99
  --------------------------------------------------------------------------
  data required time                                                 4.99
  data arrival time                                                 -2.56
  --------------------------------------------------------------------------
  slack (MET)                                                        2.43


  Startpoint: op[3] (input port clocked by clk)
  Endpoint: u_alu/result_reg[30]
            (rising edge-triggered flip-flop clocked by clk)
  Path Group: clk
  Path Type: max

  Des/Clust/Port     Wire Load Model       Library
  ------------------------------------------------
  adaptive_pg_top    8000                  saed14lvt_tt0p8v25c

  Point                                                   Incr       Path
  --------------------------------------------------------------------------
  clock clk (rise edge)                                   0.00       0.00
  clock network delay (ideal)                             0.00       0.00
  input external delay                                    1.00       1.00 f
  op[3] (in)                                              0.00       1.00 f
  u_alu/op[3] (alu_32bit)                                 0.00       1.00 f
  u_alu/U760/X (SAEDLVT14_OR2_0P5)                        0.02       1.02 f
  u_alu/U720/X (SAEDLVT14_OR2_0P5)                        0.02       1.03 f
  u_alu/U670/X (SAEDLVT14_NR2_MM_0P5)                     0.03       1.06 r
  u_alu/U632/X (SAEDLVT14_BUF_U_0P5)                      0.03       1.09 r
  u_alu/U528/X (SAEDLVT14_EO2_V1_0P75)                    0.03       1.13 r
  u_alu/DP_OP_23J1_122_7706/U33/CO (SAEDLVT14_ADDF_V1_1)
                                                          0.05       1.17 r
  u_alu/DP_OP_23J1_122_7706/U32/CO (SAEDLVT14_ADDF_V1_1)
                                                          0.04       1.22 r
  u_alu/DP_OP_23J1_122_7706/U31/CO (SAEDLVT14_ADDF_V1_1)
                                                          0.04       1.26 r
  u_alu/DP_OP_23J1_122_7706/U30/CO (SAEDLVT14_ADDF_V1_1)
                                                          0.04       1.30 r
  u_alu/DP_OP_23J1_122_7706/U29/CO (SAEDLVT14_ADDF_V1_1)
                                                          0.04       1.35 r
  u_alu/DP_OP_23J1_122_7706/U28/CO (SAEDLVT14_ADDF_V1_1)
                                                          0.04       1.39 r
  u_alu/DP_OP_23J1_122_7706/U27/CO (SAEDLVT14_ADDF_V1_1)
                                                          0.04       1.44 r
  u_alu/DP_OP_23J1_122_7706/U26/CO (SAEDLVT14_ADDF_V1_1)
                                                          0.04       1.48 r
  u_alu/DP_OP_23J1_122_7706/U25/CO (SAEDLVT14_ADDF_V1_1)
                                                          0.04       1.53 r
  u_alu/DP_OP_23J1_122_7706/U24/CO (SAEDLVT14_ADDF_V1_1)
                                                          0.04       1.57 r
  u_alu/DP_OP_23J1_122_7706/U23/CO (SAEDLVT14_ADDF_V1_1)
                                                          0.04       1.61 r
  u_alu/DP_OP_23J1_122_7706/U22/CO (SAEDLVT14_ADDF_V1_1)
                                                          0.04       1.66 r
  u_alu/DP_OP_23J1_122_7706/U21/CO (SAEDLVT14_ADDF_V1_1)
                                                          0.04       1.70 r
  u_alu/DP_OP_23J1_122_7706/U20/CO (SAEDLVT14_ADDF_V1_1)
                                                          0.04       1.75 r
  u_alu/DP_OP_23J1_122_7706/U19/CO (SAEDLVT14_ADDF_V1_1)
                                                          0.04       1.79 r
  u_alu/DP_OP_23J1_122_7706/U18/CO (SAEDLVT14_ADDF_V1_1)
                                                          0.04       1.84 r
  u_alu/DP_OP_23J1_122_7706/U17/CO (SAEDLVT14_ADDF_V1_1)
                                                          0.04       1.88 r
  u_alu/DP_OP_23J1_122_7706/U16/CO (SAEDLVT14_ADDF_V1_1)
                                                          0.04       1.93 r
  u_alu/DP_OP_23J1_122_7706/U15/CO (SAEDLVT14_ADDF_V1_1)
                                                          0.04       1.97 r
  u_alu/DP_OP_23J1_122_7706/U14/CO (SAEDLVT14_ADDF_V1_1)
                                                          0.04       2.01 r
  u_alu/DP_OP_23J1_122_7706/U13/CO (SAEDLVT14_ADDF_V1_1)
                                                          0.04       2.06 r
  u_alu/DP_OP_23J1_122_7706/U12/CO (SAEDLVT14_ADDF_V1_1)
                                                          0.04       2.10 r
  u_alu/DP_OP_23J1_122_7706/U11/CO (SAEDLVT14_ADDF_V1_1)
                                                          0.04       2.15 r
  u_alu/DP_OP_23J1_122_7706/U10/CO (SAEDLVT14_ADDF_V1_1)
                                                          0.04       2.19 r
  u_alu/DP_OP_23J1_122_7706/U9/CO (SAEDLVT14_ADDF_V1_1)
                                                          0.04       2.24 r
  u_alu/DP_OP_23J1_122_7706/U8/CO (SAEDLVT14_ADDF_V1_1)
                                                          0.04       2.28 r
  u_alu/DP_OP_23J1_122_7706/U7/CO (SAEDLVT14_ADDF_V1_1)
                                                          0.04       2.32 r
  u_alu/DP_OP_23J1_122_7706/U6/CO (SAEDLVT14_ADDF_V1_1)
                                                          0.04       2.37 r
  u_alu/DP_OP_23J1_122_7706/U5/CO (SAEDLVT14_ADDF_V1_1)
                                                          0.04       2.41 r
  u_alu/DP_OP_23J1_122_7706/U4/CO (SAEDLVT14_ADDF_V1_1)
                                                          0.04       2.46 r
  u_alu/DP_OP_23J1_122_7706/U3/S (SAEDLVT14_ADDF_V1_1)
                                                          0.05       2.51 f
  u_alu/U828/X (SAEDLVT14_AO21_U_0P5)                     0.01       2.52 f
  u_alu/result_reg[30]/D (SAEDLVT14_FDP_V2LP_0P5)         0.01       2.53 f
  data arrival time                                                  2.53

  clock clk (rise edge)                                   5.00       5.00
  clock network delay (ideal)                             0.00       5.00
  u_alu/result_reg[30]/CK (SAEDLVT14_FDP_V2LP_0P5)        0.00       5.00 r
  library setup time                                     -0.01       4.99
  data required time                                                 4.99
  --------------------------------------------------------------------------
  data required time                                                 4.99
  data arrival time                                                 -2.53
  --------------------------------------------------------------------------
  slack (MET)                                                        2.47


  Startpoint: op[3] (input port clocked by clk)
  Endpoint: u_alu/result_reg[29]
            (rising edge-triggered flip-flop clocked by clk)
  Path Group: clk
  Path Type: max

  Des/Clust/Port     Wire Load Model       Library
  ------------------------------------------------
  adaptive_pg_top    8000                  saed14lvt_tt0p8v25c

  Point                                                   Incr       Path
  --------------------------------------------------------------------------
  clock clk (rise edge)                                   0.00       0.00
  clock network delay (ideal)                             0.00       0.00
  input external delay                                    1.00       1.00 f
  op[3] (in)                                              0.00       1.00 f
  u_alu/op[3] (alu_32bit)                                 0.00       1.00 f
  u_alu/U760/X (SAEDLVT14_OR2_0P5)                        0.02       1.02 f
  u_alu/U720/X (SAEDLVT14_OR2_0P5)                        0.02       1.03 f
  u_alu/U670/X (SAEDLVT14_NR2_MM_0P5)                     0.03       1.06 r
  u_alu/U632/X (SAEDLVT14_BUF_U_0P5)                      0.03       1.09 r
  u_alu/U528/X (SAEDLVT14_EO2_V1_0P75)                    0.03       1.13 r
  u_alu/DP_OP_23J1_122_7706/U33/CO (SAEDLVT14_ADDF_V1_1)
                                                          0.05       1.17 r
  u_alu/DP_OP_23J1_122_7706/U32/CO (SAEDLVT14_ADDF_V1_1)
                                                          0.04       1.22 r
  u_alu/DP_OP_23J1_122_7706/U31/CO (SAEDLVT14_ADDF_V1_1)
                                                          0.04       1.26 r
  u_alu/DP_OP_23J1_122_7706/U30/CO (SAEDLVT14_ADDF_V1_1)
                                                          0.04       1.30 r
  u_alu/DP_OP_23J1_122_7706/U29/CO (SAEDLVT14_ADDF_V1_1)
                                                          0.04       1.35 r
  u_alu/DP_OP_23J1_122_7706/U28/CO (SAEDLVT14_ADDF_V1_1)
                                                          0.04       1.39 r
  u_alu/DP_OP_23J1_122_7706/U27/CO (SAEDLVT14_ADDF_V1_1)
                                                          0.04       1.44 r
  u_alu/DP_OP_23J1_122_7706/U26/CO (SAEDLVT14_ADDF_V1_1)
                                                          0.04       1.48 r
  u_alu/DP_OP_23J1_122_7706/U25/CO (SAEDLVT14_ADDF_V1_1)
                                                          0.04       1.53 r
  u_alu/DP_OP_23J1_122_7706/U24/CO (SAEDLVT14_ADDF_V1_1)
                                                          0.04       1.57 r
  u_alu/DP_OP_23J1_122_7706/U23/CO (SAEDLVT14_ADDF_V1_1)
                                                          0.04       1.61 r
  u_alu/DP_OP_23J1_122_7706/U22/CO (SAEDLVT14_ADDF_V1_1)
                                                          0.04       1.66 r
  u_alu/DP_OP_23J1_122_7706/U21/CO (SAEDLVT14_ADDF_V1_1)
                                                          0.04       1.70 r
  u_alu/DP_OP_23J1_122_7706/U20/CO (SAEDLVT14_ADDF_V1_1)
                                                          0.04       1.75 r
  u_alu/DP_OP_23J1_122_7706/U19/CO (SAEDLVT14_ADDF_V1_1)
                                                          0.04       1.79 r
  u_alu/DP_OP_23J1_122_7706/U18/CO (SAEDLVT14_ADDF_V1_1)
                                                          0.04       1.84 r
  u_alu/DP_OP_23J1_122_7706/U17/CO (SAEDLVT14_ADDF_V1_1)
                                                          0.04       1.88 r
  u_alu/DP_OP_23J1_122_7706/U16/CO (SAEDLVT14_ADDF_V1_1)
                                                          0.04       1.93 r
  u_alu/DP_OP_23J1_122_7706/U15/CO (SAEDLVT14_ADDF_V1_1)
                                                          0.04       1.97 r
  u_alu/DP_OP_23J1_122_7706/U14/CO (SAEDLVT14_ADDF_V1_1)
                                                          0.04       2.01 r
  u_alu/DP_OP_23J1_122_7706/U13/CO (SAEDLVT14_ADDF_V1_1)
                                                          0.04       2.06 r
  u_alu/DP_OP_23J1_122_7706/U12/CO (SAEDLVT14_ADDF_V1_1)
                                                          0.04       2.10 r
  u_alu/DP_OP_23J1_122_7706/U11/CO (SAEDLVT14_ADDF_V1_1)
                                                          0.04       2.15 r
  u_alu/DP_OP_23J1_122_7706/U10/CO (SAEDLVT14_ADDF_V1_1)
                                                          0.04       2.19 r
  u_alu/DP_OP_23J1_122_7706/U9/CO (SAEDLVT14_ADDF_V1_1)
                                                          0.04       2.24 r
  u_alu/DP_OP_23J1_122_7706/U8/CO (SAEDLVT14_ADDF_V1_1)
                                                          0.04       2.28 r
  u_alu/DP_OP_23J1_122_7706/U7/CO (SAEDLVT14_ADDF_V1_1)
                                                          0.04       2.32 r
  u_alu/DP_OP_23J1_122_7706/U6/CO (SAEDLVT14_ADDF_V1_1)
                                                          0.04       2.37 r
  u_alu/DP_OP_23J1_122_7706/U5/CO (SAEDLVT14_ADDF_V1_1)
                                                          0.04       2.41 r
  u_alu/DP_OP_23J1_122_7706/U4/S (SAEDLVT14_ADDF_V1_1)
                                                          0.05       2.46 f
  u_alu/U10/X (SAEDLVT14_AO21_U_0P5)                      0.01       2.48 f
  u_alu/U8/X (SAEDLVT14_AOI21_0P75)                       0.01       2.49 r
  u_alu/U6/X (SAEDLVT14_OAI21_0P5)                        0.01       2.50 f
  u_alu/result_reg[29]/D (SAEDLVT14_FDP_V2LP_0P5)         0.01       2.51 f
  data arrival time                                                  2.51

  clock clk (rise edge)                                   5.00       5.00
  clock network delay (ideal)                             0.00       5.00
  u_alu/result_reg[29]/CK (SAEDLVT14_FDP_V2LP_0P5)        0.00       5.00 r
  library setup time                                     -0.01       4.99
  data required time                                                 4.99
  --------------------------------------------------------------------------
  data required time                                                 4.99
  data arrival time                                                 -2.51
  --------------------------------------------------------------------------
  slack (MET)                                                        2.49


1
